#-----------------------------------------------------------
# xsim v2024.2 (64-bit)
# SW Build 5239630 on Fri Nov 08 22:35:27 MST 2024
# IP Build 5239520 on Sun Nov 10 16:12:51 MST 2024
# SharedData Build 5239561 on Fri Nov 08 14:39:27 MST 2024
# Start of session at: Tue Oct  6 21:22:57 2026
# Process ID         : 17760
# Current directory  : F:/advance_topic/UTE-PAPER/Experiment_G/payload_scaling/runs/RV32IMB
# Command line       : xsim.exe -log 16b_cfb128_r3.log -mode tcl -source {xsim.dir/snap_scale_rv32imb_16b_cfb128/xsim_script.tcl}
# Log file           : F:/advance_topic/UTE-PAPER/Experiment_G/payload_scaling/runs/RV32IMB/16b_cfb128_r3.log
# Journal file       : F:/advance_topic/UTE-PAPER/Experiment_G/payload_scaling/runs/RV32IMB\xsim.jou
# Running On         : thanhtruong
# Platform           : Windows Server 2016 or Windows 10
# Operating System   : 26200
# Processor Detail   : AMD Ryzen 5 5600H with Radeon Graphics         
# CPU Frequency      : 3294 MHz
# CPU Physical cores : 6
# CPU Logical cores  : 12
# Host memory        : 16487 MB
# Swap memory        : 11811 MB
# Total Virtual      : 28299 MB
# Available Virtual  : 15361 MB
#-----------------------------------------------------------
source xsim.dir/snap_scale_rv32imb_16b_cfb128/xsim_script.tcl
# xsim {snap_scale_rv32imb_16b_cfb128} -testplusarg REPEAT=3 -autoloadwcfg -runall
Time resolution is 1 ps
run -all
[EXP_G] CORE=RV32IMB MODE=CFB128 REPEAT=3 PAYLOAD_BYTES=16 BLOCKS=1
[EXP_G] START=25 STOP=10186 RAW_CYCLES=10161 CYCLES_PER_BLOCK=10161.000000
[EXP_G] RETIRED=8471 CPI=1.199504 ALU=4824 LOAD=1504 STORE=1210 BRANCH=883 JUMP=50 M=0 B=0
[EXP_G] TAKEN_BRANCH=709 BRANCH_PENALTY_CYCLES=1418
[EXP_G] TOTAL_STALLS=1689 CONTROL_STALLS=1518 LOAD_USE_STALLS=171 MEMORY_STALLS=0 OTHER_STALLS=0
[EXP_G] COUNTER_ERRORS=0 COUNTER_CHECK=PASS
[EXP_G] FW_ERRORS=0 TB_ERRORS=0 STATUS=50415353 RESULT=PASS
[EXP_G] BLOCKS_CHECKED=1 BYTES_CHECKED=16
[EXP_G_BLOCK] BLOCK=1 OBSERVED=3b3fd92eb72dad20333449f8e83cfb4a EXPECTED=3b3fd92eb72dad20333449f8e83cfb4a
$finish called at time : 263087500 ps : File "F:/advance_topic/UTE-PAPER/Experiment_G/payload_scaling/generated/RV32IMB/tb_expG_scale_rv32imb_16b_cfb128.v" Line 261
exit
INFO: [Common 17-206] Exiting xsim at Tue Oct  6 21:22:59 2026...
