#-----------------------------------------------------------
# xsim v2024.2 (64-bit)
# SW Build 5239630 on Fri Nov 08 22:35:27 MST 2024
# IP Build 5239520 on Sun Nov 10 16:12:51 MST 2024
# SharedData Build 5239561 on Fri Nov 08 14:39:27 MST 2024
# Start of session at: Sat Oct 10 10:11:47 2026
# Process ID         : 21104
# Current directory  : F:/advance_topic/UTE-PAPER/Experiment_G/payload_scaling/runs/RV32IMB
# Command line       : xsim.exe -log 256b_ctr_r3.log -mode tcl -source {xsim.dir/snap_scale_rv32imb_256b_ctr/xsim_script.tcl}
# Log file           : F:/advance_topic/UTE-PAPER/Experiment_G/payload_scaling/runs/RV32IMB/256b_ctr_r3.log
# Journal file       : F:/advance_topic/UTE-PAPER/Experiment_G/payload_scaling/runs/RV32IMB\xsim.jou
# Running On         : thanhtruong
# Platform           : Windows Server 2016 or Windows 10
# Operating System   : 26200
# Processor Detail   : AMD Ryzen 5 5600H with Radeon Graphics         
# CPU Frequency      : 3294 MHz
# CPU Physical cores : 6
# CPU Logical cores  : 12
# Host memory        : 16487 MB
# Swap memory        : 12348 MB
# Total Virtual      : 28835 MB
# Available Virtual  : 12582 MB
#-----------------------------------------------------------
source xsim.dir/snap_scale_rv32imb_256b_ctr/xsim_script.tcl
# xsim {snap_scale_rv32imb_256b_ctr} -testplusarg REPEAT=3 -autoloadwcfg -runall
Time resolution is 1 ps
run -all
============================================================
[SOFTWARE_AES_SUMMARY] CORE=RV32IMB MODE=CTR PAYLOAD_BYTES=256 BLOCKS=16
[SOFTWARE_AES_SUMMARY] MEASURE_WINDOW=START_MARKER_TO_STOP_MARKER START_CYCLE=25 STOP_CYCLE=126639
[SOFTWARE_AES_SUMMARY] TOTAL_CYCLES=126614 CYCLES_PER_BLOCK=7913.375000 RETIRED=102281 CPI=1.237903
============================================================
[EXP_G] CORE=RV32IMB MODE=CTR REPEAT=3 PAYLOAD_BYTES=256 BLOCKS=16
[EXP_G] START=25 STOP=126639 RAW_CYCLES=126614 CYCLES_PER_BLOCK=7913.375000
[EXP_G] RETIRED=102281 CPI=1.237903 ALU=55087 LOAD=19977 STORE=14475 BRANCH=12376 JUMP=366 M=0 B=0
[EXP_G] TAKEN_BRANCH=10431 BRANCH_PENALTY_CYCLES=20862
[EXP_G] TOTAL_STALLS=24332 CONTROL_STALLS=21594 LOAD_USE_STALLS=2738 MEMORY_STALLS=0 OTHER_STALLS=0
[EXP_G] COUNTER_ERRORS=0 COUNTER_CHECK=PASS
[EXP_G] FW_ERRORS=0 TB_ERRORS=0 STATUS=50415353 RESULT=PASS
[EXP_G] BLOCKS_CHECKED=16 BYTES_CHECKED=256
[EXP_G_BLOCK] BLOCK=1 OBSERVED=874d6191b620e3261bef6864990db6ce EXPECTED=874d6191b620e3261bef6864990db6ce
[EXP_G_BLOCK] BLOCK=2 OBSERVED=9806f66b7970fdff8617187bb9fffdff EXPECTED=9806f66b7970fdff8617187bb9fffdff
[EXP_G_BLOCK] BLOCK=3 OBSERVED=5ae4df3edbd5d35e5b4f09020db03eab EXPECTED=5ae4df3edbd5d35e5b4f09020db03eab
[EXP_G_BLOCK] BLOCK=4 OBSERVED=1e031dda2fbe03d1792170a0f3009cee EXPECTED=1e031dda2fbe03d1792170a0f3009cee
[EXP_G_BLOCK] BLOCK=5 OBSERVED=dacdf81b3bcb0f9918544f87e2d9b329 EXPECTED=dacdf81b3bcb0f9918544f87e2d9b329
[EXP_G_BLOCK] BLOCK=6 OBSERVED=f7b5cf0c52e3ac688c7cbf353927664b EXPECTED=f7b5cf0c52e3ac688c7cbf353927664b
[EXP_G_BLOCK] BLOCK=7 OBSERVED=0a10b13eeb83cee981936c2058f321ac EXPECTED=0a10b13eeb83cee981936c2058f321ac
[EXP_G_BLOCK] BLOCK=8 OBSERVED=8a04ebc4998dc91fb970f8d217e8a1a0 EXPECTED=8a04ebc4998dc91fb970f8d217e8a1a0
[EXP_G_BLOCK] BLOCK=9 OBSERVED=de5f05c66cacd5037e904a065b22e313 EXPECTED=de5f05c66cacd5037e904a065b22e313
[EXP_G_BLOCK] BLOCK=10 OBSERVED=d66de72391b84b768000a5e030e0417e EXPECTED=d66de72391b84b768000a5e030e0417e
[EXP_G_BLOCK] BLOCK=11 OBSERVED=9f6a53a3897365cdbf97179e129bdff8 EXPECTED=9f6a53a3897365cdbf97179e129bdff8
[EXP_G_BLOCK] BLOCK=12 OBSERVED=b9bf97a60ffcb1815588bcdf30e25521 EXPECTED=b9bf97a60ffcb1815588bcdf30e25521
[EXP_G_BLOCK] BLOCK=13 OBSERVED=6d18231ee4a1e2729cc9e0c4c69e8cd8 EXPECTED=6d18231ee4a1e2729cc9e0c4c69e8cd8
[EXP_G_BLOCK] BLOCK=14 OBSERVED=330f47ce7265848c9f7fcd5963d59aa4 EXPECTED=330f47ce7265848c9f7fcd5963d59aa4
[EXP_G_BLOCK] BLOCK=15 OBSERVED=d7dd4ba35b1fc9a5f48908edf2104f3f EXPECTED=d7dd4ba35b1fc9a5f48908edf2104f3f
[EXP_G_BLOCK] BLOCK=16 OBSERVED=d8025908589dea53c6d0dc4ae4d2176a EXPECTED=d8025908589dea53c6d0dc4ae4d2176a
$finish called at time : 3288412500 ps : File "F:/advance_topic/UTE-PAPER/Experiment_G/payload_scaling/generated/RV32IMB/tb_expG_scale_rv32imb_256b_ctr.v" Line 266
exit
INFO: [Common 17-206] Exiting xsim at Sat Oct 10 10:11:50 2026...
