#-----------------------------------------------------------
# xsim v2024.2 (64-bit)
# SW Build 5239630 on Fri Nov 08 22:35:27 MST 2024
# IP Build 5239520 on Sun Nov 10 16:12:51 MST 2024
# SharedData Build 5239561 on Fri Nov 08 14:39:27 MST 2024
# Start of session at: Sat Oct 10 10:11:05 2026
# Process ID         : 21400
# Current directory  : F:/advance_topic/UTE-PAPER/Experiment_G/payload_scaling/runs/RV32IMB
# Command line       : xsim.exe -log 256b_cbc_r1.log -mode tcl -source {xsim.dir/snap_scale_rv32imb_256b_cbc/xsim_script.tcl}
# Log file           : F:/advance_topic/UTE-PAPER/Experiment_G/payload_scaling/runs/RV32IMB/256b_cbc_r1.log
# Journal file       : F:/advance_topic/UTE-PAPER/Experiment_G/payload_scaling/runs/RV32IMB\xsim.jou
# Running On         : thanhtruong
# Platform           : Windows Server 2016 or Windows 10
# Operating System   : 26200
# Processor Detail   : AMD Ryzen 5 5600H with Radeon Graphics         
# CPU Frequency      : 3294 MHz
# CPU Physical cores : 6
# CPU Logical cores  : 12
# Host memory        : 16487 MB
# Swap memory        : 12348 MB
# Total Virtual      : 28835 MB
# Available Virtual  : 13835 MB
#-----------------------------------------------------------
source xsim.dir/snap_scale_rv32imb_256b_cbc/xsim_script.tcl
# xsim {snap_scale_rv32imb_256b_cbc} -testplusarg REPEAT=1 -autoloadwcfg -runall
Time resolution is 1 ps
run -all
============================================================
[SOFTWARE_AES_SUMMARY] CORE=RV32IMB MODE=CBC PAYLOAD_BYTES=256 BLOCKS=16
[SOFTWARE_AES_SUMMARY] MEASURE_WINDOW=START_MARKER_TO_STOP_MARKER START_CYCLE=25 STOP_CYCLE=127531
[SOFTWARE_AES_SUMMARY] TOTAL_CYCLES=127506 CYCLES_PER_BLOCK=7969.125000 RETIRED=102756 CPI=1.240862
============================================================
[EXP_G] CORE=RV32IMB MODE=CBC REPEAT=1 PAYLOAD_BYTES=256 BLOCKS=16
[EXP_G] START=25 STOP=127531 RAW_CYCLES=127506 CYCLES_PER_BLOCK=7969.125000
[EXP_G] RETIRED=102756 CPI=1.240862 ALU=55007 LOAD=20136 STORE=14649 BRANCH=12614 JUMP=350 M=0 B=0
[EXP_G] TAKEN_BRANCH=10664 BRANCH_PENALTY_CYCLES=21328
[EXP_G] TOTAL_STALLS=24749 CONTROL_STALLS=22028 LOAD_USE_STALLS=2721 MEMORY_STALLS=0 OTHER_STALLS=0
[EXP_G] COUNTER_ERRORS=0 COUNTER_CHECK=PASS
[EXP_G] FW_ERRORS=0 TB_ERRORS=0 STATUS=50415353 RESULT=PASS
[EXP_G] BLOCKS_CHECKED=16 BYTES_CHECKED=256
[EXP_G_BLOCK] BLOCK=1 OBSERVED=7649abac8119b246cee98e9b12e9197d EXPECTED=7649abac8119b246cee98e9b12e9197d
[EXP_G_BLOCK] BLOCK=2 OBSERVED=5086cb9b507219ee95db113a917678b2 EXPECTED=5086cb9b507219ee95db113a917678b2
[EXP_G_BLOCK] BLOCK=3 OBSERVED=73bed6b8e3c1743b7116e69e22229516 EXPECTED=73bed6b8e3c1743b7116e69e22229516
[EXP_G_BLOCK] BLOCK=4 OBSERVED=3ff1caa1681fac09120eca307586e1a7 EXPECTED=3ff1caa1681fac09120eca307586e1a7
[EXP_G_BLOCK] BLOCK=5 OBSERVED=ec20776faf25a4b354846a50ff7ab16b EXPECTED=ec20776faf25a4b354846a50ff7ab16b
[EXP_G_BLOCK] BLOCK=6 OBSERVED=7445d201e08d61ac1f38ef8e8216ebfb EXPECTED=7445d201e08d61ac1f38ef8e8216ebfb
[EXP_G_BLOCK] BLOCK=7 OBSERVED=a79032c1817388e90ca43c71e24941a5 EXPECTED=a79032c1817388e90ca43c71e24941a5
[EXP_G_BLOCK] BLOCK=8 OBSERVED=05d6b4a12f955a0545d6fa84f4c97060 EXPECTED=05d6b4a12f955a0545d6fa84f4c97060
[EXP_G_BLOCK] BLOCK=9 OBSERVED=8783e968b1e3dcd971378c627736c312 EXPECTED=8783e968b1e3dcd971378c627736c312
[EXP_G_BLOCK] BLOCK=10 OBSERVED=de1ea44645649dcbed618c61d8094b8e EXPECTED=de1ea44645649dcbed618c61d8094b8e
[EXP_G_BLOCK] BLOCK=11 OBSERVED=aea26262f9a72fc977343db5c0e17774 EXPECTED=aea26262f9a72fc977343db5c0e17774
[EXP_G_BLOCK] BLOCK=12 OBSERVED=dee3915fae737cccc0c732e333588450 EXPECTED=dee3915fae737cccc0c732e333588450
[EXP_G_BLOCK] BLOCK=13 OBSERVED=7450362c4fb10fc0c12a3d71dfb4c885 EXPECTED=7450362c4fb10fc0c12a3d71dfb4c885
[EXP_G_BLOCK] BLOCK=14 OBSERVED=8acdf24f93b0a7e8e43a5fa6e57c4b94 EXPECTED=8acdf24f93b0a7e8e43a5fa6e57c4b94
[EXP_G_BLOCK] BLOCK=15 OBSERVED=cff125b04efdd54ddfded7067d32c78b EXPECTED=cff125b04efdd54ddfded7067d32c78b
[EXP_G_BLOCK] BLOCK=16 OBSERVED=282388a4523723fbd751ec268dd28843 EXPECTED=282388a4523723fbd751ec268dd28843
$finish called at time : 3310712500 ps : File "F:/advance_topic/UTE-PAPER/Experiment_G/payload_scaling/generated/RV32IMB/tb_expG_scale_rv32imb_256b_cbc.v" Line 266
exit
INFO: [Common 17-206] Exiting xsim at Sat Oct 10 10:11:07 2026...
