#-----------------------------------------------------------
# xsim v2024.2 (64-bit)
# SW Build 5239630 on Fri Nov 08 22:35:27 MST 2024
# IP Build 5239520 on Sun Nov 10 16:12:51 MST 2024
# SharedData Build 5239561 on Fri Nov 08 14:39:27 MST 2024
# Start of session at: Sat Oct 10 10:10:57 2026
# Process ID         : 16356
# Current directory  : F:/advance_topic/UTE-PAPER/Experiment_G/payload_scaling/runs/RV32IMB
# Command line       : xsim.exe -log 256b_ecb_r3.log -mode tcl -source {xsim.dir/snap_scale_rv32imb_256b_ecb/xsim_script.tcl}
# Log file           : F:/advance_topic/UTE-PAPER/Experiment_G/payload_scaling/runs/RV32IMB/256b_ecb_r3.log
# Journal file       : F:/advance_topic/UTE-PAPER/Experiment_G/payload_scaling/runs/RV32IMB\xsim.jou
# Running On         : thanhtruong
# Platform           : Windows Server 2016 or Windows 10
# Operating System   : 26200
# Processor Detail   : AMD Ryzen 5 5600H with Radeon Graphics         
# CPU Frequency      : 3294 MHz
# CPU Physical cores : 6
# CPU Logical cores  : 12
# Host memory        : 16487 MB
# Swap memory        : 12348 MB
# Total Virtual      : 28835 MB
# Available Virtual  : 13848 MB
#-----------------------------------------------------------
source xsim.dir/snap_scale_rv32imb_256b_ecb/xsim_script.tcl
# xsim {snap_scale_rv32imb_256b_ecb} -testplusarg REPEAT=3 -autoloadwcfg -runall
Time resolution is 1 ps
run -all
============================================================
[SOFTWARE_AES_SUMMARY] CORE=RV32IMB MODE=ECB PAYLOAD_BYTES=256 BLOCKS=16
[SOFTWARE_AES_SUMMARY] MEASURE_WINDOW=START_MARKER_TO_STOP_MARKER START_CYCLE=25 STOP_CYCLE=123317
[SOFTWARE_AES_SUMMARY] TOTAL_CYCLES=123292 CYCLES_PER_BLOCK=7705.750000 RETIRED=99540 CPI=1.238618
============================================================
[EXP_G] CORE=RV32IMB MODE=ECB REPEAT=3 PAYLOAD_BYTES=256 BLOCKS=16
[EXP_G] START=25 STOP=123317 RAW_CYCLES=123292 CYCLES_PER_BLOCK=7705.750000
[EXP_G] RETIRED=99540 CPI=1.238618 ALU=53631 LOAD=19352 STORE=14121 BRANCH=12086 JUMP=350 M=0 B=0
[EXP_G] TAKEN_BRANCH=10165 BRANCH_PENALTY_CYCLES=20330
[EXP_G] TOTAL_STALLS=23751 CONTROL_STALLS=21030 LOAD_USE_STALLS=2721 MEMORY_STALLS=0 OTHER_STALLS=0
[EXP_G] COUNTER_ERRORS=0 COUNTER_CHECK=PASS
[EXP_G] FW_ERRORS=0 TB_ERRORS=0 STATUS=50415353 RESULT=PASS
[EXP_G] BLOCKS_CHECKED=16 BYTES_CHECKED=256
[EXP_G_BLOCK] BLOCK=1 OBSERVED=3ad77bb40d7a3660a89ecaf32466ef97 EXPECTED=3ad77bb40d7a3660a89ecaf32466ef97
[EXP_G_BLOCK] BLOCK=2 OBSERVED=f5d3d58503b9699de785895a96fdbaaf EXPECTED=f5d3d58503b9699de785895a96fdbaaf
[EXP_G_BLOCK] BLOCK=3 OBSERVED=43b1cd7f598ece23881b00e3ed030688 EXPECTED=43b1cd7f598ece23881b00e3ed030688
[EXP_G_BLOCK] BLOCK=4 OBSERVED=7b0c785e27e8ad3f8223207104725dd4 EXPECTED=7b0c785e27e8ad3f8223207104725dd4
[EXP_G_BLOCK] BLOCK=5 OBSERVED=f40e92b9641b6bc759347b32daf10c94 EXPECTED=f40e92b9641b6bc759347b32daf10c94
[EXP_G_BLOCK] BLOCK=6 OBSERVED=1c97ce1c4a618bea6e012b6b180210ae EXPECTED=1c97ce1c4a618bea6e012b6b180210ae
[EXP_G_BLOCK] BLOCK=7 OBSERVED=d2db6906c129327bd2750d750dcd7f1c EXPECTED=d2db6906c129327bd2750d750dcd7f1c
[EXP_G_BLOCK] BLOCK=8 OBSERVED=267db2c61ab7ce6be3171129e1873950 EXPECTED=267db2c61ab7ce6be3171129e1873950
[EXP_G_BLOCK] BLOCK=9 OBSERVED=3209c66335328e2cb31f9e3475d553ec EXPECTED=3209c66335328e2cb31f9e3475d553ec
[EXP_G_BLOCK] BLOCK=10 OBSERVED=97c3efe9c703aa5ca4190d88ee13dd8c EXPECTED=97c3efe9c703aa5ca4190d88ee13dd8c
[EXP_G_BLOCK] BLOCK=11 OBSERVED=bd9c48cc2bfe66c707e323bc75bbfcb1 EXPECTED=bd9c48cc2bfe66c707e323bc75bbfcb1
[EXP_G_BLOCK] BLOCK=12 OBSERVED=ea4abb83c2268f114c6698f3d1cdcbfe EXPECTED=ea4abb83c2268f114c6698f3d1cdcbfe
[EXP_G_BLOCK] BLOCK=13 OBSERVED=76827fc108ad1a550fae9155c0eca2a9 EXPECTED=76827fc108ad1a550fae9155c0eca2a9
[EXP_G_BLOCK] BLOCK=14 OBSERVED=6974170b264ae74f4882d30ec5e703ed EXPECTED=6974170b264ae74f4882d30ec5e703ed
[EXP_G_BLOCK] BLOCK=15 OBSERVED=d949e5ce4701c9e388a056d1809f35a7 EXPECTED=d949e5ce4701c9e388a056d1809f35a7
[EXP_G_BLOCK] BLOCK=16 OBSERVED=08c5720f2bde6c54430e4f2088a8d7f4 EXPECTED=08c5720f2bde6c54430e4f2088a8d7f4
$finish called at time : 3205362500 ps : File "F:/advance_topic/UTE-PAPER/Experiment_G/payload_scaling/generated/RV32IMB/tb_expG_scale_rv32imb_256b_ecb.v" Line 266
exit
INFO: [Common 17-206] Exiting xsim at Sat Oct 10 10:11:00 2026...
