#-----------------------------------------------------------
# xsim v2024.2 (64-bit)
# SW Build 5239630 on Fri Nov 08 22:35:27 MST 2024
# IP Build 5239520 on Sun Nov 10 16:12:51 MST 2024
# SharedData Build 5239561 on Fri Nov 08 14:39:27 MST 2024
# Start of session at: Sat Oct 10 10:15:42 2026
# Process ID         : 7524
# Current directory  : F:/advance_topic/UTE-PAPER/Experiment_G/payload_scaling/runs/RV32IMB
# Command line       : xsim.exe -log 4kib_ctr_r3.log -mode tcl -source {xsim.dir/snap_scale_rv32imb_4kib_ctr/xsim_script.tcl}
# Log file           : F:/advance_topic/UTE-PAPER/Experiment_G/payload_scaling/runs/RV32IMB/4kib_ctr_r3.log
# Journal file       : F:/advance_topic/UTE-PAPER/Experiment_G/payload_scaling/runs/RV32IMB\xsim.jou
# Running On         : thanhtruong
# Platform           : Windows Server 2016 or Windows 10
# Operating System   : 26200
# Processor Detail   : AMD Ryzen 5 5600H with Radeon Graphics         
# CPU Frequency      : 3294 MHz
# CPU Physical cores : 6
# CPU Logical cores  : 12
# Host memory        : 16487 MB
# Swap memory        : 12348 MB
# Total Virtual      : 28835 MB
# Available Virtual  : 13663 MB
#-----------------------------------------------------------
source xsim.dir/snap_scale_rv32imb_4kib_ctr/xsim_script.tcl
# xsim {snap_scale_rv32imb_4kib_ctr} -testplusarg REPEAT=3 -autoloadwcfg -runall
Time resolution is 1 ps
run -all
============================================================
[SOFTWARE_AES_SUMMARY] CORE=RV32IMB MODE=CTR PAYLOAD_BYTES=4096 BLOCKS=256
[SOFTWARE_AES_SUMMARY] MEASURE_WINDOW=START_MARKER_TO_STOP_MARKER START_CYCLE=25 STOP_CYCLE=1989261
[SOFTWARE_AES_SUMMARY] TOTAL_CYCLES=1989236 CYCLES_PER_BLOCK=7770.453125 RETIRED=1601700 CPI=1.241953
============================================================
[EXP_G] CORE=RV32IMB MODE=CTR REPEAT=3 PAYLOAD_BYTES=4096 BLOCKS=256
[EXP_G] START=25 STOP=1989261 RAW_CYCLES=1989236 CYCLES_PER_BLOCK=7770.453125
[EXP_G] RETIRED=1601700 CPI=1.241953 ALU=855808 LOAD=317155 STORE=226875 BRANCH=196456 JUMP=5406 M=0 B=0
[EXP_G] TAKEN_BRANCH=166473 BRANCH_PENALTY_CYCLES=332946
[EXP_G] TOTAL_STALLS=387535 CONTROL_STALLS=343758 LOAD_USE_STALLS=43777 MEMORY_STALLS=0 OTHER_STALLS=0
[EXP_G] COUNTER_ERRORS=0 COUNTER_CHECK=PASS
[EXP_G] FW_ERRORS=0 TB_ERRORS=0 STATUS=50415353 RESULT=PASS
[EXP_G] BLOCKS_CHECKED=256 BYTES_CHECKED=4096
[EXP_G_BLOCK] BLOCK=1 OBSERVED=874d6191b620e3261bef6864990db6ce EXPECTED=874d6191b620e3261bef6864990db6ce
[EXP_G_BLOCK] BLOCK=2 OBSERVED=9806f66b7970fdff8617187bb9fffdff EXPECTED=9806f66b7970fdff8617187bb9fffdff
[EXP_G_BLOCK] BLOCK=3 OBSERVED=5ae4df3edbd5d35e5b4f09020db03eab EXPECTED=5ae4df3edbd5d35e5b4f09020db03eab
[EXP_G_BLOCK] BLOCK=4 OBSERVED=1e031dda2fbe03d1792170a0f3009cee EXPECTED=1e031dda2fbe03d1792170a0f3009cee
[EXP_G_BLOCK] BLOCK=5 OBSERVED=dacdf81b3bcb0f9918544f87e2d9b329 EXPECTED=dacdf81b3bcb0f9918544f87e2d9b329
[EXP_G_BLOCK] BLOCK=6 OBSERVED=f7b5cf0c52e3ac688c7cbf353927664b EXPECTED=f7b5cf0c52e3ac688c7cbf353927664b
[EXP_G_BLOCK] BLOCK=7 OBSERVED=0a10b13eeb83cee981936c2058f321ac EXPECTED=0a10b13eeb83cee981936c2058f321ac
[EXP_G_BLOCK] BLOCK=8 OBSERVED=8a04ebc4998dc91fb970f8d217e8a1a0 EXPECTED=8a04ebc4998dc91fb970f8d217e8a1a0
[EXP_G_BLOCK] BLOCK=9 OBSERVED=de5f05c66cacd5037e904a065b22e313 EXPECTED=de5f05c66cacd5037e904a065b22e313
[EXP_G_BLOCK] BLOCK=10 OBSERVED=d66de72391b84b768000a5e030e0417e EXPECTED=d66de72391b84b768000a5e030e0417e
[EXP_G_BLOCK] BLOCK=11 OBSERVED=9f6a53a3897365cdbf97179e129bdff8 EXPECTED=9f6a53a3897365cdbf97179e129bdff8
[EXP_G_BLOCK] BLOCK=12 OBSERVED=b9bf97a60ffcb1815588bcdf30e25521 EXPECTED=b9bf97a60ffcb1815588bcdf30e25521
[EXP_G_BLOCK] BLOCK=13 OBSERVED=6d18231ee4a1e2729cc9e0c4c69e8cd8 EXPECTED=6d18231ee4a1e2729cc9e0c4c69e8cd8
[EXP_G_BLOCK] BLOCK=14 OBSERVED=330f47ce7265848c9f7fcd5963d59aa4 EXPECTED=330f47ce7265848c9f7fcd5963d59aa4
[EXP_G_BLOCK] BLOCK=15 OBSERVED=d7dd4ba35b1fc9a5f48908edf2104f3f EXPECTED=d7dd4ba35b1fc9a5f48908edf2104f3f
[EXP_G_BLOCK] BLOCK=16 OBSERVED=d8025908589dea53c6d0dc4ae4d2176a EXPECTED=d8025908589dea53c6d0dc4ae4d2176a
[EXP_G_BLOCK] BLOCK=17 OBSERVED=038b56d56c593b71bb6369065df3372f EXPECTED=038b56d56c593b71bb6369065df3372f
[EXP_G_BLOCK] BLOCK=18 OBSERVED=839296887f370832b895a21c036a346e EXPECTED=839296887f370832b895a21c036a346e
[EXP_G_BLOCK] BLOCK=19 OBSERVED=b82b531970e4c3b114160a8ed3b97c33 EXPECTED=b82b531970e4c3b114160a8ed3b97c33
[EXP_G_BLOCK] BLOCK=20 OBSERVED=928a4f323ba63458b2f0d359f56d9c25 EXPECTED=928a4f323ba63458b2f0d359f56d9c25
[EXP_G_BLOCK] BLOCK=21 OBSERVED=5db3ea50492e6a260f8c0b366db97dc9 EXPECTED=5db3ea50492e6a260f8c0b366db97dc9
[EXP_G_BLOCK] BLOCK=22 OBSERVED=7b906b3ec98cd9e440b709ee5ef7338e EXPECTED=7b906b3ec98cd9e440b709ee5ef7338e
[EXP_G_BLOCK] BLOCK=23 OBSERVED=e6f06c4ac31d22a6f3b8d1689678cadb EXPECTED=e6f06c4ac31d22a6f3b8d1689678cadb
[EXP_G_BLOCK] BLOCK=24 OBSERVED=579f3c3eb37617a303010fc495f2fc7c EXPECTED=579f3c3eb37617a303010fc495f2fc7c
[EXP_G_BLOCK] BLOCK=25 OBSERVED=a658d6b289c381c329649e850656e33b EXPECTED=a658d6b289c381c329649e850656e33b
[EXP_G_BLOCK] BLOCK=26 OBSERVED=3f919742d2015fac4a7fde345b34bda1 EXPECTED=3f919742d2015fac4a7fde345b34bda1
[EXP_G_BLOCK] BLOCK=27 OBSERVED=4d446aaaa7355330d1909fb9bfb211b3 EXPECTED=4d446aaaa7355330d1909fb9bfb211b3
[EXP_G_BLOCK] BLOCK=28 OBSERVED=aac1a7759524e54492623283b4222073 EXPECTED=aac1a7759524e54492623283b4222073
[EXP_G_BLOCK] BLOCK=29 OBSERVED=d69b5afbab2e7cebd18fadb94c6348f9 EXPECTED=d69b5afbab2e7cebd18fadb94c6348f9
[EXP_G_BLOCK] BLOCK=30 OBSERVED=0a7ea7f596ac73ab76200a5dc04a27b0 EXPECTED=0a7ea7f596ac73ab76200a5dc04a27b0
[EXP_G_BLOCK] BLOCK=31 OBSERVED=411246e0efaa107bac6415887a37ea78 EXPECTED=411246e0efaa107bac6415887a37ea78
[EXP_G_BLOCK] BLOCK=32 OBSERVED=09e5214832d810a4110d634b0fa13381 EXPECTED=09e5214832d810a4110d634b0fa13381
[EXP_G_BLOCK] BLOCK=33 OBSERVED=2b65c90f1b04b141b87e6550bec9125c EXPECTED=2b65c90f1b04b141b87e6550bec9125c
[EXP_G_BLOCK] BLOCK=34 OBSERVED=9c8fb5394e888ff31a8bf45e01d48ea4 EXPECTED=9c8fb5394e888ff31a8bf45e01d48ea4
[EXP_G_BLOCK] BLOCK=35 OBSERVED=87bb5c723e454a80c03b4af94a623a5d EXPECTED=87bb5c723e454a80c03b4af94a623a5d
[EXP_G_BLOCK] BLOCK=36 OBSERVED=a4befb7e5c0545316cd1a7fd161fef5d EXPECTED=a4befb7e5c0545316cd1a7fd161fef5d
[EXP_G_BLOCK] BLOCK=37 OBSERVED=17f4cbf2b2e1ad25ff42843f8113f127 EXPECTED=17f4cbf2b2e1ad25ff42843f8113f127
[EXP_G_BLOCK] BLOCK=38 OBSERVED=6f8553b6bc131a70331dfd15ecff5200 EXPECTED=6f8553b6bc131a70331dfd15ecff5200
[EXP_G_BLOCK] BLOCK=39 OBSERVED=ebb8774c06ecb5ed9564e0c1e5782d49 EXPECTED=ebb8774c06ecb5ed9564e0c1e5782d49
[EXP_G_BLOCK] BLOCK=40 OBSERVED=77fcef5246a2ab6726b2432aa1331d1d EXPECTED=77fcef5246a2ab6726b2432aa1331d1d
[EXP_G_BLOCK] BLOCK=41 OBSERVED=ea7aeb59e6e787957891e276c9cd302f EXPECTED=ea7aeb59e6e787957891e276c9cd302f
[EXP_G_BLOCK] BLOCK=42 OBSERVED=4759ddf038b36d45c50232a6b0a53d25 EXPECTED=4759ddf038b36d45c50232a6b0a53d25
[EXP_G_BLOCK] BLOCK=43 OBSERVED=8e82888ab79650016da31a9a5f62e049 EXPECTED=8e82888ab79650016da31a9a5f62e049
[EXP_G_BLOCK] BLOCK=44 OBSERVED=975ca42902fcef77053d05270ff4996c EXPECTED=975ca42902fcef77053d05270ff4996c
[EXP_G_BLOCK] BLOCK=45 OBSERVED=bf2cc75fb3041294a4fea69777fe72b7 EXPECTED=bf2cc75fb3041294a4fea69777fe72b7
[EXP_G_BLOCK] BLOCK=46 OBSERVED=540c4922511864e2d5507e5346efeb66 EXPECTED=540c4922511864e2d5507e5346efeb66
[EXP_G_BLOCK] BLOCK=47 OBSERVED=4c6bba052812a48179fd5684180c2c62 EXPECTED=4c6bba052812a48179fd5684180c2c62
[EXP_G_BLOCK] BLOCK=48 OBSERVED=b0f933a361e037c8934f4861e112045f EXPECTED=b0f933a361e037c8934f4861e112045f
[EXP_G_BLOCK] BLOCK=49 OBSERVED=fae549ac7538edd349cae6ef184590b6 EXPECTED=fae549ac7538edd349cae6ef184590b6
[EXP_G_BLOCK] BLOCK=50 OBSERVED=b93432bce916a792eac22f4f3a6d72dd EXPECTED=b93432bce916a792eac22f4f3a6d72dd
[EXP_G_BLOCK] BLOCK=51 OBSERVED=6e20920ff69ffd729843f1cc87c6b758 EXPECTED=6e20920ff69ffd729843f1cc87c6b758
[EXP_G_BLOCK] BLOCK=52 OBSERVED=3bd3fdbcf1a7b298ff52085aae334eb9 EXPECTED=3bd3fdbcf1a7b298ff52085aae334eb9
[EXP_G_BLOCK] BLOCK=53 OBSERVED=01635b64f4f1079ef40cdc939a5033b9 EXPECTED=01635b64f4f1079ef40cdc939a5033b9
[EXP_G_BLOCK] BLOCK=54 OBSERVED=6d42b2d433fb2077094eafb5509b7c94 EXPECTED=6d42b2d433fb2077094eafb5509b7c94
[EXP_G_BLOCK] BLOCK=55 OBSERVED=ae415b3e1c3cd5ba22094d7b658e560a EXPECTED=ae415b3e1c3cd5ba22094d7b658e560a
[EXP_G_BLOCK] BLOCK=56 OBSERVED=0802b1eb98a2c8d6b693ee037fa8fea2 EXPECTED=0802b1eb98a2c8d6b693ee037fa8fea2
[EXP_G_BLOCK] BLOCK=57 OBSERVED=1d5e7233fe80d405d8cfed4f28a754a0 EXPECTED=1d5e7233fe80d405d8cfed4f28a754a0
[EXP_G_BLOCK] BLOCK=58 OBSERVED=593baf5f517269531c409ec2eb06decf EXPECTED=593baf5f517269531c409ec2eb06decf
[EXP_G_BLOCK] BLOCK=59 OBSERVED=b84e19cfb06fdc63d9afa48d7cc28aac EXPECTED=b84e19cfb06fdc63d9afa48d7cc28aac
[EXP_G_BLOCK] BLOCK=60 OBSERVED=58ad2f072a4b83564a8412d4aabee676 EXPECTED=58ad2f072a4b83564a8412d4aabee676
[EXP_G_BLOCK] BLOCK=61 OBSERVED=10d4bdbd43b485903561e970fd52c505 EXPECTED=10d4bdbd43b485903561e970fd52c505
[EXP_G_BLOCK] BLOCK=62 OBSERVED=dd03e8500f586593db123f46f2962c99 EXPECTED=dd03e8500f586593db123f46f2962c99
[EXP_G_BLOCK] BLOCK=63 OBSERVED=6fca0e2e4a75fa0ffcab7a2ea03a6d9c EXPECTED=6fca0e2e4a75fa0ffcab7a2ea03a6d9c
[EXP_G_BLOCK] BLOCK=64 OBSERVED=e6842fcd232d1017656161adf8569134 EXPECTED=e6842fcd232d1017656161adf8569134
[EXP_G_BLOCK] BLOCK=65 OBSERVED=a91e1057d85250f44b5d1e878452dafa EXPECTED=a91e1057d85250f44b5d1e878452dafa
[EXP_G_BLOCK] BLOCK=66 OBSERVED=155e80a8e8294735fe0f4bfa49d07ceb EXPECTED=155e80a8e8294735fe0f4bfa49d07ceb
[EXP_G_BLOCK] BLOCK=67 OBSERVED=65bf09229067dca331c43c54836a127b EXPECTED=65bf09229067dca331c43c54836a127b
[EXP_G_BLOCK] BLOCK=68 OBSERVED=1c1a74cf527162c17caf3f1fc10204d7 EXPECTED=1c1a74cf527162c17caf3f1fc10204d7
[EXP_G_BLOCK] BLOCK=69 OBSERVED=81e857e5fd2947b83cda5e1e9dc2d181 EXPECTED=81e857e5fd2947b83cda5e1e9dc2d181
[EXP_G_BLOCK] BLOCK=70 OBSERVED=c348e0629fe847c64cc29c15de57406a EXPECTED=c348e0629fe847c64cc29c15de57406a
[EXP_G_BLOCK] BLOCK=71 OBSERVED=8c7cdf841b758bf371770397e090bba4 EXPECTED=8c7cdf841b758bf371770397e090bba4
[EXP_G_BLOCK] BLOCK=72 OBSERVED=da7f0c34f80fbac802bd0c960b88e9a4 EXPECTED=da7f0c34f80fbac802bd0c960b88e9a4
[EXP_G_BLOCK] BLOCK=73 OBSERVED=3c860afba6541bfd949d2f5cf36887b7 EXPECTED=3c860afba6541bfd949d2f5cf36887b7
[EXP_G_BLOCK] BLOCK=74 OBSERVED=c61f02c0e06a0d3c837cf774566630f7 EXPECTED=c61f02c0e06a0d3c837cf774566630f7
[EXP_G_BLOCK] BLOCK=75 OBSERVED=2bd5bb567b77f0d7e1a0d4687a69e8d7 EXPECTED=2bd5bb567b77f0d7e1a0d4687a69e8d7
[EXP_G_BLOCK] BLOCK=76 OBSERVED=d14e28d82c12c64b73396fd2588c2989 EXPECTED=d14e28d82c12c64b73396fd2588c2989
[EXP_G_BLOCK] BLOCK=77 OBSERVED=5ffbc2757c3e65962669f85362f5c10b EXPECTED=5ffbc2757c3e65962669f85362f5c10b
[EXP_G_BLOCK] BLOCK=78 OBSERVED=5e0be851bf5cb64d83e14ece250b2a6b EXPECTED=5e0be851bf5cb64d83e14ece250b2a6b
[EXP_G_BLOCK] BLOCK=79 OBSERVED=22bdedacc9b043d8ee007f085d5223f2 EXPECTED=22bdedacc9b043d8ee007f085d5223f2
[EXP_G_BLOCK] BLOCK=80 OBSERVED=4bebb2cfdac93879666b5c88fd4f953b EXPECTED=4bebb2cfdac93879666b5c88fd4f953b
[EXP_G_BLOCK] BLOCK=81 OBSERVED=28d5cffe5364a7ac1fc48ea72fb9f207 EXPECTED=28d5cffe5364a7ac1fc48ea72fb9f207
[EXP_G_BLOCK] BLOCK=82 OBSERVED=e189dd320307c5489d59b00f563964f3 EXPECTED=e189dd320307c5489d59b00f563964f3
[EXP_G_BLOCK] BLOCK=83 OBSERVED=3575708806a6918c35f17aefe569d08c EXPECTED=3575708806a6918c35f17aefe569d08c
[EXP_G_BLOCK] BLOCK=84 OBSERVED=00217367419f89aa01159302a56b6aaf EXPECTED=00217367419f89aa01159302a56b6aaf
[EXP_G_BLOCK] BLOCK=85 OBSERVED=bd2260fe1512587ad4cd84954b30330a EXPECTED=bd2260fe1512587ad4cd84954b30330a
[EXP_G_BLOCK] BLOCK=86 OBSERVED=61c524d4a3a994f19f12773e7214f6e1 EXPECTED=61c524d4a3a994f19f12773e7214f6e1
[EXP_G_BLOCK] BLOCK=87 OBSERVED=d69c2acb50199b405c24f1ab0df2c54b EXPECTED=d69c2acb50199b405c24f1ab0df2c54b
[EXP_G_BLOCK] BLOCK=88 OBSERVED=e5265d80c8a707b2e0fcffd97b045917 EXPECTED=e5265d80c8a707b2e0fcffd97b045917
[EXP_G_BLOCK] BLOCK=89 OBSERVED=914d922e4b6ddff6c0dbd1dfd01504a0 EXPECTED=914d922e4b6ddff6c0dbd1dfd01504a0
[EXP_G_BLOCK] BLOCK=90 OBSERVED=7daefc0b18afc9f1cd81b132f67ad6e6 EXPECTED=7daefc0b18afc9f1cd81b132f67ad6e6
[EXP_G_BLOCK] BLOCK=91 OBSERVED=d795e57e44e03435c9179ec2d928814b EXPECTED=d795e57e44e03435c9179ec2d928814b
[EXP_G_BLOCK] BLOCK=92 OBSERVED=677639e5140dd1b8b3ee48948e6b2dc4 EXPECTED=677639e5140dd1b8b3ee48948e6b2dc4
[EXP_G_BLOCK] BLOCK=93 OBSERVED=ed6803aea8ec7ae92e3f1e7b9548eb4d EXPECTED=ed6803aea8ec7ae92e3f1e7b9548eb4d
[EXP_G_BLOCK] BLOCK=94 OBSERVED=4105b6a6b1d12231ddd22122306eae51 EXPECTED=4105b6a6b1d12231ddd22122306eae51
[EXP_G_BLOCK] BLOCK=95 OBSERVED=2943ae43285799f92b8451df1b9b9c71 EXPECTED=2943ae43285799f92b8451df1b9b9c71
[EXP_G_BLOCK] BLOCK=96 OBSERVED=35e2798f5f7b91172bba7f7e8c1b3a41 EXPECTED=35e2798f5f7b91172bba7f7e8c1b3a41
[EXP_G_BLOCK] BLOCK=97 OBSERVED=77d6f7d4b3fe4e2c868e2e3735d5724c EXPECTED=77d6f7d4b3fe4e2c868e2e3735d5724c
[EXP_G_BLOCK] BLOCK=98 OBSERVED=92692b4adb67c49e2fcd47f6eceb6f2f EXPECTED=92692b4adb67c49e2fcd47f6eceb6f2f
[EXP_G_BLOCK] BLOCK=99 OBSERVED=adcf9bf9ca927d4de776ffb99c722d18 EXPECTED=adcf9bf9ca927d4de776ffb99c722d18
[EXP_G_BLOCK] BLOCK=100 OBSERVED=97b8d3106eb09e7c2d6b5c2b0c42fd65 EXPECTED=97b8d3106eb09e7c2d6b5c2b0c42fd65
[EXP_G_BLOCK] BLOCK=101 OBSERVED=79b259edcc85114324e896c073193e0e EXPECTED=79b259edcc85114324e896c073193e0e
[EXP_G_BLOCK] BLOCK=102 OBSERVED=1668e3f5f5a2e44fca680939679f14fc EXPECTED=1668e3f5f5a2e44fca680939679f14fc
[EXP_G_BLOCK] BLOCK=103 OBSERVED=f8e338e07b15fbe0fbd4b9085a771f9f EXPECTED=f8e338e07b15fbe0fbd4b9085a771f9f
[EXP_G_BLOCK] BLOCK=104 OBSERVED=791c47305ea01dbf9dad0a325d8a8c98 EXPECTED=791c47305ea01dbf9dad0a325d8a8c98
[EXP_G_BLOCK] BLOCK=105 OBSERVED=d2f43545b1bf84e9d8d83dea337c4388 EXPECTED=d2f43545b1bf84e9d8d83dea337c4388
[EXP_G_BLOCK] BLOCK=106 OBSERVED=4f34825078fe6ac4f0ba87309d68288c EXPECTED=4f34825078fe6ac4f0ba87309d68288c
[EXP_G_BLOCK] BLOCK=107 OBSERVED=f537032bad03590c1ab5a9b1b849a7a7 EXPECTED=f537032bad03590c1ab5a9b1b849a7a7
[EXP_G_BLOCK] BLOCK=108 OBSERVED=c9642bcb0033a6a918f737a0bb1c06f2 EXPECTED=c9642bcb0033a6a918f737a0bb1c06f2
[EXP_G_BLOCK] BLOCK=109 OBSERVED=bc112782389b3eee3655242871d993d6 EXPECTED=bc112782389b3eee3655242871d993d6
[EXP_G_BLOCK] BLOCK=110 OBSERVED=353764151fe0c6d402f978efbe12a55e EXPECTED=353764151fe0c6d402f978efbe12a55e
[EXP_G_BLOCK] BLOCK=111 OBSERVED=f60fc54be4853b46faf04e3d7e5f9228 EXPECTED=f60fc54be4853b46faf04e3d7e5f9228
[EXP_G_BLOCK] BLOCK=112 OBSERVED=8a90100892807d2b585b070749daef45 EXPECTED=8a90100892807d2b585b070749daef45
[EXP_G_BLOCK] BLOCK=113 OBSERVED=e306fdbf179e99531590d8b3001ad924 EXPECTED=e306fdbf179e99531590d8b3001ad924
[EXP_G_BLOCK] BLOCK=114 OBSERVED=17c15b590c42832641fa28c731b2bf09 EXPECTED=17c15b590c42832641fa28c731b2bf09
[EXP_G_BLOCK] BLOCK=115 OBSERVED=119af749654cb9a7be04fd7a090c2100 EXPECTED=119af749654cb9a7be04fd7a090c2100
[EXP_G_BLOCK] BLOCK=116 OBSERVED=4142f27ba0833ecc01687555ba93a9ab EXPECTED=4142f27ba0833ecc01687555ba93a9ab
[EXP_G_BLOCK] BLOCK=117 OBSERVED=86957c7dd71a486fa28a5b744a33c9a6 EXPECTED=86957c7dd71a486fa28a5b744a33c9a6
[EXP_G_BLOCK] BLOCK=118 OBSERVED=4307124d273953de36b686cfc798f6d2 EXPECTED=4307124d273953de36b686cfc798f6d2
[EXP_G_BLOCK] BLOCK=119 OBSERVED=1739d1de87c4e0050ae4ee269adeb58a EXPECTED=1739d1de87c4e0050ae4ee269adeb58a
[EXP_G_BLOCK] BLOCK=120 OBSERVED=2372d442aaaf055e2b802b810e910847 EXPECTED=2372d442aaaf055e2b802b810e910847
[EXP_G_BLOCK] BLOCK=121 OBSERVED=dc6481530d771e4c0665c4c8b411b5f4 EXPECTED=dc6481530d771e4c0665c4c8b411b5f4
[EXP_G_BLOCK] BLOCK=122 OBSERVED=0f088c3ad39b50713b37a52136b7f6e2 EXPECTED=0f088c3ad39b50713b37a52136b7f6e2
[EXP_G_BLOCK] BLOCK=123 OBSERVED=282f0e42293f89183c24a01712c9b37d EXPECTED=282f0e42293f89183c24a01712c9b37d
[EXP_G_BLOCK] BLOCK=124 OBSERVED=68a8a6177ff94214a9a01d4bddede4fe EXPECTED=68a8a6177ff94214a9a01d4bddede4fe
[EXP_G_BLOCK] BLOCK=125 OBSERVED=5e4dd055f0c510081774d938d676eeaf EXPECTED=5e4dd055f0c510081774d938d676eeaf
[EXP_G_BLOCK] BLOCK=126 OBSERVED=7964a2e0630c42e4a15f7f7d44b5176b EXPECTED=7964a2e0630c42e4a15f7f7d44b5176b
[EXP_G_BLOCK] BLOCK=127 OBSERVED=e07d3a7dafde071302e5934830558864 EXPECTED=e07d3a7dafde071302e5934830558864
[EXP_G_BLOCK] BLOCK=128 OBSERVED=93812945a3884493fbba47e31b5f5c0f EXPECTED=93812945a3884493fbba47e31b5f5c0f
[EXP_G_BLOCK] BLOCK=129 OBSERVED=eb5fa0453427e36eea3995f3b2cea7ff EXPECTED=eb5fa0453427e36eea3995f3b2cea7ff
[EXP_G_BLOCK] BLOCK=130 OBSERVED=47af0822bb6bee062aa5b68b76cb9a92 EXPECTED=47af0822bb6bee062aa5b68b76cb9a92
[EXP_G_BLOCK] BLOCK=131 OBSERVED=09555ac6626d794f43bc76c00192f75c EXPECTED=09555ac6626d794f43bc76c00192f75c
[EXP_G_BLOCK] BLOCK=132 OBSERVED=2105d5c683af2aa52f363153317e59b6 EXPECTED=2105d5c683af2aa52f363153317e59b6
[EXP_G_BLOCK] BLOCK=133 OBSERVED=550e8bd99de6040c566dc79eed4aff7c EXPECTED=550e8bd99de6040c566dc79eed4aff7c
[EXP_G_BLOCK] BLOCK=134 OBSERVED=196a244561b740e1c4313c778e060926 EXPECTED=196a244561b740e1c4313c778e060926
[EXP_G_BLOCK] BLOCK=135 OBSERVED=2d13faa6c0b4901ca4523ee76779735d EXPECTED=2d13faa6c0b4901ca4523ee76779735d
[EXP_G_BLOCK] BLOCK=136 OBSERVED=4071117520cd9f5fb7e52c92f75bb7d4 EXPECTED=4071117520cd9f5fb7e52c92f75bb7d4
[EXP_G_BLOCK] BLOCK=137 OBSERVED=812d3d9c5e3803e955ab5b71005de503 EXPECTED=812d3d9c5e3803e955ab5b71005de503
[EXP_G_BLOCK] BLOCK=138 OBSERVED=1d492f377f241363e77b708f9ad9d388 EXPECTED=1d492f377f241363e77b708f9ad9d388
[EXP_G_BLOCK] BLOCK=139 OBSERVED=4bcaf0c7fa6ab409f117257a1e3d6c13 EXPECTED=4bcaf0c7fa6ab409f117257a1e3d6c13
[EXP_G_BLOCK] BLOCK=140 OBSERVED=9b55534fc87f92318cd96b726fd10670 EXPECTED=9b55534fc87f92318cd96b726fd10670
[EXP_G_BLOCK] BLOCK=141 OBSERVED=e45b32b79cdf650671ddb2105032889b EXPECTED=e45b32b79cdf650671ddb2105032889b
[EXP_G_BLOCK] BLOCK=142 OBSERVED=064f4be0fd5f4b50a169e85004d73a1a EXPECTED=064f4be0fd5f4b50a169e85004d73a1a
[EXP_G_BLOCK] BLOCK=143 OBSERVED=53c2016dc1109a3b5f92dda3972e3f05 EXPECTED=53c2016dc1109a3b5f92dda3972e3f05
[EXP_G_BLOCK] BLOCK=144 OBSERVED=a7621cac34eabdec467a18d8d2b962db EXPECTED=a7621cac34eabdec467a18d8d2b962db
[EXP_G_BLOCK] BLOCK=145 OBSERVED=d3071c6784ae255735fe80764245bcd5 EXPECTED=d3071c6784ae255735fe80764245bcd5
[EXP_G_BLOCK] BLOCK=146 OBSERVED=8a07c631434acd42232e9a629a5988ef EXPECTED=8a07c631434acd42232e9a629a5988ef
[EXP_G_BLOCK] BLOCK=147 OBSERVED=e87bc426d72d47895af0c70fd1e2f215 EXPECTED=e87bc426d72d47895af0c70fd1e2f215
[EXP_G_BLOCK] BLOCK=148 OBSERVED=26df39e7540d9eb4b95e9b1e3dc92483 EXPECTED=26df39e7540d9eb4b95e9b1e3dc92483
[EXP_G_BLOCK] BLOCK=149 OBSERVED=ab1e7f6da9831cfef6a67c5576dcd9b7 EXPECTED=ab1e7f6da9831cfef6a67c5576dcd9b7
[EXP_G_BLOCK] BLOCK=150 OBSERVED=ea80d9ca732ed64145185439f9b5fa81 EXPECTED=ea80d9ca732ed64145185439f9b5fa81
[EXP_G_BLOCK] BLOCK=151 OBSERVED=31148b8c33093e0df764e2887d28e66a EXPECTED=31148b8c33093e0df764e2887d28e66a
[EXP_G_BLOCK] BLOCK=152 OBSERVED=ddbfdc2b9ea3f6cccaf2ed3516395aae EXPECTED=ddbfdc2b9ea3f6cccaf2ed3516395aae
[EXP_G_BLOCK] BLOCK=153 OBSERVED=187472a517f1a817c6632c6fc2db6e8a EXPECTED=187472a517f1a817c6632c6fc2db6e8a
[EXP_G_BLOCK] BLOCK=154 OBSERVED=dd1dc17e6835b91a317b0a0dc43f7b31 EXPECTED=dd1dc17e6835b91a317b0a0dc43f7b31
[EXP_G_BLOCK] BLOCK=155 OBSERVED=3c771d212c0ac633cb76cbbd2759fd90 EXPECTED=3c771d212c0ac633cb76cbbd2759fd90
[EXP_G_BLOCK] BLOCK=156 OBSERVED=485289c8cf5874d0a2e0ab7315b6e412 EXPECTED=485289c8cf5874d0a2e0ab7315b6e412
[EXP_G_BLOCK] BLOCK=157 OBSERVED=8654833989294652dd88b1835045c499 EXPECTED=8654833989294652dd88b1835045c499
[EXP_G_BLOCK] BLOCK=158 OBSERVED=5289f2aaf079f43ffe60d2d19b64cb04 EXPECTED=5289f2aaf079f43ffe60d2d19b64cb04
[EXP_G_BLOCK] BLOCK=159 OBSERVED=c884be8ecdc411e6f2c38240728e79e7 EXPECTED=c884be8ecdc411e6f2c38240728e79e7
[EXP_G_BLOCK] BLOCK=160 OBSERVED=0104e50b6a6284dfb5853721969607f4 EXPECTED=0104e50b6a6284dfb5853721969607f4
[EXP_G_BLOCK] BLOCK=161 OBSERVED=8829939a0949bdfa55e6abe74315717f EXPECTED=8829939a0949bdfa55e6abe74315717f
[EXP_G_BLOCK] BLOCK=162 OBSERVED=837b35bd50c768eebb838cb5aaee7210 EXPECTED=837b35bd50c768eebb838cb5aaee7210
[EXP_G_BLOCK] BLOCK=163 OBSERVED=cfe1d0288699947ea0bb6d64035c0b2f EXPECTED=cfe1d0288699947ea0bb6d64035c0b2f
[EXP_G_BLOCK] BLOCK=164 OBSERVED=4c02b3c207d499e11a4bb089ed8ecd8c EXPECTED=4c02b3c207d499e11a4bb089ed8ecd8c
[EXP_G_BLOCK] BLOCK=165 OBSERVED=8b6bdde0639cabfdee98b61dd039ab7a EXPECTED=8b6bdde0639cabfdee98b61dd039ab7a
[EXP_G_BLOCK] BLOCK=166 OBSERVED=819d357f7830bca56025189d2122445f EXPECTED=819d357f7830bca56025189d2122445f
[EXP_G_BLOCK] BLOCK=167 OBSERVED=9b262b04ac93c57f313ccc0a2bbb7373 EXPECTED=9b262b04ac93c57f313ccc0a2bbb7373
[EXP_G_BLOCK] BLOCK=168 OBSERVED=90b1759cc3dcffd952bafa964b3bec7c EXPECTED=90b1759cc3dcffd952bafa964b3bec7c
[EXP_G_BLOCK] BLOCK=169 OBSERVED=c66b624e9f88b5f8e0eeb2e6ee888955 EXPECTED=c66b624e9f88b5f8e0eeb2e6ee888955
[EXP_G_BLOCK] BLOCK=170 OBSERVED=3c36e605749617c0e2845513bf75a01a EXPECTED=3c36e605749617c0e2845513bf75a01a
[EXP_G_BLOCK] BLOCK=171 OBSERVED=f887106f0838f1779491386a64ae99b9 EXPECTED=f887106f0838f1779491386a64ae99b9
[EXP_G_BLOCK] BLOCK=172 OBSERVED=21bdc5584559b6467618a5d5f696cc79 EXPECTED=21bdc5584559b6467618a5d5f696cc79
[EXP_G_BLOCK] BLOCK=173 OBSERVED=8ec688b5815d45de6e2805e2338cbc06 EXPECTED=8ec688b5815d45de6e2805e2338cbc06
[EXP_G_BLOCK] BLOCK=174 OBSERVED=00aae82ed67ae9de4672485a3da27dfa EXPECTED=00aae82ed67ae9de4672485a3da27dfa
[EXP_G_BLOCK] BLOCK=175 OBSERVED=59b6ad77ae8ce9a3498d6340263e4331 EXPECTED=59b6ad77ae8ce9a3498d6340263e4331
[EXP_G_BLOCK] BLOCK=176 OBSERVED=7fd3bcc1ee4f0a65a228960a3a8e0c95 EXPECTED=7fd3bcc1ee4f0a65a228960a3a8e0c95
[EXP_G_BLOCK] BLOCK=177 OBSERVED=c71ddcea6823e12ef76fb1c0f803d504 EXPECTED=c71ddcea6823e12ef76fb1c0f803d504
[EXP_G_BLOCK] BLOCK=178 OBSERVED=f89ec2d6e12ec3122284d5b267701f12 EXPECTED=f89ec2d6e12ec3122284d5b267701f12
[EXP_G_BLOCK] BLOCK=179 OBSERVED=d274466d986f7a42c8c57f7db2838e05 EXPECTED=d274466d986f7a42c8c57f7db2838e05
[EXP_G_BLOCK] BLOCK=180 OBSERVED=23540fa6c5e91cb539fa6d3403747f2b EXPECTED=23540fa6c5e91cb539fa6d3403747f2b
[EXP_G_BLOCK] BLOCK=181 OBSERVED=136482283e034b2c59ced21afab395fe EXPECTED=136482283e034b2c59ced21afab395fe
[EXP_G_BLOCK] BLOCK=182 OBSERVED=32dccfd013d0376be2affc46ac640453 EXPECTED=32dccfd013d0376be2affc46ac640453
[EXP_G_BLOCK] BLOCK=183 OBSERVED=5e5d0b493c03458c57b0fb0dd1759f9d EXPECTED=5e5d0b493c03458c57b0fb0dd1759f9d
[EXP_G_BLOCK] BLOCK=184 OBSERVED=84444120c7ea3fed7f1aed200488518f EXPECTED=84444120c7ea3fed7f1aed200488518f
[EXP_G_BLOCK] BLOCK=185 OBSERVED=0a95c7d40f40c441b8cf296dd5c6feea EXPECTED=0a95c7d40f40c441b8cf296dd5c6feea
[EXP_G_BLOCK] BLOCK=186 OBSERVED=dd12716b842819366fa1222e6f8af5a5 EXPECTED=dd12716b842819366fa1222e6f8af5a5
[EXP_G_BLOCK] BLOCK=187 OBSERVED=e07332cde8e6b0100e52023f0b2fdf07 EXPECTED=e07332cde8e6b0100e52023f0b2fdf07
[EXP_G_BLOCK] BLOCK=188 OBSERVED=6c85d573ef9ddf6f03447d1e2023eef6 EXPECTED=6c85d573ef9ddf6f03447d1e2023eef6
[EXP_G_BLOCK] BLOCK=189 OBSERVED=67f94d9c52bbfc4b1f13bd8edde0589a EXPECTED=67f94d9c52bbfc4b1f13bd8edde0589a
[EXP_G_BLOCK] BLOCK=190 OBSERVED=fc02130456805a0a1ec4da1453ea3a4d EXPECTED=fc02130456805a0a1ec4da1453ea3a4d
[EXP_G_BLOCK] BLOCK=191 OBSERVED=d0a3e1722a04ad4d07f0dcc2a9087ba7 EXPECTED=d0a3e1722a04ad4d07f0dcc2a9087ba7
[EXP_G_BLOCK] BLOCK=192 OBSERVED=8e1d419afdf7b7eeee2ec35219a369ff EXPECTED=8e1d419afdf7b7eeee2ec35219a369ff
[EXP_G_BLOCK] BLOCK=193 OBSERVED=c843ebc6e1cca4be0263fd8cf90c2d10 EXPECTED=c843ebc6e1cca4be0263fd8cf90c2d10
[EXP_G_BLOCK] BLOCK=194 OBSERVED=e53946e9c52f084a4902b51356b6d430 EXPECTED=e53946e9c52f084a4902b51356b6d430
[EXP_G_BLOCK] BLOCK=195 OBSERVED=e18b9582fc37e255d2eed4b8cba3066c EXPECTED=e18b9582fc37e255d2eed4b8cba3066c
[EXP_G_BLOCK] BLOCK=196 OBSERVED=e2a11a6cbe1595edd6c75290c360ebd4 EXPECTED=e2a11a6cbe1595edd6c75290c360ebd4
[EXP_G_BLOCK] BLOCK=197 OBSERVED=0165a98d33d33a726ded30b05e8304ae EXPECTED=0165a98d33d33a726ded30b05e8304ae
[EXP_G_BLOCK] BLOCK=198 OBSERVED=ae3f2c3905700e876a41e9581f45d491 EXPECTED=ae3f2c3905700e876a41e9581f45d491
[EXP_G_BLOCK] BLOCK=199 OBSERVED=35d54e5e6048100c52063e233a2919e6 EXPECTED=35d54e5e6048100c52063e233a2919e6
[EXP_G_BLOCK] BLOCK=200 OBSERVED=99be8b087f5eee132ad9a59349786942 EXPECTED=99be8b087f5eee132ad9a59349786942
[EXP_G_BLOCK] BLOCK=201 OBSERVED=c646150a0524267df5bf8fbaafd3a4d9 EXPECTED=c646150a0524267df5bf8fbaafd3a4d9
[EXP_G_BLOCK] BLOCK=202 OBSERVED=81d2d0b089e5e82b948541d1dc0c4cc6 EXPECTED=81d2d0b089e5e82b948541d1dc0c4cc6
[EXP_G_BLOCK] BLOCK=203 OBSERVED=ad1226f630ed0413e61c1dab481bc1cf EXPECTED=ad1226f630ed0413e61c1dab481bc1cf
[EXP_G_BLOCK] BLOCK=204 OBSERVED=acc6ec6f878972c7b01c514ccdd50695 EXPECTED=acc6ec6f878972c7b01c514ccdd50695
[EXP_G_BLOCK] BLOCK=205 OBSERVED=38aa84a3f7749ae96022f7ffae397343 EXPECTED=38aa84a3f7749ae96022f7ffae397343
[EXP_G_BLOCK] BLOCK=206 OBSERVED=4195c509ebd15d7d4783e8bd172d478a EXPECTED=4195c509ebd15d7d4783e8bd172d478a
[EXP_G_BLOCK] BLOCK=207 OBSERVED=f3a8d7572644342e7651c90df51566e7 EXPECTED=f3a8d7572644342e7651c90df51566e7
[EXP_G_BLOCK] BLOCK=208 OBSERVED=4e0952f279129291a164f2fd1aa12c4a EXPECTED=4e0952f279129291a164f2fd1aa12c4a
[EXP_G_BLOCK] BLOCK=209 OBSERVED=94597d07cb14ae20b95174c60db98cde EXPECTED=94597d07cb14ae20b95174c60db98cde
[EXP_G_BLOCK] BLOCK=210 OBSERVED=31cf4c7bb9121044c8d46306c6b175be EXPECTED=31cf4c7bb9121044c8d46306c6b175be
[EXP_G_BLOCK] BLOCK=211 OBSERVED=979756162b4304c5800ac013475e0e5b EXPECTED=979756162b4304c5800ac013475e0e5b
[EXP_G_BLOCK] BLOCK=212 OBSERVED=3f01747ab57d34f01c2ff7f0516aefb0 EXPECTED=3f01747ab57d34f01c2ff7f0516aefb0
[EXP_G_BLOCK] BLOCK=213 OBSERVED=343399848d0e8857b34bf25d4c7945ab EXPECTED=343399848d0e8857b34bf25d4c7945ab
[EXP_G_BLOCK] BLOCK=214 OBSERVED=d41b7fa5ffb380c19e7c0bcad3f273f7 EXPECTED=d41b7fa5ffb380c19e7c0bcad3f273f7
[EXP_G_BLOCK] BLOCK=215 OBSERVED=c2cf0c666b9dd0a8398ccd78538cfb28 EXPECTED=c2cf0c666b9dd0a8398ccd78538cfb28
[EXP_G_BLOCK] BLOCK=216 OBSERVED=82d15c73df40a0d65a888da28b48c62a EXPECTED=82d15c73df40a0d65a888da28b48c62a
[EXP_G_BLOCK] BLOCK=217 OBSERVED=9ca2dcfab7a7e0b4f14b3e1b2edb3f11 EXPECTED=9ca2dcfab7a7e0b4f14b3e1b2edb3f11
[EXP_G_BLOCK] BLOCK=218 OBSERVED=7fccf10854255888eed95a7fa051ba0a EXPECTED=7fccf10854255888eed95a7fa051ba0a
[EXP_G_BLOCK] BLOCK=219 OBSERVED=4f4fc7b41cf50ea751d9dac98cd76f9f EXPECTED=4f4fc7b41cf50ea751d9dac98cd76f9f
[EXP_G_BLOCK] BLOCK=220 OBSERVED=5a5883a0db459f9b3650b0367e3568f2 EXPECTED=5a5883a0db459f9b3650b0367e3568f2
[EXP_G_BLOCK] BLOCK=221 OBSERVED=5fdc604f16260feb84824e59db169a7b EXPECTED=5fdc604f16260feb84824e59db169a7b
[EXP_G_BLOCK] BLOCK=222 OBSERVED=f0171cd0b1adf02ac33514624c8ce28a EXPECTED=f0171cd0b1adf02ac33514624c8ce28a
[EXP_G_BLOCK] BLOCK=223 OBSERVED=1ae96df118547ee202d01acaf04b4cdc EXPECTED=1ae96df118547ee202d01acaf04b4cdc
[EXP_G_BLOCK] BLOCK=224 OBSERVED=09a589b55cdb2fecf2611c6978fa3e42 EXPECTED=09a589b55cdb2fecf2611c6978fa3e42
[EXP_G_BLOCK] BLOCK=225 OBSERVED=5d0581578dc7bc91b3efc816c277b343 EXPECTED=5d0581578dc7bc91b3efc816c277b343
[EXP_G_BLOCK] BLOCK=226 OBSERVED=d95c956bb2ac85b03cd2574824e26fae EXPECTED=d95c956bb2ac85b03cd2574824e26fae
[EXP_G_BLOCK] BLOCK=227 OBSERVED=b3bd469f91abf9e4eb388ff35c950d1a EXPECTED=b3bd469f91abf9e4eb388ff35c950d1a
[EXP_G_BLOCK] BLOCK=228 OBSERVED=eca4179795a26acc64ecc7b11c376784 EXPECTED=eca4179795a26acc64ecc7b11c376784
[EXP_G_BLOCK] BLOCK=229 OBSERVED=dba4245e8b6cacfd5455817bf56eb860 EXPECTED=dba4245e8b6cacfd5455817bf56eb860
[EXP_G_BLOCK] BLOCK=230 OBSERVED=0dc2f3871f056747996c2d414cf0c98b EXPECTED=0dc2f3871f056747996c2d414cf0c98b
[EXP_G_BLOCK] BLOCK=231 OBSERVED=83cd84b8359764b1a34b9f1996ed87b5 EXPECTED=83cd84b8359764b1a34b9f1996ed87b5
[EXP_G_BLOCK] BLOCK=232 OBSERVED=2a9ab4422377f28268dc1fbc69c9b812 EXPECTED=2a9ab4422377f28268dc1fbc69c9b812
[EXP_G_BLOCK] BLOCK=233 OBSERVED=84672726722cb57e56a91c3583a41d02 EXPECTED=84672726722cb57e56a91c3583a41d02
[EXP_G_BLOCK] BLOCK=234 OBSERVED=2e3e724ec403548cd618dd52b23cc010 EXPECTED=2e3e724ec403548cd618dd52b23cc010
[EXP_G_BLOCK] BLOCK=235 OBSERVED=f2f8f6f67aa75d26bcb88ef05a6dbc83 EXPECTED=f2f8f6f67aa75d26bcb88ef05a6dbc83
[EXP_G_BLOCK] BLOCK=236 OBSERVED=ad0f6b1a497caa440e634eb971d5f1ed EXPECTED=ad0f6b1a497caa440e634eb971d5f1ed
[EXP_G_BLOCK] BLOCK=237 OBSERVED=442b42e905f7959cf00d2bbf8c753cb6 EXPECTED=442b42e905f7959cf00d2bbf8c753cb6
[EXP_G_BLOCK] BLOCK=238 OBSERVED=8489a88386197e1b73a0cc6b1a274b86 EXPECTED=8489a88386197e1b73a0cc6b1a274b86
[EXP_G_BLOCK] BLOCK=239 OBSERVED=93158f2ef6c47ffd7a4c6852085091ec EXPECTED=93158f2ef6c47ffd7a4c6852085091ec
[EXP_G_BLOCK] BLOCK=240 OBSERVED=e4c5c2b3f0810e10915c301885707d9b EXPECTED=e4c5c2b3f0810e10915c301885707d9b
[EXP_G_BLOCK] BLOCK=241 OBSERVED=33b279f23a864b4df3a6e7ab33da0066 EXPECTED=33b279f23a864b4df3a6e7ab33da0066
[EXP_G_BLOCK] BLOCK=242 OBSERVED=82433f0ad99a6cd84f6f25f287c77283 EXPECTED=82433f0ad99a6cd84f6f25f287c77283
[EXP_G_BLOCK] BLOCK=243 OBSERVED=fc758421245f8f9a7b3cb6a00b8ff308 EXPECTED=fc758421245f8f9a7b3cb6a00b8ff308
[EXP_G_BLOCK] BLOCK=244 OBSERVED=13d596965a46b723b47fef59bacc85e9 EXPECTED=13d596965a46b723b47fef59bacc85e9
[EXP_G_BLOCK] BLOCK=245 OBSERVED=0160bee2cfc480ca98435fbd2ab17609 EXPECTED=0160bee2cfc480ca98435fbd2ab17609
[EXP_G_BLOCK] BLOCK=246 OBSERVED=a47c9f19b12e6265de1f006e628b634f EXPECTED=a47c9f19b12e6265de1f006e628b634f
[EXP_G_BLOCK] BLOCK=247 OBSERVED=f3d67c10fa0e0eb2dc79b68f441171f5 EXPECTED=f3d67c10fa0e0eb2dc79b68f441171f5
[EXP_G_BLOCK] BLOCK=248 OBSERVED=5b390d36ec8bca43fd76e2afe1a2aac9 EXPECTED=5b390d36ec8bca43fd76e2afe1a2aac9
[EXP_G_BLOCK] BLOCK=249 OBSERVED=fc5f65904751635e6a393f4cd2c71221 EXPECTED=fc5f65904751635e6a393f4cd2c71221
[EXP_G_BLOCK] BLOCK=250 OBSERVED=11ff7b3fc4a32818889af3128986bc1d EXPECTED=11ff7b3fc4a32818889af3128986bc1d
[EXP_G_BLOCK] BLOCK=251 OBSERVED=2113d3cd9e635d799e85758058ec1373 EXPECTED=2113d3cd9e635d799e85758058ec1373
[EXP_G_BLOCK] BLOCK=252 OBSERVED=c9cc1db705a293782509f5b6f5a08f03 EXPECTED=c9cc1db705a293782509f5b6f5a08f03
[EXP_G_BLOCK] BLOCK=253 OBSERVED=a9d2493c9a72b2daee0e8742ee2cd87b EXPECTED=a9d2493c9a72b2daee0e8742ee2cd87b
[EXP_G_BLOCK] BLOCK=254 OBSERVED=c3393ca2d6cbfb89e071408bc3f91458 EXPECTED=c3393ca2d6cbfb89e071408bc3f91458
[EXP_G_BLOCK] BLOCK=255 OBSERVED=2fb01b72fe6a45c9f628acdcdae2cf5c EXPECTED=2fb01b72fe6a45c9f628acdcdae2cf5c
[EXP_G_BLOCK] BLOCK=256 OBSERVED=9e284790852d5673459b6c676cdef8b9 EXPECTED=9e284790852d5673459b6c676cdef8b9
$finish called at time : 51677962500 ps : File "F:/advance_topic/UTE-PAPER/Experiment_G/payload_scaling/generated/RV32IMB/tb_expG_scale_rv32imb_4kib_ctr.v" Line 266
run: Time (s): cpu = 00:00:00 ; elapsed = 00:00:17 . Memory (MB): peak = 194.309 ; gain = 0.000
exit
INFO: xsimkernel Simulation Memory Usage: 29648 KB (Peak: 29648 KB), Simulation CPU Usage: 17374 ms
INFO: [Common 17-206] Exiting xsim at Sat Oct 10 10:16:01 2026...
