#-----------------------------------------------------------
# xsim v2024.2 (64-bit)
# SW Build 5239630 on Fri Nov 08 22:35:27 MST 2024
# IP Build 5239520 on Sun Nov 10 16:12:51 MST 2024
# SharedData Build 5239561 on Fri Nov 08 14:39:27 MST 2024
# Start of session at: Sat Oct 10 10:11:55 2026
# Process ID         : 13884
# Current directory  : F:/advance_topic/UTE-PAPER/Experiment_G/payload_scaling/runs/RV32IMB
# Command line       : xsim.exe -log 4kib_ecb_r1.log -mode tcl -source {xsim.dir/snap_scale_rv32imb_4kib_ecb/xsim_script.tcl}
# Log file           : F:/advance_topic/UTE-PAPER/Experiment_G/payload_scaling/runs/RV32IMB/4kib_ecb_r1.log
# Journal file       : F:/advance_topic/UTE-PAPER/Experiment_G/payload_scaling/runs/RV32IMB\xsim.jou
# Running On         : thanhtruong
# Platform           : Windows Server 2016 or Windows 10
# Operating System   : 26200
# Processor Detail   : AMD Ryzen 5 5600H with Radeon Graphics         
# CPU Frequency      : 3294 MHz
# CPU Physical cores : 6
# CPU Logical cores  : 12
# Host memory        : 16487 MB
# Swap memory        : 12348 MB
# Total Virtual      : 28835 MB
# Available Virtual  : 12993 MB
#-----------------------------------------------------------
source xsim.dir/snap_scale_rv32imb_4kib_ecb/xsim_script.tcl
# xsim {snap_scale_rv32imb_4kib_ecb} -testplusarg REPEAT=1 -autoloadwcfg -runall
Time resolution is 1 ps
run -all
============================================================
[SOFTWARE_AES_SUMMARY] CORE=RV32IMB MODE=ECB PAYLOAD_BYTES=4096 BLOCKS=256
[SOFTWARE_AES_SUMMARY] MEASURE_WINDOW=START_MARKER_TO_STOP_MARKER START_CYCLE=25 STOP_CYCLE=1937574
[SOFTWARE_AES_SUMMARY] TOTAL_CYCLES=1937549 CYCLES_PER_BLOCK=7568.550781 RETIRED=1559725 CPI=1.242238
============================================================
[EXP_G] CORE=RV32IMB MODE=ECB REPEAT=1 PAYLOAD_BYTES=4096 BLOCKS=256
[EXP_G] START=25 STOP=1937574 RAW_CYCLES=1937549 CYCLES_PER_BLOCK=7568.550781
[EXP_G] RETIRED=1559725 CPI=1.242238 ALU=833598 LOAD=307410 STORE=221481 BRANCH=192086 JUMP=5150 M=0 B=0
[EXP_G] TAKEN_BRANCH=162001 BRANCH_PENALTY_CYCLES=324002
[EXP_G] TOTAL_STALLS=377823 CONTROL_STALLS=334302 LOAD_USE_STALLS=43521 MEMORY_STALLS=0 OTHER_STALLS=0
[EXP_G] COUNTER_ERRORS=0 COUNTER_CHECK=PASS
[EXP_G] FW_ERRORS=0 TB_ERRORS=0 STATUS=50415353 RESULT=PASS
[EXP_G] BLOCKS_CHECKED=256 BYTES_CHECKED=4096
[EXP_G_BLOCK] BLOCK=1 OBSERVED=3ad77bb40d7a3660a89ecaf32466ef97 EXPECTED=3ad77bb40d7a3660a89ecaf32466ef97
[EXP_G_BLOCK] BLOCK=2 OBSERVED=f5d3d58503b9699de785895a96fdbaaf EXPECTED=f5d3d58503b9699de785895a96fdbaaf
[EXP_G_BLOCK] BLOCK=3 OBSERVED=43b1cd7f598ece23881b00e3ed030688 EXPECTED=43b1cd7f598ece23881b00e3ed030688
[EXP_G_BLOCK] BLOCK=4 OBSERVED=7b0c785e27e8ad3f8223207104725dd4 EXPECTED=7b0c785e27e8ad3f8223207104725dd4
[EXP_G_BLOCK] BLOCK=5 OBSERVED=f40e92b9641b6bc759347b32daf10c94 EXPECTED=f40e92b9641b6bc759347b32daf10c94
[EXP_G_BLOCK] BLOCK=6 OBSERVED=1c97ce1c4a618bea6e012b6b180210ae EXPECTED=1c97ce1c4a618bea6e012b6b180210ae
[EXP_G_BLOCK] BLOCK=7 OBSERVED=d2db6906c129327bd2750d750dcd7f1c EXPECTED=d2db6906c129327bd2750d750dcd7f1c
[EXP_G_BLOCK] BLOCK=8 OBSERVED=267db2c61ab7ce6be3171129e1873950 EXPECTED=267db2c61ab7ce6be3171129e1873950
[EXP_G_BLOCK] BLOCK=9 OBSERVED=3209c66335328e2cb31f9e3475d553ec EXPECTED=3209c66335328e2cb31f9e3475d553ec
[EXP_G_BLOCK] BLOCK=10 OBSERVED=97c3efe9c703aa5ca4190d88ee13dd8c EXPECTED=97c3efe9c703aa5ca4190d88ee13dd8c
[EXP_G_BLOCK] BLOCK=11 OBSERVED=bd9c48cc2bfe66c707e323bc75bbfcb1 EXPECTED=bd9c48cc2bfe66c707e323bc75bbfcb1
[EXP_G_BLOCK] BLOCK=12 OBSERVED=ea4abb83c2268f114c6698f3d1cdcbfe EXPECTED=ea4abb83c2268f114c6698f3d1cdcbfe
[EXP_G_BLOCK] BLOCK=13 OBSERVED=76827fc108ad1a550fae9155c0eca2a9 EXPECTED=76827fc108ad1a550fae9155c0eca2a9
[EXP_G_BLOCK] BLOCK=14 OBSERVED=6974170b264ae74f4882d30ec5e703ed EXPECTED=6974170b264ae74f4882d30ec5e703ed
[EXP_G_BLOCK] BLOCK=15 OBSERVED=d949e5ce4701c9e388a056d1809f35a7 EXPECTED=d949e5ce4701c9e388a056d1809f35a7
[EXP_G_BLOCK] BLOCK=16 OBSERVED=08c5720f2bde6c54430e4f2088a8d7f4 EXPECTED=08c5720f2bde6c54430e4f2088a8d7f4
[EXP_G_BLOCK] BLOCK=17 OBSERVED=67d7601c4f727bd252c54b2b0d8d5838 EXPECTED=67d7601c4f727bd252c54b2b0d8d5838
[EXP_G_BLOCK] BLOCK=18 OBSERVED=044055277a1cb852fbb8ccd6c3ca9ae2 EXPECTED=044055277a1cb852fbb8ccd6c3ca9ae2
[EXP_G_BLOCK] BLOCK=19 OBSERVED=4f31bb291880c8b8f555ef3c82a7e972 EXPECTED=4f31bb291880c8b8f555ef3c82a7e972
[EXP_G_BLOCK] BLOCK=20 OBSERVED=abccaa5ba00cf2574d92685b7e2c9cdf EXPECTED=abccaa5ba00cf2574d92685b7e2c9cdf
[EXP_G_BLOCK] BLOCK=21 OBSERVED=572fe2d08945f1f65673ebe02c69ba97 EXPECTED=572fe2d08945f1f65673ebe02c69ba97
[EXP_G_BLOCK] BLOCK=22 OBSERVED=6650e9ec2d62711f24f6ed02df25d353 EXPECTED=6650e9ec2d62711f24f6ed02df25d353
[EXP_G_BLOCK] BLOCK=23 OBSERVED=ce25aedd0ca4ef5e62be1f4bf96d5772 EXPECTED=ce25aedd0ca4ef5e62be1f4bf96d5772
[EXP_G_BLOCK] BLOCK=24 OBSERVED=e6643960a3cb41f4f38458e072050273 EXPECTED=e6643960a3cb41f4f38458e072050273
[EXP_G_BLOCK] BLOCK=25 OBSERVED=a74bb2439b97b8097cbb76c98234446b EXPECTED=a74bb2439b97b8097cbb76c98234446b
[EXP_G_BLOCK] BLOCK=26 OBSERVED=9503211c88ecae2c0ece111bbc371d53 EXPECTED=9503211c88ecae2c0ece111bbc371d53
[EXP_G_BLOCK] BLOCK=27 OBSERVED=0b858e94f87d28563d566fd9382a793d EXPECTED=0b858e94f87d28563d566fd9382a793d
[EXP_G_BLOCK] BLOCK=28 OBSERVED=ff45e43de7d4b6397545a7940300cfad EXPECTED=ff45e43de7d4b6397545a7940300cfad
[EXP_G_BLOCK] BLOCK=29 OBSERVED=c16dc6711e05569495d23a31b5d7a9e2 EXPECTED=c16dc6711e05569495d23a31b5d7a9e2
[EXP_G_BLOCK] BLOCK=30 OBSERVED=9c5f233ec58c8f1bd240c4b7b8ec057f EXPECTED=9c5f233ec58c8f1bd240c4b7b8ec057f
[EXP_G_BLOCK] BLOCK=31 OBSERVED=53ee9b21ef283f0a648f0fa7cfdb7904 EXPECTED=53ee9b21ef283f0a648f0fa7cfdb7904
[EXP_G_BLOCK] BLOCK=32 OBSERVED=77ea065ae353cc0e822634f52277859d EXPECTED=77ea065ae353cc0e822634f52277859d
[EXP_G_BLOCK] BLOCK=33 OBSERVED=ccb7d48d2ad0632b11e2dc6e064efb7b EXPECTED=ccb7d48d2ad0632b11e2dc6e064efb7b
[EXP_G_BLOCK] BLOCK=34 OBSERVED=8e893ee3df5c31b3d8420327d567f58a EXPECTED=8e893ee3df5c31b3d8420327d567f58a
[EXP_G_BLOCK] BLOCK=35 OBSERVED=7678e53e30e52353ffe5e99acbe0b393 EXPECTED=7678e53e30e52353ffe5e99acbe0b393
[EXP_G_BLOCK] BLOCK=36 OBSERVED=2be8628094444c2501b740c25a07ebad EXPECTED=2be8628094444c2501b740c25a07ebad
[EXP_G_BLOCK] BLOCK=37 OBSERVED=2854f23569916aa3d2477a392b078477 EXPECTED=2854f23569916aa3d2477a392b078477
[EXP_G_BLOCK] BLOCK=38 OBSERVED=3a286f34d36547bc944888a37904edc2 EXPECTED=3a286f34d36547bc944888a37904edc2
[EXP_G_BLOCK] BLOCK=39 OBSERVED=64ef18fa43d887a22d1b2538afe14363 EXPECTED=64ef18fa43d887a22d1b2538afe14363
[EXP_G_BLOCK] BLOCK=40 OBSERVED=6cf23044d6bf10bc8a6bca9fa75ad988 EXPECTED=6cf23044d6bf10bc8a6bca9fa75ad988
[EXP_G_BLOCK] BLOCK=41 OBSERVED=a5024094f817e2a27ee573e843b09d83 EXPECTED=a5024094f817e2a27ee573e843b09d83
[EXP_G_BLOCK] BLOCK=42 OBSERVED=b2e2fcbc0595a1fdd49281f4bc8c2025 EXPECTED=b2e2fcbc0595a1fdd49281f4bc8c2025
[EXP_G_BLOCK] BLOCK=43 OBSERVED=0f2f44d02f642bcbb331ef9677fec302 EXPECTED=0f2f44d02f642bcbb331ef9677fec302
[EXP_G_BLOCK] BLOCK=44 OBSERVED=315011d3c98fee352a12d761de0a2543 EXPECTED=315011d3c98fee352a12d761de0a2543
[EXP_G_BLOCK] BLOCK=45 OBSERVED=332355cf22ef1e4fb1a76081fa7ee51a EXPECTED=332355cf22ef1e4fb1a76081fa7ee51a
[EXP_G_BLOCK] BLOCK=46 OBSERVED=92faa21955a1dcba923dc604191594f6 EXPECTED=92faa21955a1dcba923dc604191594f6
[EXP_G_BLOCK] BLOCK=47 OBSERVED=120a394f2d3cf2d9e312318c4a2c3fcc EXPECTED=120a394f2d3cf2d9e312318c4a2c3fcc
[EXP_G_BLOCK] BLOCK=48 OBSERVED=21d577a31a8cae253d3b6b07778f300a EXPECTED=21d577a31a8cae253d3b6b07778f300a
[EXP_G_BLOCK] BLOCK=49 OBSERVED=7fa7c6977b44744b8192c19b333522b4 EXPECTED=7fa7c6977b44744b8192c19b333522b4
[EXP_G_BLOCK] BLOCK=50 OBSERVED=9746e6bdb34be7769b1e1c76bfb2fdcf EXPECTED=9746e6bdb34be7769b1e1c76bfb2fdcf
[EXP_G_BLOCK] BLOCK=51 OBSERVED=2f4f9885acb54902e8cadb79d1526af7 EXPECTED=2f4f9885acb54902e8cadb79d1526af7
[EXP_G_BLOCK] BLOCK=52 OBSERVED=2e1fc106bcc9025a94cd39766eb19cf6 EXPECTED=2e1fc106bcc9025a94cd39766eb19cf6
[EXP_G_BLOCK] BLOCK=53 OBSERVED=a5a9a21bdc391d9111f853940a2c1ee1 EXPECTED=a5a9a21bdc391d9111f853940a2c1ee1
[EXP_G_BLOCK] BLOCK=54 OBSERVED=ca465504f0a0e3dbc5e6157638015b3a EXPECTED=ca465504f0a0e3dbc5e6157638015b3a
[EXP_G_BLOCK] BLOCK=55 OBSERVED=65daa4a7ce7ee29f803973accaefa95d EXPECTED=65daa4a7ce7ee29f803973accaefa95d
[EXP_G_BLOCK] BLOCK=56 OBSERVED=657c64c6161fb9eabcfe5488a5551d4e EXPECTED=657c64c6161fb9eabcfe5488a5551d4e
[EXP_G_BLOCK] BLOCK=57 OBSERVED=8b6e39d696e33e563baad9e8d7ae20f4 EXPECTED=8b6e39d696e33e563baad9e8d7ae20f4
[EXP_G_BLOCK] BLOCK=58 OBSERVED=c49b0e26ecbd1550d2a88f491811ace6 EXPECTED=c49b0e26ecbd1550d2a88f491811ace6
[EXP_G_BLOCK] BLOCK=59 OBSERVED=51f26bb7070a36a4f61d9e81615723ff EXPECTED=51f26bb7070a36a4f61d9e81615723ff
[EXP_G_BLOCK] BLOCK=60 OBSERVED=7d13c58334eff5ff7d11e51262d06b2b EXPECTED=7d13c58334eff5ff7d11e51262d06b2b
[EXP_G_BLOCK] BLOCK=61 OBSERVED=5ce4bbe9a39b871365b57cafdb65e36c EXPECTED=5ce4bbe9a39b871365b57cafdb65e36c
[EXP_G_BLOCK] BLOCK=62 OBSERVED=b4931eb9d196bd7b1f3114d848888ed7 EXPECTED=b4931eb9d196bd7b1f3114d848888ed7
[EXP_G_BLOCK] BLOCK=63 OBSERVED=e66b4b4bc75ff4b0bd0c50112a5c66fb EXPECTED=e66b4b4bc75ff4b0bd0c50112a5c66fb
[EXP_G_BLOCK] BLOCK=64 OBSERVED=0b75fa272640cc07ed95642c3375d622 EXPECTED=0b75fa272640cc07ed95642c3375d622
[EXP_G_BLOCK] BLOCK=65 OBSERVED=b0b671ed6e48dc53eab1da53a4629ecf EXPECTED=b0b671ed6e48dc53eab1da53a4629ecf
[EXP_G_BLOCK] BLOCK=66 OBSERVED=4177c1b8183b10c2525a86d9a7f5e279 EXPECTED=4177c1b8183b10c2525a86d9a7f5e279
[EXP_G_BLOCK] BLOCK=67 OBSERVED=c98f4d654fd3422455cf584c711c404a EXPECTED=c98f4d654fd3422455cf584c711c404a
[EXP_G_BLOCK] BLOCK=68 OBSERVED=fa26f6ca4febeab4c4c15683bcd2cae7 EXPECTED=fa26f6ca4febeab4c4c15683bcd2cae7
[EXP_G_BLOCK] BLOCK=69 OBSERVED=26ac62c22d44c931268ba39510d74db5 EXPECTED=26ac62c22d44c931268ba39510d74db5
[EXP_G_BLOCK] BLOCK=70 OBSERVED=5a3c80550fbfe12f81117745c61a2b3c EXPECTED=5a3c80550fbfe12f81117745c61a2b3c
[EXP_G_BLOCK] BLOCK=71 OBSERVED=3a0e52527bb34ee0ed6b106471b0ba60 EXPECTED=3a0e52527bb34ee0ed6b106471b0ba60
[EXP_G_BLOCK] BLOCK=72 OBSERVED=afc7a78b5be4aded0f06d6d1e99734d7 EXPECTED=afc7a78b5be4aded0f06d6d1e99734d7
[EXP_G_BLOCK] BLOCK=73 OBSERVED=88db54c5119d6dd22942702095b501c2 EXPECTED=88db54c5119d6dd22942702095b501c2
[EXP_G_BLOCK] BLOCK=74 OBSERVED=15e95b0d89ca635becc8a9d2fbe68284 EXPECTED=15e95b0d89ca635becc8a9d2fbe68284
[EXP_G_BLOCK] BLOCK=75 OBSERVED=a62ce0ce00d37efd091d941c4b617a79 EXPECTED=a62ce0ce00d37efd091d941c4b617a79
[EXP_G_BLOCK] BLOCK=76 OBSERVED=88e4f536b2c7489ff80d2082527d5c12 EXPECTED=88e4f536b2c7489ff80d2082527d5c12
[EXP_G_BLOCK] BLOCK=77 OBSERVED=4335a4f6870bc5503841addd77b83983 EXPECTED=4335a4f6870bc5503841addd77b83983
[EXP_G_BLOCK] BLOCK=78 OBSERVED=3ba48366d83db77f09c45e059b342106 EXPECTED=3ba48366d83db77f09c45e059b342106
[EXP_G_BLOCK] BLOCK=79 OBSERVED=71b2ddfb260525478009baa5cd4a1e1f EXPECTED=71b2ddfb260525478009baa5cd4a1e1f
[EXP_G_BLOCK] BLOCK=80 OBSERVED=1117ec295c2680232d6b88725938394b EXPECTED=1117ec295c2680232d6b88725938394b
[EXP_G_BLOCK] BLOCK=81 OBSERVED=2b1c7eb62b33f2f576117e8c7424bfc3 EXPECTED=2b1c7eb62b33f2f576117e8c7424bfc3
[EXP_G_BLOCK] BLOCK=82 OBSERVED=e521aa0bf40a43897b5bf90396aac5ba EXPECTED=e521aa0bf40a43897b5bf90396aac5ba
[EXP_G_BLOCK] BLOCK=83 OBSERVED=c516798a1a160de91216869667312929 EXPECTED=c516798a1a160de91216869667312929
[EXP_G_BLOCK] BLOCK=84 OBSERVED=0cd56d7fa546f1eda1b5646554c2d66c EXPECTED=0cd56d7fa546f1eda1b5646554c2d66c
[EXP_G_BLOCK] BLOCK=85 OBSERVED=dcfa8b1324f31f774c6bd036e3dc8a20 EXPECTED=dcfa8b1324f31f774c6bd036e3dc8a20
[EXP_G_BLOCK] BLOCK=86 OBSERVED=598b8e3b41798b15ad95241076601578 EXPECTED=598b8e3b41798b15ad95241076601578
[EXP_G_BLOCK] BLOCK=87 OBSERVED=a2eb3463f7af4bda74f90d3ffb23d611 EXPECTED=a2eb3463f7af4bda74f90d3ffb23d611
[EXP_G_BLOCK] BLOCK=88 OBSERVED=0b2a1cce6553d2873af4e3e6d93a6a06 EXPECTED=0b2a1cce6553d2873af4e3e6d93a6a06
[EXP_G_BLOCK] BLOCK=89 OBSERVED=2a5477095c393609729db508f8755e4c EXPECTED=2a5477095c393609729db508f8755e4c
[EXP_G_BLOCK] BLOCK=90 OBSERVED=4c665466d2078109f08d3e53163315ce EXPECTED=4c665466d2078109f08d3e53163315ce
[EXP_G_BLOCK] BLOCK=91 OBSERVED=2f3e6919fe03ded554ac2f349f2565e0 EXPECTED=2f3e6919fe03ded554ac2f349f2565e0
[EXP_G_BLOCK] BLOCK=92 OBSERVED=e8731c6b95316a8d8e7e54c671926ccd EXPECTED=e8731c6b95316a8d8e7e54c671926ccd
[EXP_G_BLOCK] BLOCK=93 OBSERVED=1ea10275ba7402599b24ca1c40716e10 EXPECTED=1ea10275ba7402599b24ca1c40716e10
[EXP_G_BLOCK] BLOCK=94 OBSERVED=82348d09ae6096d79960c374ee27e545 EXPECTED=82348d09ae6096d79960c374ee27e545
[EXP_G_BLOCK] BLOCK=95 OBSERVED=1673b2f57da3d72e9822c4307f42c0a1 EXPECTED=1673b2f57da3d72e9822c4307f42c0a1
[EXP_G_BLOCK] BLOCK=96 OBSERVED=f45e137acfc685e3ff12eabb9c04f67b EXPECTED=f45e137acfc685e3ff12eabb9c04f67b
[EXP_G_BLOCK] BLOCK=97 OBSERVED=f31c2f5c0dda84c4730e6d12f87fccce EXPECTED=f31c2f5c0dda84c4730e6d12f87fccce
[EXP_G_BLOCK] BLOCK=98 OBSERVED=d6b2708bae49601a4f7ea88be8b573a2 EXPECTED=d6b2708bae49601a4f7ea88be8b573a2
[EXP_G_BLOCK] BLOCK=99 OBSERVED=ba4c1ca43b3bbb1251beab20d6c69120 EXPECTED=ba4c1ca43b3bbb1251beab20d6c69120
[EXP_G_BLOCK] BLOCK=100 OBSERVED=880aac3c7ae40b8a229b3a89f7a80203 EXPECTED=880aac3c7ae40b8a229b3a89f7a80203
[EXP_G_BLOCK] BLOCK=101 OBSERVED=63d747dd43cda5316e9da114a07ab6e1 EXPECTED=63d747dd43cda5316e9da114a07ab6e1
[EXP_G_BLOCK] BLOCK=102 OBSERVED=5fd9aab57805825c5641d195a6eb4743 EXPECTED=5fd9aab57805825c5641d195a6eb4743
[EXP_G_BLOCK] BLOCK=103 OBSERVED=1299a25ce94739d87ba9cc94579f0ddc EXPECTED=1299a25ce94739d87ba9cc94579f0ddc
[EXP_G_BLOCK] BLOCK=104 OBSERVED=414005de029ec0b2abcf7529b23c5456 EXPECTED=414005de029ec0b2abcf7529b23c5456
[EXP_G_BLOCK] BLOCK=105 OBSERVED=cbb1682e1ff1558aa1e39a7a39e1d1f0 EXPECTED=cbb1682e1ff1558aa1e39a7a39e1d1f0
[EXP_G_BLOCK] BLOCK=106 OBSERVED=a49c9f143d8073a678320ab8ca945920 EXPECTED=a49c9f143d8073a678320ab8ca945920
[EXP_G_BLOCK] BLOCK=107 OBSERVED=7fdc5bb218253efb5b8cb375c32bc513 EXPECTED=7fdc5bb218253efb5b8cb375c32bc513
[EXP_G_BLOCK] BLOCK=108 OBSERVED=129e81cc001779c10dfb6280d20519ae EXPECTED=129e81cc001779c10dfb6280d20519ae
[EXP_G_BLOCK] BLOCK=109 OBSERVED=185c15078897cdfc6d77fd6e80df8329 EXPECTED=185c15078897cdfc6d77fd6e80df8329
[EXP_G_BLOCK] BLOCK=110 OBSERVED=10c4efb5b6a83dae443eb45e4934f452 EXPECTED=10c4efb5b6a83dae443eb45e4934f452
[EXP_G_BLOCK] BLOCK=111 OBSERVED=ccd159a39962ca44496b0ccf3af80d58 EXPECTED=ccd159a39962ca44496b0ccf3af80d58
[EXP_G_BLOCK] BLOCK=112 OBSERVED=491b3d81f4095b62f6b317fa0c10e3c4 EXPECTED=491b3d81f4095b62f6b317fa0c10e3c4
[EXP_G_BLOCK] BLOCK=113 OBSERVED=8c7dbb8119e2d12160f0f1120fe23226 EXPECTED=8c7dbb8119e2d12160f0f1120fe23226
[EXP_G_BLOCK] BLOCK=114 OBSERVED=0774adf9bbf0a669a021c18767bcc59b EXPECTED=0774adf9bbf0a669a021c18767bcc59b
[EXP_G_BLOCK] BLOCK=115 OBSERVED=fec4f8fe4e67e422e0163db85c45ec5b EXPECTED=fec4f8fe4e67e422e0163db85c45ec5b
[EXP_G_BLOCK] BLOCK=116 OBSERVED=48c8f60aff42e173a201e84a4ad26f4f EXPECTED=48c8f60aff42e173a201e84a4ad26f4f
[EXP_G_BLOCK] BLOCK=117 OBSERVED=d057794ae289984ed9b5b0482e935ada EXPECTED=d057794ae289984ed9b5b0482e935ada
[EXP_G_BLOCK] BLOCK=118 OBSERVED=5e5d3028d8b492969cd41b696579f6ec EXPECTED=5e5d3028d8b492969cd41b696579f6ec
[EXP_G_BLOCK] BLOCK=119 OBSERVED=c0a0517b1d50cdb3f4305d058500d705 EXPECTED=c0a0517b1d50cdb3f4305d058500d705
[EXP_G_BLOCK] BLOCK=120 OBSERVED=3c0fa53faa8318f79df9285602a93281 EXPECTED=3c0fa53faa8318f79df9285602a93281
[EXP_G_BLOCK] BLOCK=121 OBSERVED=d27d80d79ea3aa87aa59286ce82d8494 EXPECTED=d27d80d79ea3aa87aa59286ce82d8494
[EXP_G_BLOCK] BLOCK=122 OBSERVED=108f992eef1aef627030a344f976f331 EXPECTED=108f992eef1aef627030a344f976f331
[EXP_G_BLOCK] BLOCK=123 OBSERVED=48b39684c97ab017bf900a990ee92a25 EXPECTED=48b39684c97ab017bf900a990ee92a25
[EXP_G_BLOCK] BLOCK=124 OBSERVED=ff43e19d2e8db8c4ce4fdb99ab09d32a EXPECTED=ff43e19d2e8db8c4ce4fdb99ab09d32a
[EXP_G_BLOCK] BLOCK=125 OBSERVED=1d31f95fc46abfa21ea3fcdc54a1d241 EXPECTED=1d31f95fc46abfa21ea3fcdc54a1d241
[EXP_G_BLOCK] BLOCK=126 OBSERVED=94e90c48cf0a752d7d272f2bd6c634bb EXPECTED=94e90c48cf0a752d7d272f2bd6c634bb
[EXP_G_BLOCK] BLOCK=127 OBSERVED=2a098b2acceea5625419a1030c462df6 EXPECTED=2a098b2acceea5625419a1030c462df6
[EXP_G_BLOCK] BLOCK=128 OBSERVED=aa86ac833617b58768248c7f1b73f6a4 EXPECTED=aa86ac833617b58768248c7f1b73f6a4
[EXP_G_BLOCK] BLOCK=129 OBSERVED=362594d8949ffffefbb7221edea05ce2 EXPECTED=362594d8949ffffefbb7221edea05ce2
[EXP_G_BLOCK] BLOCK=130 OBSERVED=d921651301ed69887cce7f467d4bdbf2 EXPECTED=d921651301ed69887cce7f467d4bdbf2
[EXP_G_BLOCK] BLOCK=131 OBSERVED=5e6500c5b498080e2f6f8ee5499bbae0 EXPECTED=5e6500c5b498080e2f6f8ee5499bbae0
[EXP_G_BLOCK] BLOCK=132 OBSERVED=66dc062f6476c4a34e19f89084bb377f EXPECTED=66dc062f6476c4a34e19f89084bb377f
[EXP_G_BLOCK] BLOCK=133 OBSERVED=52179b6c06dc58e3daf46715c9315fc5 EXPECTED=52179b6c06dc58e3daf46715c9315fc5
[EXP_G_BLOCK] BLOCK=134 OBSERVED=bd21bf3381f8bd7b5662cf4079973474 EXPECTED=bd21bf3381f8bd7b5662cf4079973474
[EXP_G_BLOCK] BLOCK=135 OBSERVED=80dab08e4eb8a741f4d60d62c7b622bd EXPECTED=80dab08e4eb8a741f4d60d62c7b622bd
[EXP_G_BLOCK] BLOCK=136 OBSERVED=bdee284a49a9a83fd607449c4e465f65 EXPECTED=bdee284a49a9a83fd607449c4e465f65
[EXP_G_BLOCK] BLOCK=137 OBSERVED=117f8ecd517b332d7e2fe94b8156efea EXPECTED=117f8ecd517b332d7e2fe94b8156efea
[EXP_G_BLOCK] BLOCK=138 OBSERVED=119ab8ffec70f61ec4d9ed31a370d1c6 EXPECTED=119ab8ffec70f61ec4d9ed31a370d1c6
[EXP_G_BLOCK] BLOCK=139 OBSERVED=db44bdf853aa103b4c54cc37740e789c EXPECTED=db44bdf853aa103b4c54cc37740e789c
[EXP_G_BLOCK] BLOCK=140 OBSERVED=3131a73442034931802c94d330df317e EXPECTED=3131a73442034931802c94d330df317e
[EXP_G_BLOCK] BLOCK=141 OBSERVED=ab79ed6be4fddef72e92193c8b4e5333 EXPECTED=ab79ed6be4fddef72e92193c8b4e5333
[EXP_G_BLOCK] BLOCK=142 OBSERVED=0e7d0559ade76e984599c58da58c84b1 EXPECTED=0e7d0559ade76e984599c58da58c84b1
[EXP_G_BLOCK] BLOCK=143 OBSERVED=4ec12b983e65ad1293fc79a74bddb9de EXPECTED=4ec12b983e65ad1293fc79a74bddb9de
[EXP_G_BLOCK] BLOCK=144 OBSERVED=69e9fe94f75741d9cfb5d8e31302941e EXPECTED=69e9fe94f75741d9cfb5d8e31302941e
[EXP_G_BLOCK] BLOCK=145 OBSERVED=6b98c0b03909978b4138f9d9c40a6a36 EXPECTED=6b98c0b03909978b4138f9d9c40a6a36
[EXP_G_BLOCK] BLOCK=146 OBSERVED=c2117cbfae7c97f4ba88700d6fd963ce EXPECTED=c2117cbfae7c97f4ba88700d6fd963ce
[EXP_G_BLOCK] BLOCK=147 OBSERVED=33e5975e5b0bdfd587373fff2d9eb1d3 EXPECTED=33e5975e5b0bdfd587373fff2d9eb1d3
[EXP_G_BLOCK] BLOCK=148 OBSERVED=8bd2213734fdf75ec534809344578692 EXPECTED=8bd2213734fdf75ec534809344578692
[EXP_G_BLOCK] BLOCK=149 OBSERVED=db8cf3fe0d90fabfe6bd9a7e91606276 EXPECTED=db8cf3fe0d90fabfe6bd9a7e91606276
[EXP_G_BLOCK] BLOCK=150 OBSERVED=a82aedd16c7f43736ae757032b303d44 EXPECTED=a82aedd16c7f43736ae757032b303d44
[EXP_G_BLOCK] BLOCK=151 OBSERVED=1813486eb060a2312b3d9bc2f4f649ac EXPECTED=1813486eb060a2312b3d9bc2f4f649ac
[EXP_G_BLOCK] BLOCK=152 OBSERVED=e8912657f4ad447edbc2a79ac01af389 EXPECTED=e8912657f4ad447edbc2a79ac01af389
[EXP_G_BLOCK] BLOCK=153 OBSERVED=c1bd189f8b8e22d4a8949e3012b1b065 EXPECTED=c1bd189f8b8e22d4a8949e3012b1b065
[EXP_G_BLOCK] BLOCK=154 OBSERVED=18df6a301a48a5e5f3e8451d69f44403 EXPECTED=18df6a301a48a5e5f3e8451d69f44403
[EXP_G_BLOCK] BLOCK=155 OBSERVED=e8fdae73bbef1c2d1f9b96d913788e7b EXPECTED=e8fdae73bbef1c2d1f9b96d913788e7b
[EXP_G_BLOCK] BLOCK=156 OBSERVED=078457279d7381073a00713850cfe748 EXPECTED=078457279d7381073a00713850cfe748
[EXP_G_BLOCK] BLOCK=157 OBSERVED=9da631be65715f39d18aec4a74f78d66 EXPECTED=9da631be65715f39d18aec4a74f78d66
[EXP_G_BLOCK] BLOCK=158 OBSERVED=bc7f5b4d2bd1fb15672368d91922ce35 EXPECTED=bc7f5b4d2bd1fb15672368d91922ce35
[EXP_G_BLOCK] BLOCK=159 OBSERVED=2fd52948980e4c7fb0b3311bbb4f1a0d EXPECTED=2fd52948980e4c7fb0b3311bbb4f1a0d
[EXP_G_BLOCK] BLOCK=160 OBSERVED=fc82f680730a3dda24de0b775074d556 EXPECTED=fc82f680730a3dda24de0b775074d556
[EXP_G_BLOCK] BLOCK=161 OBSERVED=b48107db0b81799083c7564ba216fe23 EXPECTED=b48107db0b81799083c7564ba216fe23
[EXP_G_BLOCK] BLOCK=162 OBSERVED=9079bd50e030447e3b227693007cb237 EXPECTED=9079bd50e030447e3b227693007cb237
[EXP_G_BLOCK] BLOCK=163 OBSERVED=7ef15c74f4640ee23a71faa2f4089fae EXPECTED=7ef15c74f4640ee23a71faa2f4089fae
[EXP_G_BLOCK] BLOCK=164 OBSERVED=b3c03a70a08ab0349ba67d80dce2f077 EXPECTED=b3c03a70a08ab0349ba67d80dce2f077
[EXP_G_BLOCK] BLOCK=165 OBSERVED=97229092a75285bacc083abc47c2cfbc EXPECTED=97229092a75285bacc083abc47c2cfbc
[EXP_G_BLOCK] BLOCK=166 OBSERVED=2883100588e11298819e90ad555ecd02 EXPECTED=2883100588e11298819e90ad555ecd02
[EXP_G_BLOCK] BLOCK=167 OBSERVED=15e268130a5f5a5594aded472e4af9c9 EXPECTED=15e268130a5f5a5594aded472e4af9c9
[EXP_G_BLOCK] BLOCK=168 OBSERVED=65d5e71c43359a331830a10c8aee2f95 EXPECTED=65d5e71c43359a331830a10c8aee2f95
[EXP_G_BLOCK] BLOCK=169 OBSERVED=a076ec9dfbe47d52afc357336f20743b EXPECTED=a076ec9dfbe47d52afc357336f20743b
[EXP_G_BLOCK] BLOCK=170 OBSERVED=c7fc22f41fe53bf74383fab5465b29a2 EXPECTED=c7fc22f41fe53bf74383fab5465b29a2
[EXP_G_BLOCK] BLOCK=171 OBSERVED=c2dcc6f1bd627541208e3a11769d8a2d EXPECTED=c2dcc6f1bd627541208e3a11769d8a2d
[EXP_G_BLOCK] BLOCK=172 OBSERVED=19b6344c04f1923b8df8390e475321f5 EXPECTED=19b6344c04f1923b8df8390e475321f5
[EXP_G_BLOCK] BLOCK=173 OBSERVED=073d1dcaf6d54dd83361d7bf5405675f EXPECTED=073d1dcaf6d54dd83361d7bf5405675f
[EXP_G_BLOCK] BLOCK=174 OBSERVED=02f47c35450b1732cf137eed44c0ba2f EXPECTED=02f47c35450b1732cf137eed44c0ba2f
[EXP_G_BLOCK] BLOCK=175 OBSERVED=942d19032b39cc37c31220dd6bb37b9a EXPECTED=942d19032b39cc37c31220dd6bb37b9a
[EXP_G_BLOCK] BLOCK=176 OBSERVED=c46fc9971088f1bb7a57a635f36e338c EXPECTED=c46fc9971088f1bb7a57a635f36e338c
[EXP_G_BLOCK] BLOCK=177 OBSERVED=fc9142336461e849214ee14744cf7221 EXPECTED=fc9142336461e849214ee14744cf7221
[EXP_G_BLOCK] BLOCK=178 OBSERVED=39aad438c073b17c5896aca667f08b73 EXPECTED=39aad438c073b17c5896aca667f08b73
[EXP_G_BLOCK] BLOCK=179 OBSERVED=a55af9a835c308367595b85819cbd7d0 EXPECTED=a55af9a835c308367595b85819cbd7d0
[EXP_G_BLOCK] BLOCK=180 OBSERVED=fc0c7910f9b5af9f20e4601e2922da61 EXPECTED=fc0c7910f9b5af9f20e4601e2922da61
[EXP_G_BLOCK] BLOCK=181 OBSERVED=c76d39a49f068c50a1fb6bfb88414bc9 EXPECTED=c76d39a49f068c50a1fb6bfb88414bc9
[EXP_G_BLOCK] BLOCK=182 OBSERVED=aa2d546055e2cfc68e9a438a64c363d8 EXPECTED=aa2d546055e2cfc68e9a438a64c363d8
[EXP_G_BLOCK] BLOCK=183 OBSERVED=a0d3caf672a22c5d75d77d40c28920da EXPECTED=a0d3caf672a22c5d75d77d40c28920da
[EXP_G_BLOCK] BLOCK=184 OBSERVED=99967db5bb88176b15f300eef42baec3 EXPECTED=99967db5bb88176b15f300eef42baec3
[EXP_G_BLOCK] BLOCK=185 OBSERVED=c0d46125a1bf6c01d240b6633d6b830a EXPECTED=c0d46125a1bf6c01d240b6633d6b830a
[EXP_G_BLOCK] BLOCK=186 OBSERVED=90dea2f4f89a43c91efe18322b428ca0 EXPECTED=90dea2f4f89a43c91efe18322b428ca0
[EXP_G_BLOCK] BLOCK=187 OBSERVED=27404f83709e400d56f7f32f68d438b9 EXPECTED=27404f83709e400d56f7f32f68d438b9
[EXP_G_BLOCK] BLOCK=188 OBSERVED=130a5b19941aecfbf0950bc301c30070 EXPECTED=130a5b19941aecfbf0950bc301c30070
[EXP_G_BLOCK] BLOCK=189 OBSERVED=1559cfdb4a0b28422080ea4f75a3e92f EXPECTED=1559cfdb4a0b28422080ea4f75a3e92f
[EXP_G_BLOCK] BLOCK=190 OBSERVED=4d329bf339be4bb71c7fbbbeed2de365 EXPECTED=4d329bf339be4bb71c7fbbbeed2de365
[EXP_G_BLOCK] BLOCK=191 OBSERVED=eccf5d62defb38bdf604115d8283e218 EXPECTED=eccf5d62defb38bdf604115d8283e218
[EXP_G_BLOCK] BLOCK=192 OBSERVED=27434cf86146db20b6d08afb6de28f98 EXPECTED=27434cf86146db20b6d08afb6de28f98
[EXP_G_BLOCK] BLOCK=193 OBSERVED=127e8b7b8bfc5e0043f1193fb09ce3d2 EXPECTED=127e8b7b8bfc5e0043f1193fb09ce3d2
[EXP_G_BLOCK] BLOCK=194 OBSERVED=7cf2401bdc49350c60218354a0cfbfb9 EXPECTED=7cf2401bdc49350c60218354a0cfbfb9
[EXP_G_BLOCK] BLOCK=195 OBSERVED=62a0c0afc597a362b71f37c62217aff3 EXPECTED=62a0c0afc597a362b71f37c62217aff3
[EXP_G_BLOCK] BLOCK=196 OBSERVED=a99d84c12bcc4ba3ebe88054185a1a21 EXPECTED=a99d84c12bcc4ba3ebe88054185a1a21
[EXP_G_BLOCK] BLOCK=197 OBSERVED=2f3bd052651feb039834089f3e743229 EXPECTED=2f3bd052651feb039834089f3e743229
[EXP_G_BLOCK] BLOCK=198 OBSERVED=f3142869d0cf0c31ffc87fab2a872345 EXPECTED=f3142869d0cf0c31ffc87fab2a872345
[EXP_G_BLOCK] BLOCK=199 OBSERVED=408f056e919cb34768dc31202bf69c98 EXPECTED=408f056e919cb34768dc31202bf69c98
[EXP_G_BLOCK] BLOCK=200 OBSERVED=6f232212c09a046ec147fb53b5adcd37 EXPECTED=6f232212c09a046ec147fb53b5adcd37
[EXP_G_BLOCK] BLOCK=201 OBSERVED=39329375e0306ecc04efde87b1a27f60 EXPECTED=39329375e0306ecc04efde87b1a27f60
[EXP_G_BLOCK] BLOCK=202 OBSERVED=c4818493f37d384813e54ee26b008538 EXPECTED=c4818493f37d384813e54ee26b008538
[EXP_G_BLOCK] BLOCK=203 OBSERVED=e6e230fa9ee81704cae209c8ec0b4a84 EXPECTED=e6e230fa9ee81704cae209c8ec0b4a84
[EXP_G_BLOCK] BLOCK=204 OBSERVED=f2cbb4328fca23d577c6a797f296a13d EXPECTED=f2cbb4328fca23d577c6a797f296a13d
[EXP_G_BLOCK] BLOCK=205 OBSERVED=286ab8a31f654e0474f390bc7ae0e48b EXPECTED=286ab8a31f654e0474f390bc7ae0e48b
[EXP_G_BLOCK] BLOCK=206 OBSERVED=633cc50cd49680e96ed876f6298ef78e EXPECTED=633cc50cd49680e96ed876f6298ef78e
[EXP_G_BLOCK] BLOCK=207 OBSERVED=cb5772c646dc1c08688bb3f9453756b5 EXPECTED=cb5772c646dc1c08688bb3f9453756b5
[EXP_G_BLOCK] BLOCK=208 OBSERVED=04feef51afbe13925568ae087027cf28 EXPECTED=04feef51afbe13925568ae087027cf28
[EXP_G_BLOCK] BLOCK=209 OBSERVED=866ad1b96969e76eeaa924210282ca64 EXPECTED=866ad1b96969e76eeaa924210282ca64
[EXP_G_BLOCK] BLOCK=210 OBSERVED=b87df4b0d2437f4466ecdc40a794bd45 EXPECTED=b87df4b0d2437f4466ecdc40a794bd45
[EXP_G_BLOCK] BLOCK=211 OBSERVED=c4bfeed0df9cccc3bbacfe6800633047 EXPECTED=c4bfeed0df9cccc3bbacfe6800633047
[EXP_G_BLOCK] BLOCK=212 OBSERVED=eba255669fccc891e50f859ab3c4a7ba EXPECTED=eba255669fccc891e50f859ab3c4a7ba
[EXP_G_BLOCK] BLOCK=213 OBSERVED=00ff5f0b0c9fdbfc90225a72dd4f27ca EXPECTED=00ff5f0b0c9fdbfc90225a72dd4f27ca
[EXP_G_BLOCK] BLOCK=214 OBSERVED=e85efc90cfaf18edbb423f83cb914070 EXPECTED=e85efc90cfaf18edbb423f83cb914070
[EXP_G_BLOCK] BLOCK=215 OBSERVED=dc86efa671a1a6ae20c1069ba4b52008 EXPECTED=dc86efa671a1a6ae20c1069ba4b52008
[EXP_G_BLOCK] BLOCK=216 OBSERVED=af37e444ec86cc2bab799bdf0f72857b EXPECTED=af37e444ec86cc2bab799bdf0f72857b
[EXP_G_BLOCK] BLOCK=217 OBSERVED=994c1c9f49175b3e8848d3d87ff7024b EXPECTED=994c1c9f49175b3e8848d3d87ff7024b
[EXP_G_BLOCK] BLOCK=218 OBSERVED=1bea2c358366a8c83ee7812d50c04101 EXPECTED=1bea2c358366a8c83ee7812d50c04101
[EXP_G_BLOCK] BLOCK=219 OBSERVED=9e7b09b2aab786d0319e044ffdc127dc EXPECTED=9e7b09b2aab786d0319e044ffdc127dc
[EXP_G_BLOCK] BLOCK=220 OBSERVED=55924af2dc81ae911f64541fdb6f4f56 EXPECTED=55924af2dc81ae911f64541fdb6f4f56
[EXP_G_BLOCK] BLOCK=221 OBSERVED=7208e3139e07b491d2b8025961476c3b EXPECTED=7208e3139e07b491d2b8025961476c3b
[EXP_G_BLOCK] BLOCK=222 OBSERVED=745a2bc512526d981a9145f7f7eb9839 EXPECTED=745a2bc512526d981a9145f7f7eb9839
[EXP_G_BLOCK] BLOCK=223 OBSERVED=7e8f0680869a7866ce91482ea0d3bd3a EXPECTED=7e8f0680869a7866ce91482ea0d3bd3a
[EXP_G_BLOCK] BLOCK=224 OBSERVED=04218e3c5025bc3bf22414a13f0de44e EXPECTED=04218e3c5025bc3bf22414a13f0de44e
[EXP_G_BLOCK] BLOCK=225 OBSERVED=a20a5c199004945688996d9bebd20fa8 EXPECTED=a20a5c199004945688996d9bebd20fa8
[EXP_G_BLOCK] BLOCK=226 OBSERVED=9d294dd4f2838074135f4a7618b18ee7 EXPECTED=9d294dd4f2838074135f4a7618b18ee7
[EXP_G_BLOCK] BLOCK=227 OBSERVED=94f73bb421c65137165b499d9c898b48 EXPECTED=94f73bb421c65137165b499d9c898b48
[EXP_G_BLOCK] BLOCK=228 OBSERVED=fa4940995d6431225bfbbd0da6d2bf4e EXPECTED=fa4940995d6431225bfbbd0da6d2bf4e
[EXP_G_BLOCK] BLOCK=229 OBSERVED=8ad5f2d724a3449c4a0423fca973931b EXPECTED=8ad5f2d724a3449c4a0423fca973931b
[EXP_G_BLOCK] BLOCK=230 OBSERVED=da405b6b75bbe2ec1b3273b3752ff8a1 EXPECTED=da405b6b75bbe2ec1b3273b3752ff8a1
[EXP_G_BLOCK] BLOCK=231 OBSERVED=660fe7259e3b94ab23b49cbb6304ea34 EXPECTED=660fe7259e3b94ab23b49cbb6304ea34
[EXP_G_BLOCK] BLOCK=232 OBSERVED=9436197f4136136a8901b51a9ac0ce1e EXPECTED=9436197f4136136a8901b51a9ac0ce1e
[EXP_G_BLOCK] BLOCK=233 OBSERVED=94c09b42bbc76b242f52b721192f9b65 EXPECTED=94c09b42bbc76b242f52b721192f9b65
[EXP_G_BLOCK] BLOCK=234 OBSERVED=ab749d5e7ebdb3cab0c574aafbe3698b EXPECTED=ab749d5e7ebdb3cab0c574aafbe3698b
[EXP_G_BLOCK] BLOCK=235 OBSERVED=78b27fc0ec42c8f6c3d6ec5c4e243ff0 EXPECTED=78b27fc0ec42c8f6c3d6ec5c4e243ff0
[EXP_G_BLOCK] BLOCK=236 OBSERVED=0c81a224fd9094e6529ee043574b3d23 EXPECTED=0c81a224fd9094e6529ee043574b3d23
[EXP_G_BLOCK] BLOCK=237 OBSERVED=9ce3fb3d2e63fff0b50a0ee21cfb9b79 EXPECTED=9ce3fb3d2e63fff0b50a0ee21cfb9b79
[EXP_G_BLOCK] BLOCK=238 OBSERVED=29d5f6d814cb135d853d837ffe76f5ab EXPECTED=29d5f6d814cb135d853d837ffe76f5ab
[EXP_G_BLOCK] BLOCK=239 OBSERVED=0de7a96127eebb3c3350941ec70dde13 EXPECTED=0de7a96127eebb3c3350941ec70dde13
[EXP_G_BLOCK] BLOCK=240 OBSERVED=ef40739fd5a7767c4aeabb28aeb629ee EXPECTED=ef40739fd5a7767c4aeabb28aeb629ee
[EXP_G_BLOCK] BLOCK=241 OBSERVED=a4296fd0555542115cddd1003f51aea7 EXPECTED=a4296fd0555542115cddd1003f51aea7
[EXP_G_BLOCK] BLOCK=242 OBSERVED=d35d95c5643e70f4e46a5cfbb4686ffa EXPECTED=d35d95c5643e70f4e46a5cfbb4686ffa
[EXP_G_BLOCK] BLOCK=243 OBSERVED=945648b74c8476c5f4a7c78c1806f93f EXPECTED=945648b74c8476c5f4a7c78c1806f93f
[EXP_G_BLOCK] BLOCK=244 OBSERVED=d8081936db70d7889eddae4282c4aa58 EXPECTED=d8081936db70d7889eddae4282c4aa58
[EXP_G_BLOCK] BLOCK=245 OBSERVED=fd167ee63ef8984c253c479f6ff3a60e EXPECTED=fd167ee63ef8984c253c479f6ff3a60e
[EXP_G_BLOCK] BLOCK=246 OBSERVED=fce761140df645b75382723f13944c72 EXPECTED=fce761140df645b75382723f13944c72
[EXP_G_BLOCK] BLOCK=247 OBSERVED=83f0f4b6deec071be110614012e1893d EXPECTED=83f0f4b6deec071be110614012e1893d
[EXP_G_BLOCK] BLOCK=248 OBSERVED=06072fee7ff43e9373f1d8a513747f0e EXPECTED=06072fee7ff43e9373f1d8a513747f0e
[EXP_G_BLOCK] BLOCK=249 OBSERVED=f786edbaf73862d2a79d4b2c19f67b6f EXPECTED=f786edbaf73862d2a79d4b2c19f67b6f
[EXP_G_BLOCK] BLOCK=250 OBSERVED=5b10c9e3e2393c7ead28457ca4f696a6 EXPECTED=5b10c9e3e2393c7ead28457ca4f696a6
[EXP_G_BLOCK] BLOCK=251 OBSERVED=15461bb8959c983a4c0f5a7c19e9dd82 EXPECTED=15461bb8959c983a4c0f5a7c19e9dd82
[EXP_G_BLOCK] BLOCK=252 OBSERVED=01566291fc95e3e9c265b7778ddc3f9c EXPECTED=01566291fc95e3e9c265b7778ddc3f9c
[EXP_G_BLOCK] BLOCK=253 OBSERVED=758fec78580a458f29319303433dd52c EXPECTED=758fec78580a458f29319303433dd52c
[EXP_G_BLOCK] BLOCK=254 OBSERVED=f489433f5430436363268f7c5250a079 EXPECTED=f489433f5430436363268f7c5250a079
[EXP_G_BLOCK] BLOCK=255 OBSERVED=ffe663b198c1613b50037a4dd9195cdc EXPECTED=ffe663b198c1613b50037a4dd9195cdc
[EXP_G_BLOCK] BLOCK=256 OBSERVED=0900d8ec4bc4e135e85eb26d7cfbb3fb EXPECTED=0900d8ec4bc4e135e85eb26d7cfbb3fb
$finish called at time : 50385787500 ps : File "F:/advance_topic/UTE-PAPER/Experiment_G/payload_scaling/generated/RV32IMB/tb_expG_scale_rv32imb_4kib_ecb.v" Line 266
run: Time (s): cpu = 00:00:00 ; elapsed = 00:00:16 . Memory (MB): peak = 195.141 ; gain = 0.000
exit
INFO: xsimkernel Simulation Memory Usage: 29668 KB (Peak: 29668 KB), Simulation CPU Usage: 17046 ms
INFO: [Common 17-206] Exiting xsim at Sat Oct 10 10:12:14 2026...
