#-----------------------------------------------------------
# xsim v2024.2 (64-bit)
# SW Build 5239630 on Fri Nov 08 22:35:27 MST 2024
# IP Build 5239520 on Sun Nov 10 16:12:51 MST 2024
# SharedData Build 5239561 on Fri Nov 08 14:39:27 MST 2024
# Start of session at: Tue Oct  6 21:26:34 2026
# Process ID         : 13892
# Current directory  : F:/advance_topic/UTE-PAPER/Experiment_G/payload_scaling/runs/RV32IMB
# Command line       : xsim.exe -log 4kib_cfb128_r1.log -mode tcl -source {xsim.dir/snap_scale_rv32imb_4kib_cfb128/xsim_script.tcl}
# Log file           : F:/advance_topic/UTE-PAPER/Experiment_G/payload_scaling/runs/RV32IMB/4kib_cfb128_r1.log
# Journal file       : F:/advance_topic/UTE-PAPER/Experiment_G/payload_scaling/runs/RV32IMB\xsim.jou
# Running On         : thanhtruong
# Platform           : Windows Server 2016 or Windows 10
# Operating System   : 26200
# Processor Detail   : AMD Ryzen 5 5600H with Radeon Graphics         
# CPU Frequency      : 3294 MHz
# CPU Physical cores : 6
# CPU Logical cores  : 12
# Host memory        : 16487 MB
# Swap memory        : 11811 MB
# Total Virtual      : 28299 MB
# Available Virtual  : 15547 MB
#-----------------------------------------------------------
source xsim.dir/snap_scale_rv32imb_4kib_cfb128/xsim_script.tcl
# xsim {snap_scale_rv32imb_4kib_cfb128} -testplusarg REPEAT=1 -autoloadwcfg -runall
Time resolution is 1 ps
run -all
[EXP_G] CORE=RV32IMB MODE=CFB128 REPEAT=1 PAYLOAD_BYTES=4096 BLOCKS=256
[EXP_G] START=25 STOP=2017788 RAW_CYCLES=2017763 CYCLES_PER_BLOCK=7881.886719
[EXP_G] RETIRED=1624098 CPI=1.242390 ALU=867970 LOAD=320482 STORE=230202 BRANCH=200294 JUMP=5150 M=0 B=0
[EXP_G] TAKEN_BRANCH=169922 BRANCH_PENALTY_CYCLES=339844
[EXP_G] TOTAL_STALLS=393664 CONTROL_STALLS=350144 LOAD_USE_STALLS=43520 MEMORY_STALLS=0 OTHER_STALLS=0
[EXP_G] COUNTER_ERRORS=0 COUNTER_CHECK=PASS
[EXP_G] FW_ERRORS=0 TB_ERRORS=0 STATUS=50415353 RESULT=PASS
[EXP_G] BLOCKS_CHECKED=256 BYTES_CHECKED=4096
[EXP_G_BLOCK] BLOCK=1 OBSERVED=3b3fd92eb72dad20333449f8e83cfb4a EXPECTED=3b3fd92eb72dad20333449f8e83cfb4a
[EXP_G_BLOCK] BLOCK=2 OBSERVED=c8a64537a0b3a93fcde3cdad9f1ce58b EXPECTED=c8a64537a0b3a93fcde3cdad9f1ce58b
[EXP_G_BLOCK] BLOCK=3 OBSERVED=26751f67a3cbb140b1808cf187a4f4df EXPECTED=26751f67a3cbb140b1808cf187a4f4df
[EXP_G_BLOCK] BLOCK=4 OBSERVED=c04b05357c5d1c0eeac4c66f9ff7f2e6 EXPECTED=c04b05357c5d1c0eeac4c66f9ff7f2e6
[EXP_G_BLOCK] BLOCK=5 OBSERVED=cd548e3f4f3e194fea98e69a9d86b434 EXPECTED=cd548e3f4f3e194fea98e69a9d86b434
[EXP_G_BLOCK] BLOCK=6 OBSERVED=5a2dfc4120fa1853c5c5270dbcf115e4 EXPECTED=5a2dfc4120fa1853c5c5270dbcf115e4
[EXP_G_BLOCK] BLOCK=7 OBSERVED=465a3d6e55e7cdb849ef4e7d11d68135 EXPECTED=465a3d6e55e7cdb849ef4e7d11d68135
[EXP_G_BLOCK] BLOCK=8 OBSERVED=f91e1f933be36e88fe321af98837c393 EXPECTED=f91e1f933be36e88fe321af98837c393
[EXP_G_BLOCK] BLOCK=9 OBSERVED=eb336ce90ab596aa3b01d54233b63e9f EXPECTED=eb336ce90ab596aa3b01d54233b63e9f
[EXP_G_BLOCK] BLOCK=10 OBSERVED=c09b4a7335d3bd03d1681bbdadbd21c7 EXPECTED=c09b4a7335d3bd03d1681bbdadbd21c7
[EXP_G_BLOCK] BLOCK=11 OBSERVED=904d15878308040770e5120d2547eafe EXPECTED=904d15878308040770e5120d2547eafe
[EXP_G_BLOCK] BLOCK=12 OBSERVED=19cfbac02df5134ccf8f7df50e4d0ee6 EXPECTED=19cfbac02df5134ccf8f7df50e4d0ee6
[EXP_G_BLOCK] BLOCK=13 OBSERVED=0bfe3c7afdf2945153152eda8670a82d EXPECTED=0bfe3c7afdf2945153152eda8670a82d
[EXP_G_BLOCK] BLOCK=14 OBSERVED=c1bab2c1296d9a5f5ac0d605618ffb26 EXPECTED=c1bab2c1296d9a5f5ac0d605618ffb26
[EXP_G_BLOCK] BLOCK=15 OBSERVED=f517d0d8c9e9a04d437e9bb3112b53d7 EXPECTED=f517d0d8c9e9a04d437e9bb3112b53d7
[EXP_G_BLOCK] BLOCK=16 OBSERVED=467c069a44912b8f537f3058a725f02c EXPECTED=467c069a44912b8f537f3058a725f02c
[EXP_G_BLOCK] BLOCK=17 OBSERVED=45ff8697a5e6ba879745b8730bdfe25c EXPECTED=45ff8697a5e6ba879745b8730bdfe25c
[EXP_G_BLOCK] BLOCK=18 OBSERVED=8b91003fb699cf72d54320c6e2899833 EXPECTED=8b91003fb699cf72d54320c6e2899833
[EXP_G_BLOCK] BLOCK=19 OBSERVED=7f2f844756c4cd159132ab0ae56b6506 EXPECTED=7f2f844756c4cd159132ab0ae56b6506
[EXP_G_BLOCK] BLOCK=20 OBSERVED=4773e27b6e955b4c607f10c1a30b96e1 EXPECTED=4773e27b6e955b4c607f10c1a30b96e1
[EXP_G_BLOCK] BLOCK=21 OBSERVED=a253913e04defdaf637ab9fdf4af92c7 EXPECTED=a253913e04defdaf637ab9fdf4af92c7
[EXP_G_BLOCK] BLOCK=22 OBSERVED=7c70acda127e1dfa52c3cd9c5cd719e3 EXPECTED=7c70acda127e1dfa52c3cd9c5cd719e3
[EXP_G_BLOCK] BLOCK=23 OBSERVED=fe2900b4a6150989cffae3feb2e84ddc EXPECTED=fe2900b4a6150989cffae3feb2e84ddc
[EXP_G_BLOCK] BLOCK=24 OBSERVED=cae861612ad270e64e2e7dc46d533917 EXPECTED=cae861612ad270e64e2e7dc46d533917
[EXP_G_BLOCK] BLOCK=25 OBSERVED=726c857132690459034ff5482f9c64a5 EXPECTED=726c857132690459034ff5482f9c64a5
[EXP_G_BLOCK] BLOCK=26 OBSERVED=c5a6542c64b4dc57fae035589442f6e7 EXPECTED=c5a6542c64b4dc57fae035589442f6e7
[EXP_G_BLOCK] BLOCK=27 OBSERVED=826420f3e86d9fce5d222402b1c985d1 EXPECTED=826420f3e86d9fce5d222402b1c985d1
[EXP_G_BLOCK] BLOCK=28 OBSERVED=b0572753c1b0dcf41ddd55e0a08ab7bd EXPECTED=b0572753c1b0dcf41ddd55e0a08ab7bd
[EXP_G_BLOCK] BLOCK=29 OBSERVED=3c896d797c5fed94ceff0015947d5187 EXPECTED=3c896d797c5fed94ceff0015947d5187
[EXP_G_BLOCK] BLOCK=30 OBSERVED=62f605d71c725c7273001789dd3c36e5 EXPECTED=62f605d71c725c7273001789dd3c36e5
[EXP_G_BLOCK] BLOCK=31 OBSERVED=c7f04bea744f39c0a580a50cbfbecf7c EXPECTED=c7f04bea744f39c0a580a50cbfbecf7c
[EXP_G_BLOCK] BLOCK=32 OBSERVED=411138ed154a01646b6ac3b60de5f6e3 EXPECTED=411138ed154a01646b6ac3b60de5f6e3
[EXP_G_BLOCK] BLOCK=33 OBSERVED=6e69c7cf9cfb2e215facdc39c0a269f1 EXPECTED=6e69c7cf9cfb2e215facdc39c0a269f1
[EXP_G_BLOCK] BLOCK=34 OBSERVED=14188f2b6bb087f94fafeb1e638b594c EXPECTED=14188f2b6bb087f94fafeb1e638b594c
[EXP_G_BLOCK] BLOCK=35 OBSERVED=19258d0734a0cccbb8997b0a66ac68d4 EXPECTED=19258d0734a0cccbb8997b0a66ac68d4
[EXP_G_BLOCK] BLOCK=36 OBSERVED=fa2734495bd8eff54d4b23977be7ba76 EXPECTED=fa2734495bd8eff54d4b23977be7ba76
[EXP_G_BLOCK] BLOCK=37 OBSERVED=a615d3099ced3b1e765616c80aabf438 EXPECTED=a615d3099ced3b1e765616c80aabf438
[EXP_G_BLOCK] BLOCK=38 OBSERVED=7392eb28653ceff8b8742cb2a4d11085 EXPECTED=7392eb28653ceff8b8742cb2a4d11085
[EXP_G_BLOCK] BLOCK=39 OBSERVED=854acf4d3d7fdd4e3592b94095a2fb8a EXPECTED=854acf4d3d7fdd4e3592b94095a2fb8a
[EXP_G_BLOCK] BLOCK=40 OBSERVED=547cd2e8f1b01588839b4b99afeb5c34 EXPECTED=547cd2e8f1b01588839b4b99afeb5c34
[EXP_G_BLOCK] BLOCK=41 OBSERVED=b4f206469d10d8e37a8eaa2f5c66160d EXPECTED=b4f206469d10d8e37a8eaa2f5c66160d
[EXP_G_BLOCK] BLOCK=42 OBSERVED=0447404b961edcd71a18f5a69693b18d EXPECTED=0447404b961edcd71a18f5a69693b18d
[EXP_G_BLOCK] BLOCK=43 OBSERVED=385096fa4c0e82d5dea968a3efd97ee1 EXPECTED=385096fa4c0e82d5dea968a3efd97ee1
[EXP_G_BLOCK] BLOCK=44 OBSERVED=99778e4f01452d5b3007474f6d18130e EXPECTED=99778e4f01452d5b3007474f6d18130e
[EXP_G_BLOCK] BLOCK=45 OBSERVED=5aa1b522a6a9f7f47837a7c9efc75b66 EXPECTED=5aa1b522a6a9f7f47837a7c9efc75b66
[EXP_G_BLOCK] BLOCK=46 OBSERVED=720329340a3a0b037bb6ef9212b38a90 EXPECTED=720329340a3a0b037bb6ef9212b38a90
[EXP_G_BLOCK] BLOCK=47 OBSERVED=eae7cc877f4ba12dfd1b479a043a4ab9 EXPECTED=eae7cc877f4ba12dfd1b479a043a4ab9
[EXP_G_BLOCK] BLOCK=48 OBSERVED=3014d03a6637ae83bba7ec3e1cd5169d EXPECTED=3014d03a6637ae83bba7ec3e1cd5169d
[EXP_G_BLOCK] BLOCK=49 OBSERVED=f5ba34c28bc5eb940854a57472bc6990 EXPECTED=f5ba34c28bc5eb940854a57472bc6990
[EXP_G_BLOCK] BLOCK=50 OBSERVED=4f149a2e30cf2e45ad2d8386b84bc04e EXPECTED=4f149a2e30cf2e45ad2d8386b84bc04e
[EXP_G_BLOCK] BLOCK=51 OBSERVED=3c0bfd330612f9593f506984d83eb289 EXPECTED=3c0bfd330612f9593f506984d83eb289
[EXP_G_BLOCK] BLOCK=52 OBSERVED=930e8b99e5799e3413102423687bf018 EXPECTED=930e8b99e5799e3413102423687bf018
[EXP_G_BLOCK] BLOCK=53 OBSERVED=6134a8f2036241e05d608d76119a1e29 EXPECTED=6134a8f2036241e05d608d76119a1e29
[EXP_G_BLOCK] BLOCK=54 OBSERVED=9e04d066bca74ea53f30e8ec795d97f8 EXPECTED=9e04d066bca74ea53f30e8ec795d97f8
[EXP_G_BLOCK] BLOCK=55 OBSERVED=74785a4cfd16fc1300bcea8117ef1dcd EXPECTED=74785a4cfd16fc1300bcea8117ef1dcd
[EXP_G_BLOCK] BLOCK=56 OBSERVED=f3b969a05ec59e3c5333f35340590659 EXPECTED=f3b969a05ec59e3c5333f35340590659
[EXP_G_BLOCK] BLOCK=57 OBSERVED=7fb767e60e86f489c8b1b862e7b78a8e EXPECTED=7fb767e60e86f489c8b1b862e7b78a8e
[EXP_G_BLOCK] BLOCK=58 OBSERVED=dd9acc24bb84a756bcc54744f7e07867 EXPECTED=dd9acc24bb84a756bcc54744f7e07867
[EXP_G_BLOCK] BLOCK=59 OBSERVED=3a8f284360463b195541c75a61ec336d EXPECTED=3a8f284360463b195541c75a61ec336d
[EXP_G_BLOCK] BLOCK=60 OBSERVED=fd9b0e2a069d75f1fcfb8d1614edb065 EXPECTED=fd9b0e2a069d75f1fcfb8d1614edb065
[EXP_G_BLOCK] BLOCK=61 OBSERVED=9817c412bfac2dcbb1bd8f385de22377 EXPECTED=9817c412bfac2dcbb1bd8f385de22377
[EXP_G_BLOCK] BLOCK=62 OBSERVED=32ebf2b1df31449517ef4e6d358c5249 EXPECTED=32ebf2b1df31449517ef4e6d358c5249
[EXP_G_BLOCK] BLOCK=63 OBSERVED=69fa892dce8ac05fab61c6009451664a EXPECTED=69fa892dce8ac05fab61c6009451664a
[EXP_G_BLOCK] BLOCK=64 OBSERVED=596c987e7381c77e31f83e9368f6a11f EXPECTED=596c987e7381c77e31f83e9368f6a11f
[EXP_G_BLOCK] BLOCK=65 OBSERVED=4ab3ec7fc45d69b83b200d193169c8e2 EXPECTED=4ab3ec7fc45d69b83b200d193169c8e2
[EXP_G_BLOCK] BLOCK=66 OBSERVED=5579a9c9676a3e83d175ac4b1712ded2 EXPECTED=5579a9c9676a3e83d175ac4b1712ded2
[EXP_G_BLOCK] BLOCK=67 OBSERVED=4daab0487e2ab6e0f05bc165c06c21b5 EXPECTED=4daab0487e2ab6e0f05bc165c06c21b5
[EXP_G_BLOCK] BLOCK=68 OBSERVED=caa279f7ae4a8e23707a1119fd44b2cf EXPECTED=caa279f7ae4a8e23707a1119fd44b2cf
[EXP_G_BLOCK] BLOCK=69 OBSERVED=b4479fe78a15b5275ac85d55dcb7483a EXPECTED=b4479fe78a15b5275ac85d55dcb7483a
[EXP_G_BLOCK] BLOCK=70 OBSERVED=25ad3208cc48053e3009ac2151fd38c9 EXPECTED=25ad3208cc48053e3009ac2151fd38c9
[EXP_G_BLOCK] BLOCK=71 OBSERVED=fc2c992c79ccdb15d9001a2fbcf10b45 EXPECTED=fc2c992c79ccdb15d9001a2fbcf10b45
[EXP_G_BLOCK] BLOCK=72 OBSERVED=f398a4ea61dbd245c524b0574ecc2ba9 EXPECTED=f398a4ea61dbd245c524b0574ecc2ba9
[EXP_G_BLOCK] BLOCK=73 OBSERVED=42e9f59f09cf763ab44807d0f06ba04e EXPECTED=42e9f59f09cf763ab44807d0f06ba04e
[EXP_G_BLOCK] BLOCK=74 OBSERVED=dea1f9ebf1a339ada74bd63edaa62198 EXPECTED=dea1f9ebf1a339ada74bd63edaa62198
[EXP_G_BLOCK] BLOCK=75 OBSERVED=6c6e96b80098c1741e1af8ecab8e9096 EXPECTED=6c6e96b80098c1741e1af8ecab8e9096
[EXP_G_BLOCK] BLOCK=76 OBSERVED=7438a0eff97822246323719866bbef94 EXPECTED=7438a0eff97822246323719866bbef94
[EXP_G_BLOCK] BLOCK=77 OBSERVED=05ecaa018976099638b8f5e52393d148 EXPECTED=05ecaa018976099638b8f5e52393d148
[EXP_G_BLOCK] BLOCK=78 OBSERVED=09ce4caf3be1e1cd4b608398fadba370 EXPECTED=09ce4caf3be1e1cd4b608398fadba370
[EXP_G_BLOCK] BLOCK=79 OBSERVED=effac7d0e2061e9d480dbca967c02d6e EXPECTED=effac7d0e2061e9d480dbca967c02d6e
[EXP_G_BLOCK] BLOCK=80 OBSERVED=9efa22c8d5da9f9c52d813d4d22b876b EXPECTED=9efa22c8d5da9f9c52d813d4d22b876b
[EXP_G_BLOCK] BLOCK=81 OBSERVED=788525a64e16fa327ec864e34dad8b66 EXPECTED=788525a64e16fa327ec864e34dad8b66
[EXP_G_BLOCK] BLOCK=82 OBSERVED=09549f1c2b77f5bf0bde73876c224071 EXPECTED=09549f1c2b77f5bf0bde73876c224071
[EXP_G_BLOCK] BLOCK=83 OBSERVED=b30511b8e8123b8c3bdc86d0f155c392 EXPECTED=b30511b8e8123b8c3bdc86d0f155c392
[EXP_G_BLOCK] BLOCK=84 OBSERVED=38b9257f9a71011f594ae2577ae25e23 EXPECTED=38b9257f9a71011f594ae2577ae25e23
[EXP_G_BLOCK] BLOCK=85 OBSERVED=a3b554b88bcf16ec36ece2c00af38f7f EXPECTED=a3b554b88bcf16ec36ece2c00af38f7f
[EXP_G_BLOCK] BLOCK=86 OBSERVED=e3762824ef465bbd89d11ce50ad19cc8 EXPECTED=e3762824ef465bbd89d11ce50ad19cc8
[EXP_G_BLOCK] BLOCK=87 OBSERVED=f96e1ec0c55c6b96a0d721c94197eb92 EXPECTED=f96e1ec0c55c6b96a0d721c94197eb92
[EXP_G_BLOCK] BLOCK=88 OBSERVED=b995e8302fb0426209ae60cb2e9f5624 EXPECTED=b995e8302fb0426209ae60cb2e9f5624
[EXP_G_BLOCK] BLOCK=89 OBSERVED=4322cb0cc7df75cc6233a2812fc503ac EXPECTED=4322cb0cc7df75cc6233a2812fc503ac
[EXP_G_BLOCK] BLOCK=90 OBSERVED=4b2e1d1a68e2e382eb5a83594f73b927 EXPECTED=4b2e1d1a68e2e382eb5a83594f73b927
[EXP_G_BLOCK] BLOCK=91 OBSERVED=0b5bbb020d5fb755bc6eaec235581d12 EXPECTED=0b5bbb020d5fb755bc6eaec235581d12
[EXP_G_BLOCK] BLOCK=92 OBSERVED=42306495e0d47d39808f575455b742b5 EXPECTED=42306495e0d47d39808f575455b742b5
[EXP_G_BLOCK] BLOCK=93 OBSERVED=f200cc512ba621e323aa30dcb0619916 EXPECTED=f200cc512ba621e323aa30dcb0619916
[EXP_G_BLOCK] BLOCK=94 OBSERVED=a913efcceaa789ad836b2d97882642ea EXPECTED=a913efcceaa789ad836b2d97882642ea
[EXP_G_BLOCK] BLOCK=95 OBSERVED=8a1f8eb1eba750d69a08b7d1bda0c022 EXPECTED=8a1f8eb1eba750d69a08b7d1bda0c022
[EXP_G_BLOCK] BLOCK=96 OBSERVED=820692346662dc287c75c8c996c8ba5a EXPECTED=820692346662dc287c75c8c996c8ba5a
[EXP_G_BLOCK] BLOCK=97 OBSERVED=83662c4105ce1d2dd8f63f19c21ab7aa EXPECTED=83662c4105ce1d2dd8f63f19c21ab7aa
[EXP_G_BLOCK] BLOCK=98 OBSERVED=cf2352ea40bc24832bfa8acf306a00e1 EXPECTED=cf2352ea40bc24832bfa8acf306a00e1
[EXP_G_BLOCK] BLOCK=99 OBSERVED=d8e18b3d1a04575b8909655501573ef5 EXPECTED=d8e18b3d1a04575b8909655501573ef5
[EXP_G_BLOCK] BLOCK=100 OBSERVED=fb933bbc9649d456dd1c4b398c1bb7cc EXPECTED=fb933bbc9649d456dd1c4b398c1bb7cc
[EXP_G_BLOCK] BLOCK=101 OBSERVED=b0dba8d11876ca9ae959c49c42ef2334 EXPECTED=b0dba8d11876ca9ae959c49c42ef2334
[EXP_G_BLOCK] BLOCK=102 OBSERVED=f16152c25fcc76ae5a1e2bc2271971e1 EXPECTED=f16152c25fcc76ae5a1e2bc2271971e1
[EXP_G_BLOCK] BLOCK=103 OBSERVED=b073d89f1e30cebe9ba941811075e8de EXPECTED=b073d89f1e30cebe9ba941811075e8de
[EXP_G_BLOCK] BLOCK=104 OBSERVED=ed0bb3f65a7ea0307cf0b06d3a29aabc EXPECTED=ed0bb3f65a7ea0307cf0b06d3a29aabc
[EXP_G_BLOCK] BLOCK=105 OBSERVED=e1a29fb5c8fbe63079376259410b1351 EXPECTED=e1a29fb5c8fbe63079376259410b1351
[EXP_G_BLOCK] BLOCK=106 OBSERVED=92d20da3c82ea893feb17e748eb5b503 EXPECTED=92d20da3c82ea893feb17e748eb5b503
[EXP_G_BLOCK] BLOCK=107 OBSERVED=c7642b8104867889362cf4202cc277dc EXPECTED=c7642b8104867889362cf4202cc277dc
[EXP_G_BLOCK] BLOCK=108 OBSERVED=9c37276d4e27d31ab75dd19f8ace5181 EXPECTED=9c37276d4e27d31ab75dd19f8ace5181
[EXP_G_BLOCK] BLOCK=109 OBSERVED=f678cd0b5d61ef5e382aceee88c85148 EXPECTED=f678cd0b5d61ef5e382aceee88c85148
[EXP_G_BLOCK] BLOCK=110 OBSERVED=cbff099d0b97c97e9f21fcbd0c8596c5 EXPECTED=cbff099d0b97c97e9f21fcbd0c8596c5
[EXP_G_BLOCK] BLOCK=111 OBSERVED=cefe5107674a1522e86375ad5c0379f5 EXPECTED=cefe5107674a1522e86375ad5c0379f5
[EXP_G_BLOCK] BLOCK=112 OBSERVED=982e753af85840806232f2efbba7f9a7 EXPECTED=982e753af85840806232f2efbba7f9a7
[EXP_G_BLOCK] BLOCK=113 OBSERVED=4437ec220fc2e851f4168295f2a15428 EXPECTED=4437ec220fc2e851f4168295f2a15428
[EXP_G_BLOCK] BLOCK=114 OBSERVED=aa2d68312d2fba65d75b0ae5dc6c6020 EXPECTED=aa2d68312d2fba65d75b0ae5dc6c6020
[EXP_G_BLOCK] BLOCK=115 OBSERVED=ea3182e28fef289720f33657572e39e5 EXPECTED=ea3182e28fef289720f33657572e39e5
[EXP_G_BLOCK] BLOCK=116 OBSERVED=6cb23fec61777be3c2975e50fa2efd91 EXPECTED=6cb23fec61777be3c2975e50fa2efd91
[EXP_G_BLOCK] BLOCK=117 OBSERVED=51b558ad47434b7f715a67ccece2e4b0 EXPECTED=51b558ad47434b7f715a67ccece2e4b0
[EXP_G_BLOCK] BLOCK=118 OBSERVED=4d1802cd69e933f8f469c3784d7a0038 EXPECTED=4d1802cd69e933f8f469c3784d7a0038
[EXP_G_BLOCK] BLOCK=119 OBSERVED=305ca5d210163965878add9cd9f88736 EXPECTED=305ca5d210163965878add9cd9f88736
[EXP_G_BLOCK] BLOCK=120 OBSERVED=5778aa8e004b57cb136a0a77d9990ab8 EXPECTED=5778aa8e004b57cb136a0a77d9990ab8
[EXP_G_BLOCK] BLOCK=121 OBSERVED=1feb83f4756524ae375e33cc72f5a9de EXPECTED=1feb83f4756524ae375e33cc72f5a9de
[EXP_G_BLOCK] BLOCK=122 OBSERVED=7806c21c8b84ae4986165b40f36d1b72 EXPECTED=7806c21c8b84ae4986165b40f36d1b72
[EXP_G_BLOCK] BLOCK=123 OBSERVED=49c7b37f65d0059b017aefd6ef9d61d5 EXPECTED=49c7b37f65d0059b017aefd6ef9d61d5
[EXP_G_BLOCK] BLOCK=124 OBSERVED=ea0a1436b2024e5590057621bba0a8f4 EXPECTED=ea0a1436b2024e5590057621bba0a8f4
[EXP_G_BLOCK] BLOCK=125 OBSERVED=ac9486bee605d9e82346f0578ec48e90 EXPECTED=ac9486bee605d9e82346f0578ec48e90
[EXP_G_BLOCK] BLOCK=126 OBSERVED=2d3feade2bf6fa6c7c5fd4d45698856c EXPECTED=2d3feade2bf6fa6c7c5fd4d45698856c
[EXP_G_BLOCK] BLOCK=127 OBSERVED=4410483c1ee852edd0a9e29cff25fdb1 EXPECTED=4410483c1ee852edd0a9e29cff25fdb1
[EXP_G_BLOCK] BLOCK=128 OBSERVED=e05de38ac623736e035955aec591d4a4 EXPECTED=e05de38ac623736e035955aec591d4a4
[EXP_G_BLOCK] BLOCK=129 OBSERVED=23263dd7e3c26a849226d885194d1f4c EXPECTED=23263dd7e3c26a849226d885194d1f4c
[EXP_G_BLOCK] BLOCK=130 OBSERVED=ef25b874dfff7b740bc4d3cae981bfbf EXPECTED=ef25b874dfff7b740bc4d3cae981bfbf
[EXP_G_BLOCK] BLOCK=131 OBSERVED=5a952b59b0bd3e40c89a73d82508e9c1 EXPECTED=5a952b59b0bd3e40c89a73d82508e9c1
[EXP_G_BLOCK] BLOCK=132 OBSERVED=5cef16b15044d9395b32cbedf35063fb EXPECTED=5cef16b15044d9395b32cbedf35063fb
[EXP_G_BLOCK] BLOCK=133 OBSERVED=93d6a6aab829e08779e15578373f0424 EXPECTED=93d6a6aab829e08779e15578373f0424
[EXP_G_BLOCK] BLOCK=134 OBSERVED=a6c8594aa1195075c9abd1a539f81eb1 EXPECTED=a6c8594aa1195075c9abd1a539f81eb1
[EXP_G_BLOCK] BLOCK=135 OBSERVED=9d0e30d785ab1af8b7cde0c2623781a0 EXPECTED=9d0e30d785ab1af8b7cde0c2623781a0
[EXP_G_BLOCK] BLOCK=136 OBSERVED=2400621900eba5bc7ab2687cca0a36e3 EXPECTED=2400621900eba5bc7ab2687cca0a36e3
[EXP_G_BLOCK] BLOCK=137 OBSERVED=0bac98e27fb0c87ee5cfc2a1c3761877 EXPECTED=0bac98e27fb0c87ee5cfc2a1c3761877
[EXP_G_BLOCK] BLOCK=138 OBSERVED=60606d17cb23f325416301a325d2966f EXPECTED=60606d17cb23f325416301a325d2966f
[EXP_G_BLOCK] BLOCK=139 OBSERVED=ea15e35c5ec86265f5d60825fe87b2c5 EXPECTED=ea15e35c5ec86265f5d60825fe87b2c5
[EXP_G_BLOCK] BLOCK=140 OBSERVED=3d1a21881466bcdf05f2f2f13545e60c EXPECTED=3d1a21881466bcdf05f2f2f13545e60c
[EXP_G_BLOCK] BLOCK=141 OBSERVED=e844d60e0448db6e71126f71fd56bed4 EXPECTED=e844d60e0448db6e71126f71fd56bed4
[EXP_G_BLOCK] BLOCK=142 OBSERVED=2766870cd2a9fd2faaacef901eca3006 EXPECTED=2766870cd2a9fd2faaacef901eca3006
[EXP_G_BLOCK] BLOCK=143 OBSERVED=18aa472862bd1fed9c960c92379bf209 EXPECTED=18aa472862bd1fed9c960c92379bf209
[EXP_G_BLOCK] BLOCK=144 OBSERVED=9d5419c4b86f63095147b8f0c20297a5 EXPECTED=9d5419c4b86f63095147b8f0c20297a5
[EXP_G_BLOCK] BLOCK=145 OBSERVED=39e457c72a730c22ff2a0ad2de1e8cba EXPECTED=39e457c72a730c22ff2a0ad2de1e8cba
[EXP_G_BLOCK] BLOCK=146 OBSERVED=4a5ebe768900ccec051eb07567ce0bc7 EXPECTED=4a5ebe768900ccec051eb07567ce0bc7
[EXP_G_BLOCK] BLOCK=147 OBSERVED=c7a06ef171aec75302a89fb62139553e EXPECTED=c7a06ef171aec75302a89fb62139553e
[EXP_G_BLOCK] BLOCK=148 OBSERVED=31d12d34085fbc872988b1905e319371 EXPECTED=31d12d34085fbc872988b1905e319371
[EXP_G_BLOCK] BLOCK=149 OBSERVED=9ae2dae330859f964c07425dcca0aff5 EXPECTED=9ae2dae330859f964c07425dcca0aff5
[EXP_G_BLOCK] BLOCK=150 OBSERVED=f2977f943216609071ac141693fc901b EXPECTED=f2977f943216609071ac141693fc901b
[EXP_G_BLOCK] BLOCK=151 OBSERVED=a2170c139631591a0314386cee13e12f EXPECTED=a2170c139631591a0314386cee13e12f
[EXP_G_BLOCK] BLOCK=152 OBSERVED=43a0790a0720af860b05ed7c78b3373d EXPECTED=43a0790a0720af860b05ed7c78b3373d
[EXP_G_BLOCK] BLOCK=153 OBSERVED=ac9d2fe70f8fd6f179818b0b74d38736 EXPECTED=ac9d2fe70f8fd6f179818b0b74d38736
[EXP_G_BLOCK] BLOCK=154 OBSERVED=3fd3c2508dd62e017d676e2df7bff2fc EXPECTED=3fd3c2508dd62e017d676e2df7bff2fc
[EXP_G_BLOCK] BLOCK=155 OBSERVED=39696faf745ea4b193663b6c4a04188e EXPECTED=39696faf745ea4b193663b6c4a04188e
[EXP_G_BLOCK] BLOCK=156 OBSERVED=9bbb928909872716ab889d9b8f91f9b3 EXPECTED=9bbb928909872716ab889d9b8f91f9b3
[EXP_G_BLOCK] BLOCK=157 OBSERVED=2fe41cf8e81e5b8181d810c4477ee363 EXPECTED=2fe41cf8e81e5b8181d810c4477ee363
[EXP_G_BLOCK] BLOCK=158 OBSERVED=8d0b1a93290cd3e422f272995376bcef EXPECTED=8d0b1a93290cd3e422f272995376bcef
[EXP_G_BLOCK] BLOCK=159 OBSERVED=ec267e99bbbeb9907c4c7d53c55f0ae0 EXPECTED=ec267e99bbbeb9907c4c7d53c55f0ae0
[EXP_G_BLOCK] BLOCK=160 OBSERVED=6eac38e1bd5f0f4f2bfe3973a7c2e00c EXPECTED=6eac38e1bd5f0f4f2bfe3973a7c2e00c
[EXP_G_BLOCK] BLOCK=161 OBSERVED=9d7bc3e700678ccb958326280b81aca5 EXPECTED=9d7bc3e700678ccb958326280b81aca5
[EXP_G_BLOCK] BLOCK=162 OBSERVED=08f76572e5bfaa0d6ff8d60725c352a6 EXPECTED=08f76572e5bfaa0d6ff8d60725c352a6
[EXP_G_BLOCK] BLOCK=163 OBSERVED=881097579351a4384867037f02ea95dc EXPECTED=881097579351a4384867037f02ea95dc
[EXP_G_BLOCK] BLOCK=164 OBSERVED=e5a7fec2f9715ba5defb4f71bc02b799 EXPECTED=e5a7fec2f9715ba5defb4f71bc02b799
[EXP_G_BLOCK] BLOCK=165 OBSERVED=a8130eebe87116a769b5e1c8ad4c3230 EXPECTED=a8130eebe87116a769b5e1c8ad4c3230
[EXP_G_BLOCK] BLOCK=166 OBSERVED=bbfc28700da3dbc1bcee3a486622b8b4 EXPECTED=bbfc28700da3dbc1bcee3a486622b8b4
[EXP_G_BLOCK] BLOCK=167 OBSERVED=493f4cd3f05ca7146ccc69a26c04726d EXPECTED=493f4cd3f05ca7146ccc69a26c04726d
[EXP_G_BLOCK] BLOCK=168 OBSERVED=6dbd206ee0b1531bcadf74d005eb215b EXPECTED=6dbd206ee0b1531bcadf74d005eb215b
[EXP_G_BLOCK] BLOCK=169 OBSERVED=2b99627d015c53fae70a5ee69d4961cf EXPECTED=2b99627d015c53fae70a5ee69d4961cf
[EXP_G_BLOCK] BLOCK=170 OBSERVED=a9c0601386d631aed686a7de590e48d0 EXPECTED=a9c0601386d631aed686a7de590e48d0
[EXP_G_BLOCK] BLOCK=171 OBSERVED=b9dfddd5b170a3b779f65bdea3826542 EXPECTED=b9dfddd5b170a3b779f65bdea3826542
[EXP_G_BLOCK] BLOCK=172 OBSERVED=90cc8b36bb1e4376d22a043189bbe705 EXPECTED=90cc8b36bb1e4376d22a043189bbe705
[EXP_G_BLOCK] BLOCK=173 OBSERVED=86d97d0115f6485675ff6f843a6c3845 EXPECTED=86d97d0115f6485675ff6f843a6c3845
[EXP_G_BLOCK] BLOCK=174 OBSERVED=4f437077fe7d459c95e3b4e9e9eeb14f EXPECTED=4f437077fe7d459c95e3b4e9e9eeb14f
[EXP_G_BLOCK] BLOCK=175 OBSERVED=3287ca05caea2fef098b0a73b10799b2 EXPECTED=3287ca05caea2fef098b0a73b10799b2
[EXP_G_BLOCK] BLOCK=176 OBSERVED=7e2e91a1dd6c8d22e8edde7c0d9e31f5 EXPECTED=7e2e91a1dd6c8d22e8edde7c0d9e31f5
[EXP_G_BLOCK] BLOCK=177 OBSERVED=747ac2607001d7b4c816db4ee51c8adc EXPECTED=747ac2607001d7b4c816db4ee51c8adc
[EXP_G_BLOCK] BLOCK=178 OBSERVED=2a1b1b19562b4eed6d93dfacdd88e9ea EXPECTED=2a1b1b19562b4eed6d93dfacdd88e9ea
[EXP_G_BLOCK] BLOCK=179 OBSERVED=8e26b351e5a0a831b7c8b13206308d3c EXPECTED=8e26b351e5a0a831b7c8b13206308d3c
[EXP_G_BLOCK] BLOCK=180 OBSERVED=0f171521371ee503d8b37d18b66913f2 EXPECTED=0f171521371ee503d8b37d18b66913f2
[EXP_G_BLOCK] BLOCK=181 OBSERVED=1666fc7fd53745d3c24d21fefe4bc3ab EXPECTED=1666fc7fd53745d3c24d21fefe4bc3ab
[EXP_G_BLOCK] BLOCK=182 OBSERVED=0f7aa3cbaa8c5e694e6e9d9240b0598b EXPECTED=0f7aa3cbaa8c5e694e6e9d9240b0598b
[EXP_G_BLOCK] BLOCK=183 OBSERVED=41c7947dfbdd1632418b486c78c75cab EXPECTED=41c7947dfbdd1632418b486c78c75cab
[EXP_G_BLOCK] BLOCK=184 OBSERVED=d0831151a407ba8e8939f981fa616d8b EXPECTED=d0831151a407ba8e8939f981fa616d8b
[EXP_G_BLOCK] BLOCK=185 OBSERVED=1004de3af4764ea9c0baa7def06a5b15 EXPECTED=1004de3af4764ea9c0baa7def06a5b15
[EXP_G_BLOCK] BLOCK=186 OBSERVED=0d270b5de394604608e12e28ffbb9bc0 EXPECTED=0d270b5de394604608e12e28ffbb9bc0
[EXP_G_BLOCK] BLOCK=187 OBSERVED=d391ed096badade1413521db05f2eea2 EXPECTED=d391ed096badade1413521db05f2eea2
[EXP_G_BLOCK] BLOCK=188 OBSERVED=4bb92f0c00caaee34da346e188775934 EXPECTED=4bb92f0c00caaee34da346e188775934
[EXP_G_BLOCK] BLOCK=189 OBSERVED=e9b2fb0bf8aa9bf35cb0e0654bf684bc EXPECTED=e9b2fb0bf8aa9bf35cb0e0654bf684bc
[EXP_G_BLOCK] BLOCK=190 OBSERVED=ecbc9629622b6f74429fb91f9b8af5f1 EXPECTED=ecbc9629622b6f74429fb91f9b8af5f1
[EXP_G_BLOCK] BLOCK=191 OBSERVED=72beebc74f355c64cbb4a19c0c1239e9 EXPECTED=72beebc74f355c64cbb4a19c0c1239e9
[EXP_G_BLOCK] BLOCK=192 OBSERVED=c3029e79a977bc20d6098c018e77a11a EXPECTED=c3029e79a977bc20d6098c018e77a11a
[EXP_G_BLOCK] BLOCK=193 OBSERVED=b1c5d0b6562e6baf01dcbedae1be7cbd EXPECTED=b1c5d0b6562e6baf01dcbedae1be7cbd
[EXP_G_BLOCK] BLOCK=194 OBSERVED=6c4ee55cd265898b7b4caf38fe956815 EXPECTED=6c4ee55cd265898b7b4caf38fe956815
[EXP_G_BLOCK] BLOCK=195 OBSERVED=7964fae0fc9d1a4f39d5c20dcaf15ac0 EXPECTED=7964fae0fc9d1a4f39d5c20dcaf15ac0
[EXP_G_BLOCK] BLOCK=196 OBSERVED=d5eddfe64a53eac93624c3e169f7c7f3 EXPECTED=d5eddfe64a53eac93624c3e169f7c7f3
[EXP_G_BLOCK] BLOCK=197 OBSERVED=c0de089be8f9c530ce1c170c8e37e549 EXPECTED=c0de089be8f9c530ce1c170c8e37e549
[EXP_G_BLOCK] BLOCK=198 OBSERVED=d2a326d69e671c767f93489d59cd315e EXPECTED=d2a326d69e671c767f93489d59cd315e
[EXP_G_BLOCK] BLOCK=199 OBSERVED=69b37fd6a7ae19241c5cf1eafd6fc288 EXPECTED=69b37fd6a7ae19241c5cf1eafd6fc288
[EXP_G_BLOCK] BLOCK=200 OBSERVED=740fadd8dd70878b6fc70caee4ec617f EXPECTED=740fadd8dd70878b6fc70caee4ec617f
[EXP_G_BLOCK] BLOCK=201 OBSERVED=1606776e1822730e29442388f6b0b501 EXPECTED=1606776e1822730e29442388f6b0b501
[EXP_G_BLOCK] BLOCK=202 OBSERVED=8e601b0cb801d4ce44dac60be62e4d89 EXPECTED=8e601b0cb801d4ce44dac60be62e4d89
[EXP_G_BLOCK] BLOCK=203 OBSERVED=1d77acdf8798fb27021a9d322a36ff01 EXPECTED=1d77acdf8798fb27021a9d322a36ff01
[EXP_G_BLOCK] BLOCK=204 OBSERVED=9fd6eb7fce58d98e40abefcd4eb8ca33 EXPECTED=9fd6eb7fce58d98e40abefcd4eb8ca33
[EXP_G_BLOCK] BLOCK=205 OBSERVED=b3c907363fc347339ebc4b119622e29b EXPECTED=b3c907363fc347339ebc4b119622e29b
[EXP_G_BLOCK] BLOCK=206 OBSERVED=5d6fd2d1e6e7bd5897b71af74f438c72 EXPECTED=5d6fd2d1e6e7bd5897b71af74f438c72
[EXP_G_BLOCK] BLOCK=207 OBSERVED=5c048c0168665bbc94f7bbe57dbec87d EXPECTED=5c048c0168665bbc94f7bbe57dbec87d
[EXP_G_BLOCK] BLOCK=208 OBSERVED=d5fa27899a0d89965356fe3706e7b31f EXPECTED=d5fa27899a0d89965356fe3706e7b31f
[EXP_G_BLOCK] BLOCK=209 OBSERVED=482bf120bd2114f988d3298716fd5745 EXPECTED=482bf120bd2114f988d3298716fd5745
[EXP_G_BLOCK] BLOCK=210 OBSERVED=bade59f7ed75923838f9363a29690914 EXPECTED=bade59f7ed75923838f9363a29690914
[EXP_G_BLOCK] BLOCK=211 OBSERVED=18416304afc55e4e4bd51664f69f66eb EXPECTED=18416304afc55e4e4bd51664f69f66eb
[EXP_G_BLOCK] BLOCK=212 OBSERVED=91f674908fc003c0742b0edd6ea30cb2 EXPECTED=91f674908fc003c0742b0edd6ea30cb2
[EXP_G_BLOCK] BLOCK=213 OBSERVED=f32ee2fa80b7b8736fe14598fb171278 EXPECTED=f32ee2fa80b7b8736fe14598fb171278
[EXP_G_BLOCK] BLOCK=214 OBSERVED=1556cfd7cd1838e226a5b660cb559293 EXPECTED=1556cfd7cd1838e226a5b660cb559293
[EXP_G_BLOCK] BLOCK=215 OBSERVED=9dd332c3ab2742adc9c2b85a613d11ca EXPECTED=9dd332c3ab2742adc9c2b85a613d11ca
[EXP_G_BLOCK] BLOCK=216 OBSERVED=793c54b143e3c860e287924a72b9ab6c EXPECTED=793c54b143e3c860e287924a72b9ab6c
[EXP_G_BLOCK] BLOCK=217 OBSERVED=312708d8323f9d4d09e06b0a1bf1bfce EXPECTED=312708d8323f9d4d09e06b0a1bf1bfce
[EXP_G_BLOCK] BLOCK=218 OBSERVED=2671511d83e45c21716c2c9075bbaa54 EXPECTED=2671511d83e45c21716c2c9075bbaa54
[EXP_G_BLOCK] BLOCK=219 OBSERVED=1a7d735e99ccb490972b488f85ae6ba3 EXPECTED=1a7d735e99ccb490972b488f85ae6ba3
[EXP_G_BLOCK] BLOCK=220 OBSERVED=22d9d713069e6dc0e42d5a2704863812 EXPECTED=22d9d713069e6dc0e42d5a2704863812
[EXP_G_BLOCK] BLOCK=221 OBSERVED=754904551bf4cd0eeba8cbca6f2d5fa9 EXPECTED=754904551bf4cd0eeba8cbca6f2d5fa9
[EXP_G_BLOCK] BLOCK=222 OBSERVED=162df8b87951ecb99f937852b757cdbc EXPECTED=162df8b87951ecb99f937852b757cdbc
[EXP_G_BLOCK] BLOCK=223 OBSERVED=bcb2ce20b1e4ea3d4df7182f50db674e EXPECTED=bcb2ce20b1e4ea3d4df7182f50db674e
[EXP_G_BLOCK] BLOCK=224 OBSERVED=09da5d51d94b85558388545991c76a59 EXPECTED=09da5d51d94b85558388545991c76a59
[EXP_G_BLOCK] BLOCK=225 OBSERVED=e86769c69a828dd91d85f477c246f4c3 EXPECTED=e86769c69a828dd91d85f477c246f4c3
[EXP_G_BLOCK] BLOCK=226 OBSERVED=b249a2380bd26e80ed1f1390b6b075f1 EXPECTED=b249a2380bd26e80ed1f1390b6b075f1
[EXP_G_BLOCK] BLOCK=227 OBSERVED=6f131a2e5a23686c0445e26056097e4e EXPECTED=6f131a2e5a23686c0445e26056097e4e
[EXP_G_BLOCK] BLOCK=228 OBSERVED=2ba4ab615f27cbfa33c1bf8612e2fb0b EXPECTED=2ba4ab615f27cbfa33c1bf8612e2fb0b
[EXP_G_BLOCK] BLOCK=229 OBSERVED=5a389806b987b673e2e8a0c80b9f6107 EXPECTED=5a389806b987b673e2e8a0c80b9f6107
[EXP_G_BLOCK] BLOCK=230 OBSERVED=1cc4402052769071a3fe151c292a24b4 EXPECTED=1cc4402052769071a3fe151c292a24b4
[EXP_G_BLOCK] BLOCK=231 OBSERVED=6720e5cdefce901f7457a9dc3deb062b EXPECTED=6720e5cdefce901f7457a9dc3deb062b
[EXP_G_BLOCK] BLOCK=232 OBSERVED=bcdff9d1213cf028831548c7ca7e3faf EXPECTED=bcdff9d1213cf028831548c7ca7e3faf
[EXP_G_BLOCK] BLOCK=233 OBSERVED=b3cd2b66553da6ce4557392f49860769 EXPECTED=b3cd2b66553da6ce4557392f49860769
[EXP_G_BLOCK] BLOCK=234 OBSERVED=9450abe401ad3b74030e277ff0e16702 EXPECTED=9450abe401ad3b74030e277ff0e16702
[EXP_G_BLOCK] BLOCK=235 OBSERVED=0afbf10ebe58a3e08a5d0e4a219e6d3f EXPECTED=0afbf10ebe58a3e08a5d0e4a219e6d3f
[EXP_G_BLOCK] BLOCK=236 OBSERVED=c162ea704abb16a3c6299edea1d42042 EXPECTED=c162ea704abb16a3c6299edea1d42042
[EXP_G_BLOCK] BLOCK=237 OBSERVED=796d8982bf98fbca8fbd242850931d35 EXPECTED=796d8982bf98fbca8fbd242850931d35
[EXP_G_BLOCK] BLOCK=238 OBSERVED=52b83a4c74f38e3e6b3eaeb09112a5df EXPECTED=52b83a4c74f38e3e6b3eaeb09112a5df
[EXP_G_BLOCK] BLOCK=239 OBSERVED=79ad8635fe0099de0bef122abb15077d EXPECTED=79ad8635fe0099de0bef122abb15077d
[EXP_G_BLOCK] BLOCK=240 OBSERVED=8d697aa30d4a0c878d2e2260e9a89f59 EXPECTED=8d697aa30d4a0c878d2e2260e9a89f59
[EXP_G_BLOCK] BLOCK=241 OBSERVED=4ecd52c35f2438a4c33defe5f0413956 EXPECTED=4ecd52c35f2438a4c33defe5f0413956
[EXP_G_BLOCK] BLOCK=242 OBSERVED=f39364d5ac490fe28f482039f52afdc7 EXPECTED=f39364d5ac490fe28f482039f52afdc7
[EXP_G_BLOCK] BLOCK=243 OBSERVED=b282eb113ec387137a603e41b56efa58 EXPECTED=b282eb113ec387137a603e41b56efa58
[EXP_G_BLOCK] BLOCK=244 OBSERVED=f83d7704418056e759e666c52e953919 EXPECTED=f83d7704418056e759e666c52e953919
[EXP_G_BLOCK] BLOCK=245 OBSERVED=809a54c8e10a1682e095d319ef15e8db EXPECTED=809a54c8e10a1682e095d319ef15e8db
[EXP_G_BLOCK] BLOCK=246 OBSERVED=355d3bcb752c4579c012b59bb82871df EXPECTED=355d3bcb752c4579c012b59bb82871df
[EXP_G_BLOCK] BLOCK=247 OBSERVED=ded300b0f74abc636d24b251aa215f48 EXPECTED=ded300b0f74abc636d24b251aa215f48
[EXP_G_BLOCK] BLOCK=248 OBSERVED=5a169b0d350174e4c6403ce52f4264d0 EXPECTED=5a169b0d350174e4c6403ce52f4264d0
[EXP_G_BLOCK] BLOCK=249 OBSERVED=3d17fb4955fb41e3db0b08ecfd463c7e EXPECTED=3d17fb4955fb41e3db0b08ecfd463c7e
[EXP_G_BLOCK] BLOCK=250 OBSERVED=6bd8ccc1d32d6a94bef1abfad65adc8b EXPECTED=6bd8ccc1d32d6a94bef1abfad65adc8b
[EXP_G_BLOCK] BLOCK=251 OBSERVED=e40c2319b553cdf6d5e3d460ffd5e9ea EXPECTED=e40c2319b553cdf6d5e3d460ffd5e9ea
[EXP_G_BLOCK] BLOCK=252 OBSERVED=d712d48f901887714bf25ae31b0f4a11 EXPECTED=d712d48f901887714bf25ae31b0f4a11
[EXP_G_BLOCK] BLOCK=253 OBSERVED=5211d6f1d0ab455879e9638391ee71ce EXPECTED=5211d6f1d0ab455879e9638391ee71ce
[EXP_G_BLOCK] BLOCK=254 OBSERVED=a38b784d21f9488f6cd24abccc82795e EXPECTED=a38b784d21f9488f6cd24abccc82795e
[EXP_G_BLOCK] BLOCK=255 OBSERVED=f356151c94c9c15713abd7b2337482b3 EXPECTED=f356151c94c9c15713abd7b2337482b3
[EXP_G_BLOCK] BLOCK=256 OBSERVED=14c08a121615589f1a9d3053a62d3403 EXPECTED=14c08a121615589f1a9d3053a62d3403
$finish called at time : 52391137500 ps : File "F:/advance_topic/UTE-PAPER/Experiment_G/payload_scaling/generated/RV32IMB/tb_expG_scale_rv32imb_4kib_cfb128.v" Line 261
run: Time (s): cpu = 00:00:00 ; elapsed = 00:00:18 . Memory (MB): peak = 195.199 ; gain = 0.000
exit
INFO: xsimkernel Simulation Memory Usage: 30632 KB (Peak: 30632 KB), Simulation CPU Usage: 18436 ms
INFO: [Common 17-206] Exiting xsim at Tue Oct  6 21:26:54 2026...
