#-----------------------------------------------------------
# xsim v2024.2 (64-bit)
# SW Build 5239630 on Fri Nov 08 22:35:27 MST 2024
# IP Build 5239520 on Sun Nov 10 16:12:51 MST 2024
# SharedData Build 5239561 on Fri Nov 08 14:39:27 MST 2024
# Start of session at: Sat Oct 10 10:12:57 2026
# Process ID         : 21308
# Current directory  : F:/advance_topic/UTE-PAPER/Experiment_G/payload_scaling/runs/RV32IMB
# Command line       : xsim.exe -log 4kib_cbc_r1.log -mode tcl -source {xsim.dir/snap_scale_rv32imb_4kib_cbc/xsim_script.tcl}
# Log file           : F:/advance_topic/UTE-PAPER/Experiment_G/payload_scaling/runs/RV32IMB/4kib_cbc_r1.log
# Journal file       : F:/advance_topic/UTE-PAPER/Experiment_G/payload_scaling/runs/RV32IMB\xsim.jou
# Running On         : thanhtruong
# Platform           : Windows Server 2016 or Windows 10
# Operating System   : 26200
# Processor Detail   : AMD Ryzen 5 5600H with Radeon Graphics         
# CPU Frequency      : 3294 MHz
# CPU Physical cores : 6
# CPU Logical cores  : 12
# Host memory        : 16487 MB
# Swap memory        : 12348 MB
# Total Virtual      : 28835 MB
# Available Virtual  : 13415 MB
#-----------------------------------------------------------
source xsim.dir/snap_scale_rv32imb_4kib_cbc/xsim_script.tcl
# xsim {snap_scale_rv32imb_4kib_cbc} -testplusarg REPEAT=1 -autoloadwcfg -runall
Time resolution is 1 ps
run -all
============================================================
[SOFTWARE_AES_SUMMARY] CORE=RV32IMB MODE=CBC PAYLOAD_BYTES=4096 BLOCKS=256
[SOFTWARE_AES_SUMMARY] MEASURE_WINDOW=START_MARKER_TO_STOP_MARKER START_CYCLE=25 STOP_CYCLE=2003265
[SOFTWARE_AES_SUMMARY] TOTAL_CYCLES=2003240 CYCLES_PER_BLOCK=7825.156250 RETIRED=1609942 CPI=1.244293
============================================================
[EXP_G] CORE=RV32IMB MODE=CBC REPEAT=1 PAYLOAD_BYTES=4096 BLOCKS=256
[EXP_G] START=25 STOP=2003265 RAW_CYCLES=2003240 CYCLES_PER_BLOCK=7825.156250
[EXP_G] RETIRED=1609942 CPI=1.244293 ALU=855095 LOAD=319714 STORE=229689 BRANCH=200294 JUMP=5150 M=0 B=0
[EXP_G] TAKEN_BRANCH=169738 BRANCH_PENALTY_CYCLES=339476
[EXP_G] TOTAL_STALLS=393297 CONTROL_STALLS=349776 LOAD_USE_STALLS=43521 MEMORY_STALLS=0 OTHER_STALLS=0
[EXP_G] COUNTER_ERRORS=0 COUNTER_CHECK=PASS
[EXP_G] FW_ERRORS=0 TB_ERRORS=0 STATUS=50415353 RESULT=PASS
[EXP_G] BLOCKS_CHECKED=256 BYTES_CHECKED=4096
[EXP_G_BLOCK] BLOCK=1 OBSERVED=7649abac8119b246cee98e9b12e9197d EXPECTED=7649abac8119b246cee98e9b12e9197d
[EXP_G_BLOCK] BLOCK=2 OBSERVED=5086cb9b507219ee95db113a917678b2 EXPECTED=5086cb9b507219ee95db113a917678b2
[EXP_G_BLOCK] BLOCK=3 OBSERVED=73bed6b8e3c1743b7116e69e22229516 EXPECTED=73bed6b8e3c1743b7116e69e22229516
[EXP_G_BLOCK] BLOCK=4 OBSERVED=3ff1caa1681fac09120eca307586e1a7 EXPECTED=3ff1caa1681fac09120eca307586e1a7
[EXP_G_BLOCK] BLOCK=5 OBSERVED=ec20776faf25a4b354846a50ff7ab16b EXPECTED=ec20776faf25a4b354846a50ff7ab16b
[EXP_G_BLOCK] BLOCK=6 OBSERVED=7445d201e08d61ac1f38ef8e8216ebfb EXPECTED=7445d201e08d61ac1f38ef8e8216ebfb
[EXP_G_BLOCK] BLOCK=7 OBSERVED=a79032c1817388e90ca43c71e24941a5 EXPECTED=a79032c1817388e90ca43c71e24941a5
[EXP_G_BLOCK] BLOCK=8 OBSERVED=05d6b4a12f955a0545d6fa84f4c97060 EXPECTED=05d6b4a12f955a0545d6fa84f4c97060
[EXP_G_BLOCK] BLOCK=9 OBSERVED=8783e968b1e3dcd971378c627736c312 EXPECTED=8783e968b1e3dcd971378c627736c312
[EXP_G_BLOCK] BLOCK=10 OBSERVED=de1ea44645649dcbed618c61d8094b8e EXPECTED=de1ea44645649dcbed618c61d8094b8e
[EXP_G_BLOCK] BLOCK=11 OBSERVED=aea26262f9a72fc977343db5c0e17774 EXPECTED=aea26262f9a72fc977343db5c0e17774
[EXP_G_BLOCK] BLOCK=12 OBSERVED=dee3915fae737cccc0c732e333588450 EXPECTED=dee3915fae737cccc0c732e333588450
[EXP_G_BLOCK] BLOCK=13 OBSERVED=7450362c4fb10fc0c12a3d71dfb4c885 EXPECTED=7450362c4fb10fc0c12a3d71dfb4c885
[EXP_G_BLOCK] BLOCK=14 OBSERVED=8acdf24f93b0a7e8e43a5fa6e57c4b94 EXPECTED=8acdf24f93b0a7e8e43a5fa6e57c4b94
[EXP_G_BLOCK] BLOCK=15 OBSERVED=cff125b04efdd54ddfded7067d32c78b EXPECTED=cff125b04efdd54ddfded7067d32c78b
[EXP_G_BLOCK] BLOCK=16 OBSERVED=282388a4523723fbd751ec268dd28843 EXPECTED=282388a4523723fbd751ec268dd28843
[EXP_G_BLOCK] BLOCK=17 OBSERVED=a444d9d176d9dc6278b1ff07716aab39 EXPECTED=a444d9d176d9dc6278b1ff07716aab39
[EXP_G_BLOCK] BLOCK=18 OBSERVED=e1aa2b6d8fae85f6e23062050a7cec1f EXPECTED=e1aa2b6d8fae85f6e23062050a7cec1f
[EXP_G_BLOCK] BLOCK=19 OBSERVED=9d08b37cd378d01573e9e020c8d04185 EXPECTED=9d08b37cd378d01573e9e020c8d04185
[EXP_G_BLOCK] BLOCK=20 OBSERVED=546b958e54e785adae83104826cba7e3 EXPECTED=546b958e54e785adae83104826cba7e3
[EXP_G_BLOCK] BLOCK=21 OBSERVED=c74fe37c35d14ac3743118710d4b179d EXPECTED=c74fe37c35d14ac3743118710d4b179d
[EXP_G_BLOCK] BLOCK=22 OBSERVED=4646538cb00053b2e09b2746431d33cb EXPECTED=4646538cb00053b2e09b2746431d33cb
[EXP_G_BLOCK] BLOCK=23 OBSERVED=bdaf77b6063c393eadaf5404c8e11d57 EXPECTED=bdaf77b6063c393eadaf5404c8e11d57
[EXP_G_BLOCK] BLOCK=24 OBSERVED=d96433637b1d3e41aaeaddd3f122df1b EXPECTED=d96433637b1d3e41aaeaddd3f122df1b
[EXP_G_BLOCK] BLOCK=25 OBSERVED=0cf4a739235e52ebb9c0c653045eed4a EXPECTED=0cf4a739235e52ebb9c0c653045eed4a
[EXP_G_BLOCK] BLOCK=26 OBSERVED=f758bdf276e0f62077d4aef0b87bab93 EXPECTED=f758bdf276e0f62077d4aef0b87bab93
[EXP_G_BLOCK] BLOCK=27 OBSERVED=d12002a662b349a1787c4ba1907f5a11 EXPECTED=d12002a662b349a1787c4ba1907f5a11
[EXP_G_BLOCK] BLOCK=28 OBSERVED=07598178de086fd6a8b60d24ce68cfef EXPECTED=07598178de086fd6a8b60d24ce68cfef
[EXP_G_BLOCK] BLOCK=29 OBSERVED=49118649febc5bfd9d1d2ea7d1080667 EXPECTED=49118649febc5bfd9d1d2ea7d1080667
[EXP_G_BLOCK] BLOCK=30 OBSERVED=4c4c7deee89e36555b5d9233046c43d1 EXPECTED=4c4c7deee89e36555b5d9233046c43d1
[EXP_G_BLOCK] BLOCK=31 OBSERVED=f428bb7d26afc003083cf82c70a1d53e EXPECTED=f428bb7d26afc003083cf82c70a1d53e
[EXP_G_BLOCK] BLOCK=32 OBSERVED=fdca1de03910f875f1c58efb7631f24f EXPECTED=fdca1de03910f875f1c58efb7631f24f
[EXP_G_BLOCK] BLOCK=33 OBSERVED=38b22b2da41f5b40491f12ed1437c519 EXPECTED=38b22b2da41f5b40491f12ed1437c519
[EXP_G_BLOCK] BLOCK=34 OBSERVED=3b2123b02350b7347db1938af3a89509 EXPECTED=3b2123b02350b7347db1938af3a89509
[EXP_G_BLOCK] BLOCK=35 OBSERVED=b4ade6241f70f5e26468457c23f2d242 EXPECTED=b4ade6241f70f5e26468457c23f2d242
[EXP_G_BLOCK] BLOCK=36 OBSERVED=53637bc96101ac0cde6f8affb30cf6d4 EXPECTED=53637bc96101ac0cde6f8affb30cf6d4
[EXP_G_BLOCK] BLOCK=37 OBSERVED=ee8fbf16d26821e699ff5c798728bf43 EXPECTED=ee8fbf16d26821e699ff5c798728bf43
[EXP_G_BLOCK] BLOCK=38 OBSERVED=308ba0f8e96ad8b55aeec42f5469c530 EXPECTED=308ba0f8e96ad8b55aeec42f5469c530
[EXP_G_BLOCK] BLOCK=39 OBSERVED=23bd14db1585e8c91bd8bd3d663761e2 EXPECTED=23bd14db1585e8c91bd8bd3d663761e2
[EXP_G_BLOCK] BLOCK=40 OBSERVED=7446420102354b4a9c02067b7b132288 EXPECTED=7446420102354b4a9c02067b7b132288
[EXP_G_BLOCK] BLOCK=41 OBSERVED=7664c209c65a799c43ea6238b0b3af59 EXPECTED=7664c209c65a799c43ea6238b0b3af59
[EXP_G_BLOCK] BLOCK=42 OBSERVED=28a0eb43f6d66047e3b890111a5b70e4 EXPECTED=28a0eb43f6d66047e3b890111a5b70e4
[EXP_G_BLOCK] BLOCK=43 OBSERVED=2d33ed45e7c8d758f802081be106cf73 EXPECTED=2d33ed45e7c8d758f802081be106cf73
[EXP_G_BLOCK] BLOCK=44 OBSERVED=63dde92d4c5ff83674c85eedc1cc3ca1 EXPECTED=63dde92d4c5ff83674c85eedc1cc3ca1
[EXP_G_BLOCK] BLOCK=45 OBSERVED=d9a19db533906697247d753a24d4899b EXPECTED=d9a19db533906697247d753a24d4899b
[EXP_G_BLOCK] BLOCK=46 OBSERVED=22644209f41b555dd53dd446e7e9d622 EXPECTED=22644209f41b555dd53dd446e7e9d622
[EXP_G_BLOCK] BLOCK=47 OBSERVED=527a298636e8bcc69f0080bd12225c44 EXPECTED=527a298636e8bcc69f0080bd12225c44
[EXP_G_BLOCK] BLOCK=48 OBSERVED=ddaa490c612a4638a61b8a9f428e1265 EXPECTED=ddaa490c612a4638a61b8a9f428e1265
[EXP_G_BLOCK] BLOCK=49 OBSERVED=34a542dc2dca575ce9d15c0d98a4245c EXPECTED=34a542dc2dca575ce9d15c0d98a4245c
[EXP_G_BLOCK] BLOCK=50 OBSERVED=2e36dc1617e345a8e8dc4a65f50d8070 EXPECTED=2e36dc1617e345a8e8dc4a65f50d8070
[EXP_G_BLOCK] BLOCK=51 OBSERVED=f723517cbdd54487f8bbec5b620bbaf2 EXPECTED=f723517cbdd54487f8bbec5b620bbaf2
[EXP_G_BLOCK] BLOCK=52 OBSERVED=eb17c2dea234c3e4f5ed20a0c6c6942b EXPECTED=eb17c2dea234c3e4f5ed20a0c6c6942b
[EXP_G_BLOCK] BLOCK=53 OBSERVED=cd7907a1dedea2b97b0811f1d61cb5d1 EXPECTED=cd7907a1dedea2b97b0811f1d61cb5d1
[EXP_G_BLOCK] BLOCK=54 OBSERVED=ce40288531e8f016b209656540ede1d0 EXPECTED=ce40288531e8f016b209656540ede1d0
[EXP_G_BLOCK] BLOCK=55 OBSERVED=44f4faee3e5a51a53f3a63d35b879a08 EXPECTED=44f4faee3e5a51a53f3a63d35b879a08
[EXP_G_BLOCK] BLOCK=56 OBSERVED=67e6411e76677e65381431b77ae20c16 EXPECTED=67e6411e76677e65381431b77ae20c16
[EXP_G_BLOCK] BLOCK=57 OBSERVED=60e9d99da4200da1267a54a9d80256e1 EXPECTED=60e9d99da4200da1267a54a9d80256e1
[EXP_G_BLOCK] BLOCK=58 OBSERVED=c9e8d0ce254fab314bf43c9063e5fda7 EXPECTED=c9e8d0ce254fab314bf43c9063e5fda7
[EXP_G_BLOCK] BLOCK=59 OBSERVED=46cdebc1081676f9ba4ab4c75618b625 EXPECTED=46cdebc1081676f9ba4ab4c75618b625
[EXP_G_BLOCK] BLOCK=60 OBSERVED=962e246b24c7c5f90e948057bd4c7a97 EXPECTED=962e246b24c7c5f90e948057bd4c7a97
[EXP_G_BLOCK] BLOCK=61 OBSERVED=b4a3dae7abc11edcbdc32081f7c8c1fd EXPECTED=b4a3dae7abc11edcbdc32081f7c8c1fd
[EXP_G_BLOCK] BLOCK=62 OBSERVED=88d2a3667929447cf4475ef5a0082304 EXPECTED=88d2a3667929447cf4475ef5a0082304
[EXP_G_BLOCK] BLOCK=63 OBSERVED=37729139f9028997909c3e62b1d8aa71 EXPECTED=37729139f9028997909c3e62b1d8aa71
[EXP_G_BLOCK] BLOCK=64 OBSERVED=c5f803307165dcf1490b5b5dd5e4247d EXPECTED=c5f803307165dcf1490b5b5dd5e4247d
[EXP_G_BLOCK] BLOCK=65 OBSERVED=b368c41d9705f83ce050974c44f25e0f EXPECTED=b368c41d9705f83ce050974c44f25e0f
[EXP_G_BLOCK] BLOCK=66 OBSERVED=cf33437a80d2302558f975d7e73986ef EXPECTED=cf33437a80d2302558f975d7e73986ef
[EXP_G_BLOCK] BLOCK=67 OBSERVED=0431f5439eecfaaf6166ac6cc0f15463 EXPECTED=0431f5439eecfaaf6166ac6cc0f15463
[EXP_G_BLOCK] BLOCK=68 OBSERVED=f1aa04c893392435492c07a9a5f8a155 EXPECTED=f1aa04c893392435492c07a9a5f8a155
[EXP_G_BLOCK] BLOCK=69 OBSERVED=f84556bc2550adb67ad3a7432a7d771c EXPECTED=f84556bc2550adb67ad3a7432a7d771c
[EXP_G_BLOCK] BLOCK=70 OBSERVED=68ea0de0fc2ed2774b0ad6a043d288ab EXPECTED=68ea0de0fc2ed2774b0ad6a043d288ab
[EXP_G_BLOCK] BLOCK=71 OBSERVED=3a9ec56cdc458ba5e9dbc33dee592f3d EXPECTED=3a9ec56cdc458ba5e9dbc33dee592f3d
[EXP_G_BLOCK] BLOCK=72 OBSERVED=1ef8966af496f7ff113fec06734db7dc EXPECTED=1ef8966af496f7ff113fec06734db7dc
[EXP_G_BLOCK] BLOCK=73 OBSERVED=4bd5ec8c07d2b883bf23020bee801d2d EXPECTED=4bd5ec8c07d2b883bf23020bee801d2d
[EXP_G_BLOCK] BLOCK=74 OBSERVED=5c352d240c7f8189ff92450086e7479b EXPECTED=5c352d240c7f8189ff92450086e7479b
[EXP_G_BLOCK] BLOCK=75 OBSERVED=173093a5ca0cb57d24177e93d31086e4 EXPECTED=173093a5ca0cb57d24177e93d31086e4
[EXP_G_BLOCK] BLOCK=76 OBSERVED=2fda2068d817d76af924ea8c75fec296 EXPECTED=2fda2068d817d76af924ea8c75fec296
[EXP_G_BLOCK] BLOCK=77 OBSERVED=8776bd6ce4162f055ad18840e9cc9788 EXPECTED=8776bd6ce4162f055ad18840e9cc9788
[EXP_G_BLOCK] BLOCK=78 OBSERVED=40e9470f11dac986d725fa8c01844af6 EXPECTED=40e9470f11dac986d725fa8c01844af6
[EXP_G_BLOCK] BLOCK=79 OBSERVED=e2317518a69514329f5c960638aaa770 EXPECTED=e2317518a69514329f5c960638aaa770
[EXP_G_BLOCK] BLOCK=80 OBSERVED=fecdce50bbbb1185148b63a244276509 EXPECTED=fecdce50bbbb1185148b63a244276509
[EXP_G_BLOCK] BLOCK=81 OBSERVED=83e0c42533e1715a7d5f20f13b6ee528 EXPECTED=83e0c42533e1715a7d5f20f13b6ee528
[EXP_G_BLOCK] BLOCK=82 OBSERVED=68ca57c73acc2c8eae04c434928e3f45 EXPECTED=68ca57c73acc2c8eae04c434928e3f45
[EXP_G_BLOCK] BLOCK=83 OBSERVED=feaa00a3dd0a42937425305558f6a5ae EXPECTED=feaa00a3dd0a42937425305558f6a5ae
[EXP_G_BLOCK] BLOCK=84 OBSERVED=d64b5aa9725cb06c8d6193fd72e73007 EXPECTED=d64b5aa9725cb06c8d6193fd72e73007
[EXP_G_BLOCK] BLOCK=85 OBSERVED=6a4d02b952b828d0d1b7df7a4f827b72 EXPECTED=6a4d02b952b828d0d1b7df7a4f827b72
[EXP_G_BLOCK] BLOCK=86 OBSERVED=6a82d4bf132c11ebf51b60f11a8d281b EXPECTED=6a82d4bf132c11ebf51b60f11a8d281b
[EXP_G_BLOCK] BLOCK=87 OBSERVED=6f1a8fe327976f67821bfc72d3eb0225 EXPECTED=6f1a8fe327976f67821bfc72d3eb0225
[EXP_G_BLOCK] BLOCK=88 OBSERVED=0943687ee8ce27dffb3697982df50af0 EXPECTED=0943687ee8ce27dffb3697982df50af0
[EXP_G_BLOCK] BLOCK=89 OBSERVED=d119ac6983495f1042201c63aacc261c EXPECTED=d119ac6983495f1042201c63aacc261c
[EXP_G_BLOCK] BLOCK=90 OBSERVED=0527830863d5a7cff303dfec77203a0a EXPECTED=0527830863d5a7cff303dfec77203a0a
[EXP_G_BLOCK] BLOCK=91 OBSERVED=d26b6606010e55383ac2c3e73aabb823 EXPECTED=d26b6606010e55383ac2c3e73aabb823
[EXP_G_BLOCK] BLOCK=92 OBSERVED=954d236fe3b3ed70bf4c06ef481dca49 EXPECTED=954d236fe3b3ed70bf4c06ef481dca49
[EXP_G_BLOCK] BLOCK=93 OBSERVED=101c4f99c1ccf39ba9c477e50ff4a67e EXPECTED=101c4f99c1ccf39ba9c477e50ff4a67e
[EXP_G_BLOCK] BLOCK=94 OBSERVED=2a00588943e6504e2a921358143c11bf EXPECTED=2a00588943e6504e2a921358143c11bf
[EXP_G_BLOCK] BLOCK=95 OBSERVED=8f7e7208d8da95030171ec0d8f6d33fb EXPECTED=8f7e7208d8da95030171ec0d8f6d33fb
[EXP_G_BLOCK] BLOCK=96 OBSERVED=192cbb34222bf61184dc36ff0e2a72f3 EXPECTED=192cbb34222bf61184dc36ff0e2a72f3
[EXP_G_BLOCK] BLOCK=97 OBSERVED=a99b5007934b5ec441c476928218cac7 EXPECTED=a99b5007934b5ec441c476928218cac7
[EXP_G_BLOCK] BLOCK=98 OBSERVED=b7dfb7f49724917defeb75fc24e43112 EXPECTED=b7dfb7f49724917defeb75fc24e43112
[EXP_G_BLOCK] BLOCK=99 OBSERVED=01736174b4f9f148ebc9be9a270178e7 EXPECTED=01736174b4f9f148ebc9be9a270178e7
[EXP_G_BLOCK] BLOCK=100 OBSERVED=4a86e44e47543cfe966f486cd70aa441 EXPECTED=4a86e44e47543cfe966f486cd70aa441
[EXP_G_BLOCK] BLOCK=101 OBSERVED=9913cc9c510b5834150b37eed4064f54 EXPECTED=9913cc9c510b5834150b37eed4064f54
[EXP_G_BLOCK] BLOCK=102 OBSERVED=2e7869e994accf17b9b7404bcef48f3b EXPECTED=2e7869e994accf17b9b7404bcef48f3b
[EXP_G_BLOCK] BLOCK=103 OBSERVED=fff6008f56693eb23d0de0eefe9a6c26 EXPECTED=fff6008f56693eb23d0de0eefe9a6c26
[EXP_G_BLOCK] BLOCK=104 OBSERVED=67b027764156d491d63bd0f53e0013f7 EXPECTED=67b027764156d491d63bd0f53e0013f7
[EXP_G_BLOCK] BLOCK=105 OBSERVED=b75f2ccd0f3f551ab7298cd231d8b746 EXPECTED=b75f2ccd0f3f551ab7298cd231d8b746
[EXP_G_BLOCK] BLOCK=106 OBSERVED=6d26b329aa911f93fafe203b734908c5 EXPECTED=6d26b329aa911f93fafe203b734908c5
[EXP_G_BLOCK] BLOCK=107 OBSERVED=82a1dcd41d96b652d2ad40fd3fff59c5 EXPECTED=82a1dcd41d96b652d2ad40fd3fff59c5
[EXP_G_BLOCK] BLOCK=108 OBSERVED=7c10a7ddfb2c08e2394d3e722b012063 EXPECTED=7c10a7ddfb2c08e2394d3e722b012063
[EXP_G_BLOCK] BLOCK=109 OBSERVED=9c461638ce5920c6a8399c03fd0a5278 EXPECTED=9c461638ce5920c6a8399c03fd0a5278
[EXP_G_BLOCK] BLOCK=110 OBSERVED=7ccc1140b80ed5f5fe43c7cfd07bfcb5 EXPECTED=7ccc1140b80ed5f5fe43c7cfd07bfcb5
[EXP_G_BLOCK] BLOCK=111 OBSERVED=b7d07f2657f4b6b34e99c881141db653 EXPECTED=b7d07f2657f4b6b34e99c881141db653
[EXP_G_BLOCK] BLOCK=112 OBSERVED=f6f191a894661a88a699c587019ccc29 EXPECTED=f6f191a894661a88a699c587019ccc29
[EXP_G_BLOCK] BLOCK=113 OBSERVED=3ea07e9f70f48759ae9802e5a19ae050 EXPECTED=3ea07e9f70f48759ae9802e5a19ae050
[EXP_G_BLOCK] BLOCK=114 OBSERVED=06c31dbb4711e0781491fdb057b4bac6 EXPECTED=06c31dbb4711e0781491fdb057b4bac6
[EXP_G_BLOCK] BLOCK=115 OBSERVED=ed9c61b8ccc7f851db94447c06cf33c6 EXPECTED=ed9c61b8ccc7f851db94447c06cf33c6
[EXP_G_BLOCK] BLOCK=116 OBSERVED=fb98b7b0ee8b570da8877664551e27e2 EXPECTED=fb98b7b0ee8b570da8877664551e27e2
[EXP_G_BLOCK] BLOCK=117 OBSERVED=a41a0815c9cc943588cc94f0623e6c27 EXPECTED=a41a0815c9cc943588cc94f0623e6c27
[EXP_G_BLOCK] BLOCK=118 OBSERVED=b385e9413d85661ec404f45b1a777849 EXPECTED=b385e9413d85661ec404f45b1a777849
[EXP_G_BLOCK] BLOCK=119 OBSERVED=44342d97eca5d10866a52b38ca2bc8d9 EXPECTED=44342d97eca5d10866a52b38ca2bc8d9
[EXP_G_BLOCK] BLOCK=120 OBSERVED=9626e313486db39dec3086e9fe9f434b EXPECTED=9626e313486db39dec3086e9fe9f434b
[EXP_G_BLOCK] BLOCK=121 OBSERVED=811cff4a5170d2d5eaf648b2c31c48ac EXPECTED=811cff4a5170d2d5eaf648b2c31c48ac
[EXP_G_BLOCK] BLOCK=122 OBSERVED=ccf4fcd01347ca143b761013b8a19786 EXPECTED=ccf4fcd01347ca143b761013b8a19786
[EXP_G_BLOCK] BLOCK=123 OBSERVED=f20a4fc73ac6f385247f7e49fadbde23 EXPECTED=f20a4fc73ac6f385247f7e49fadbde23
[EXP_G_BLOCK] BLOCK=124 OBSERVED=3ba6f6026c477be048ee179d046524f9 EXPECTED=3ba6f6026c477be048ee179d046524f9
[EXP_G_BLOCK] BLOCK=125 OBSERVED=aa6d9745cda45bb3a262e61d207ff060 EXPECTED=aa6d9745cda45bb3a262e61d207ff060
[EXP_G_BLOCK] BLOCK=126 OBSERVED=bc2a86e9cf06fbfc84254b82acbc921f EXPECTED=bc2a86e9cf06fbfc84254b82acbc921f
[EXP_G_BLOCK] BLOCK=127 OBSERVED=8f74292afe80b57d47b0d0289cb4196e EXPECTED=8f74292afe80b57d47b0d0289cb4196e
[EXP_G_BLOCK] BLOCK=128 OBSERVED=780a39df289c545db0defe847e4563e6 EXPECTED=780a39df289c545db0defe847e4563e6
[EXP_G_BLOCK] BLOCK=129 OBSERVED=ef459da5841b58430ea8698863ed4db6 EXPECTED=ef459da5841b58430ea8698863ed4db6
[EXP_G_BLOCK] BLOCK=130 OBSERVED=2ccbe21f0e37dd3cef2e757030212330 EXPECTED=2ccbe21f0e37dd3cef2e757030212330
[EXP_G_BLOCK] BLOCK=131 OBSERVED=bf334c708a84a3ab2f5db88cf0ced33d EXPECTED=bf334c708a84a3ab2f5db88cf0ced33d
[EXP_G_BLOCK] BLOCK=132 OBSERVED=2d19aa3abd6a0273c6a1c9e76ed03798 EXPECTED=2d19aa3abd6a0273c6a1c9e76ed03798
[EXP_G_BLOCK] BLOCK=133 OBSERVED=2ff7789c0b868b4095ba950ce96a158f EXPECTED=2ff7789c0b868b4095ba950ce96a158f
[EXP_G_BLOCK] BLOCK=134 OBSERVED=db7012a90aa353ce8dc698063ef86019 EXPECTED=db7012a90aa353ce8dc698063ef86019
[EXP_G_BLOCK] BLOCK=135 OBSERVED=26e80889375520e2553e3ecd4fb0c02e EXPECTED=26e80889375520e2553e3ecd4fb0c02e
[EXP_G_BLOCK] BLOCK=136 OBSERVED=eb31bcbd37df0c9da49292a6b2206c96 EXPECTED=eb31bcbd37df0c9da49292a6b2206c96
[EXP_G_BLOCK] BLOCK=137 OBSERVED=482e751872aa17a43bbc382af5397a33 EXPECTED=482e751872aa17a43bbc382af5397a33
[EXP_G_BLOCK] BLOCK=138 OBSERVED=c9d9e31359bbc22f71592ce667ead3aa EXPECTED=c9d9e31359bbc22f71592ce667ead3aa
[EXP_G_BLOCK] BLOCK=139 OBSERVED=f7cf63787c9e7b0d0c3e610e4f535025 EXPECTED=f7cf63787c9e7b0d0c3e610e4f535025
[EXP_G_BLOCK] BLOCK=140 OBSERVED=606678a524afb14d9073c8d2bef8176d EXPECTED=606678a524afb14d9073c8d2bef8176d
[EXP_G_BLOCK] BLOCK=141 OBSERVED=936c802594b70e4f1e05c0b84f434331 EXPECTED=936c802594b70e4f1e05c0b84f434331
[EXP_G_BLOCK] BLOCK=142 OBSERVED=44fcc2ccebc1096c9b6a2013847f1eab EXPECTED=44fcc2ccebc1096c9b6a2013847f1eab
[EXP_G_BLOCK] BLOCK=143 OBSERVED=dab46e9d04a23041d58b18d22a97303e EXPECTED=dab46e9d04a23041d58b18d22a97303e
[EXP_G_BLOCK] BLOCK=144 OBSERVED=95c63166938d828a9400501a32ea1d83 EXPECTED=95c63166938d828a9400501a32ea1d83
[EXP_G_BLOCK] BLOCK=145 OBSERVED=b012182313832666e8668f35d5d558ab EXPECTED=b012182313832666e8668f35d5d558ab
[EXP_G_BLOCK] BLOCK=146 OBSERVED=9adf7451eca6b9674424a1d4cdeca61d EXPECTED=9adf7451eca6b9674424a1d4cdeca61d
[EXP_G_BLOCK] BLOCK=147 OBSERVED=7a7437fbaf854626251d2ebe194b7280 EXPECTED=7a7437fbaf854626251d2ebe194b7280
[EXP_G_BLOCK] BLOCK=148 OBSERVED=3054c1176579eb9c839f52d768e2b8e4 EXPECTED=3054c1176579eb9c839f52d768e2b8e4
[EXP_G_BLOCK] BLOCK=149 OBSERVED=8f5b09c0fa5484e9bde3e156889a45e5 EXPECTED=8f5b09c0fa5484e9bde3e156889a45e5
[EXP_G_BLOCK] BLOCK=150 OBSERVED=8ab6ef0c39bf10136d2a2a4df12c0646 EXPECTED=8ab6ef0c39bf10136d2a2a4df12c0646
[EXP_G_BLOCK] BLOCK=151 OBSERVED=fdd05ec25bb9aad66b1e4df98373e846 EXPECTED=fdd05ec25bb9aad66b1e4df98373e846
[EXP_G_BLOCK] BLOCK=152 OBSERVED=bc81b79c19651fd302a682219683a398 EXPECTED=bc81b79c19651fd302a682219683a398
[EXP_G_BLOCK] BLOCK=153 OBSERVED=274e28074509bb8e91dfeb38af7255f1 EXPECTED=274e28074509bb8e91dfeb38af7255f1
[EXP_G_BLOCK] BLOCK=154 OBSERVED=c3706b8dd71a5027e2047d118bbe0857 EXPECTED=c3706b8dd71a5027e2047d118bbe0857
[EXP_G_BLOCK] BLOCK=155 OBSERVED=89b6f96d4f600b22240f108bda3c1157 EXPECTED=89b6f96d4f600b22240f108bda3c1157
[EXP_G_BLOCK] BLOCK=156 OBSERVED=1d5b1c39c7f66db19f59eb87aeaecce7 EXPECTED=1d5b1c39c7f66db19f59eb87aeaecce7
[EXP_G_BLOCK] BLOCK=157 OBSERVED=0a395049da4ab163c1c1a6f7ac803095 EXPECTED=0a395049da4ab163c1c1a6f7ac803095
[EXP_G_BLOCK] BLOCK=158 OBSERVED=ef617c98ad3461f633359b70f0b18ac4 EXPECTED=ef617c98ad3461f633359b70f0b18ac4
[EXP_G_BLOCK] BLOCK=159 OBSERVED=5d55d7bff7378d00b831258ec6c752fd EXPECTED=5d55d7bff7378d00b831258ec6c752fd
[EXP_G_BLOCK] BLOCK=160 OBSERVED=366279c5d19e7a248291dc09730d6d8f EXPECTED=366279c5d19e7a248291dc09730d6d8f
[EXP_G_BLOCK] BLOCK=161 OBSERVED=611a56868af739f1048456cd79e45c56 EXPECTED=611a56868af739f1048456cd79e45c56
[EXP_G_BLOCK] BLOCK=162 OBSERVED=0ee860a3d9d4a5fae13939245b536fae EXPECTED=0ee860a3d9d4a5fae13939245b536fae
[EXP_G_BLOCK] BLOCK=163 OBSERVED=7efaffe75f26d22addb4945e95013966 EXPECTED=7efaffe75f26d22addb4945e95013966
[EXP_G_BLOCK] BLOCK=164 OBSERVED=c4798a3fa5fe3756c2c84ac4e9e9cf75 EXPECTED=c4798a3fa5fe3756c2c84ac4e9e9cf75
[EXP_G_BLOCK] BLOCK=165 OBSERVED=63791398d7104ea99b9eecf801d59eb3 EXPECTED=63791398d7104ea99b9eecf801d59eb3
[EXP_G_BLOCK] BLOCK=166 OBSERVED=3a2ae127b566d25fd043f4ae63deab87 EXPECTED=3a2ae127b566d25fd043f4ae63deab87
[EXP_G_BLOCK] BLOCK=167 OBSERVED=26a9d0c454c8450634543c5cbfd9474b EXPECTED=26a9d0c454c8450634543c5cbfd9474b
[EXP_G_BLOCK] BLOCK=168 OBSERVED=ab94e25c6ae286ef0568b96243789dc1 EXPECTED=ab94e25c6ae286ef0568b96243789dc1
[EXP_G_BLOCK] BLOCK=169 OBSERVED=8e6b8594c46a083bddc282b182f62cdb EXPECTED=8e6b8594c46a083bddc282b182f62cdb
[EXP_G_BLOCK] BLOCK=170 OBSERVED=3412d222fd34028cef5ae41350f87d70 EXPECTED=3412d222fd34028cef5ae41350f87d70
[EXP_G_BLOCK] BLOCK=171 OBSERVED=89e3bab6fec90c55a41f7530d4dc5af2 EXPECTED=89e3bab6fec90c55a41f7530d4dc5af2
[EXP_G_BLOCK] BLOCK=172 OBSERVED=6f144f61a9abb75ba6db3777ccc8486f EXPECTED=6f144f61a9abb75ba6db3777ccc8486f
[EXP_G_BLOCK] BLOCK=173 OBSERVED=eb3924600c1c5e6da180488f6181a6cb EXPECTED=eb3924600c1c5e6da180488f6181a6cb
[EXP_G_BLOCK] BLOCK=174 OBSERVED=bfd286e7fed21b3b99825062d5ec10fd EXPECTED=bfd286e7fed21b3b99825062d5ec10fd
[EXP_G_BLOCK] BLOCK=175 OBSERVED=aad1afcf86f812738d03832f77785272 EXPECTED=aad1afcf86f812738d03832f77785272
[EXP_G_BLOCK] BLOCK=176 OBSERVED=13b59a8e9e581908e13ed784be9a09e1 EXPECTED=13b59a8e9e581908e13ed784be9a09e1
[EXP_G_BLOCK] BLOCK=177 OBSERVED=7fe07f76f6fa2078d1f0e3ee37befd13 EXPECTED=7fe07f76f6fa2078d1f0e3ee37befd13
[EXP_G_BLOCK] BLOCK=178 OBSERVED=4362b94ce5baaec5552d0ac0731b6d6f EXPECTED=4362b94ce5baaec5552d0ac0731b6d6f
[EXP_G_BLOCK] BLOCK=179 OBSERVED=c1e9d45de4f7adeee7950cdef4189542 EXPECTED=c1e9d45de4f7adeee7950cdef4189542
[EXP_G_BLOCK] BLOCK=180 OBSERVED=f8673994c5b8bcbd39386de52ee530a2 EXPECTED=f8673994c5b8bcbd39386de52ee530a2
[EXP_G_BLOCK] BLOCK=181 OBSERVED=857c128ed8742f9350f120639a08ceab EXPECTED=857c128ed8742f9350f120639a08ceab
[EXP_G_BLOCK] BLOCK=182 OBSERVED=e178c37bfd74a139a7b307943396d40d EXPECTED=e178c37bfd74a139a7b307943396d40d
[EXP_G_BLOCK] BLOCK=183 OBSERVED=6346a4e6501f94ea136b875bf35a84e5 EXPECTED=6346a4e6501f94ea136b875bf35a84e5
[EXP_G_BLOCK] BLOCK=184 OBSERVED=1918ebace48b4fd7d3157d220e0edb72 EXPECTED=1918ebace48b4fd7d3157d220e0edb72
[EXP_G_BLOCK] BLOCK=185 OBSERVED=0b9ec83dedfea4b2005e28ada002b90f EXPECTED=0b9ec83dedfea4b2005e28ada002b90f
[EXP_G_BLOCK] BLOCK=186 OBSERVED=e925c551ba9ca1297b1feab7147399a4 EXPECTED=e925c551ba9ca1297b1feab7147399a4
[EXP_G_BLOCK] BLOCK=187 OBSERVED=9ea115e63150bd708acc0e3f562ad2c3 EXPECTED=9ea115e63150bd708acc0e3f562ad2c3
[EXP_G_BLOCK] BLOCK=188 OBSERVED=0cf42a8ffba1083606a65cbb8ac5ddb6 EXPECTED=0cf42a8ffba1083606a65cbb8ac5ddb6
[EXP_G_BLOCK] BLOCK=189 OBSERVED=ccdaea9e0ee4f1769eb6af94fb45ee49 EXPECTED=ccdaea9e0ee4f1769eb6af94fb45ee49
[EXP_G_BLOCK] BLOCK=190 OBSERVED=4715b9ef01745bce98b0875da410d62d EXPECTED=4715b9ef01745bce98b0875da410d62d
[EXP_G_BLOCK] BLOCK=191 OBSERVED=c4e4b45b4df95f7447665de058af464e EXPECTED=c4e4b45b4df95f7447665de058af464e
[EXP_G_BLOCK] BLOCK=192 OBSERVED=fda7b8f05ccccc1e4174b97193ef78c4 EXPECTED=fda7b8f05ccccc1e4174b97193ef78c4
[EXP_G_BLOCK] BLOCK=193 OBSERVED=495c9f086c7bdc47b69bdfb84d0e4a75 EXPECTED=495c9f086c7bdc47b69bdfb84d0e4a75
[EXP_G_BLOCK] BLOCK=194 OBSERVED=a0e4c016ccf12b2027ab99ebbe5b3aa3 EXPECTED=a0e4c016ccf12b2027ab99ebbe5b3aa3
[EXP_G_BLOCK] BLOCK=195 OBSERVED=d914abf3aa83151edec843060b359a94 EXPECTED=d914abf3aa83151edec843060b359a94
[EXP_G_BLOCK] BLOCK=196 OBSERVED=f1311b3c2976a67c9cda798df3dd1754 EXPECTED=f1311b3c2976a67c9cda798df3dd1754
[EXP_G_BLOCK] BLOCK=197 OBSERVED=f6e889a4c1c01f7c196e4611fa7a5490 EXPECTED=f6e889a4c1c01f7c196e4611fa7a5490
[EXP_G_BLOCK] BLOCK=198 OBSERVED=733c3bde870cb0fbd3bef756d4584f53 EXPECTED=733c3bde870cb0fbd3bef756d4584f53
[EXP_G_BLOCK] BLOCK=199 OBSERVED=cec8896416ac02abee16ee27b5dfa531 EXPECTED=cec8896416ac02abee16ee27b5dfa531
[EXP_G_BLOCK] BLOCK=200 OBSERVED=5e2e81048876f9c7d25b93e889a93cae EXPECTED=5e2e81048876f9c7d25b93e889a93cae
[EXP_G_BLOCK] BLOCK=201 OBSERVED=a61dd6ddc2e5aa6f2949b517f768df54 EXPECTED=a61dd6ddc2e5aa6f2949b517f768df54
[EXP_G_BLOCK] BLOCK=202 OBSERVED=0704ba61b8fe549088f0db3ad229f372 EXPECTED=0704ba61b8fe549088f0db3ad229f372
[EXP_G_BLOCK] BLOCK=203 OBSERVED=f44b1f92885b05b3ce59499817f063ef EXPECTED=f44b1f92885b05b3ce59499817f063ef
[EXP_G_BLOCK] BLOCK=204 OBSERVED=4e5dbf304dceec8013f8f66f3b401401 EXPECTED=4e5dbf304dceec8013f8f66f3b401401
[EXP_G_BLOCK] BLOCK=205 OBSERVED=27fc5a9b0b535bcc7a688eac04b28a66 EXPECTED=27fc5a9b0b535bcc7a688eac04b28a66
[EXP_G_BLOCK] BLOCK=206 OBSERVED=868fad0856c6ba24be07ecc5d0d910f6 EXPECTED=868fad0856c6ba24be07ecc5d0d910f6
[EXP_G_BLOCK] BLOCK=207 OBSERVED=0ddad593841263e6e9ce28c5b6ce3113 EXPECTED=0ddad593841263e6e9ce28c5b6ce3113
[EXP_G_BLOCK] BLOCK=208 OBSERVED=b24ba426d19c7988ab38ac4f0768bf9b EXPECTED=b24ba426d19c7988ab38ac4f0768bf9b
[EXP_G_BLOCK] BLOCK=209 OBSERVED=24423e209e509991edc00777175abca9 EXPECTED=24423e209e509991edc00777175abca9
[EXP_G_BLOCK] BLOCK=210 OBSERVED=ee22ee56ebb16140ca1a9cd23c9b937a EXPECTED=ee22ee56ebb16140ca1a9cd23c9b937a
[EXP_G_BLOCK] BLOCK=211 OBSERVED=56e7ca6ff4d976ca218680b6fba1e213 EXPECTED=56e7ca6ff4d976ca218680b6fba1e213
[EXP_G_BLOCK] BLOCK=212 OBSERVED=5d9739b77d6d88fed7ce1f0a781624ac EXPECTED=5d9739b77d6d88fed7ce1f0a781624ac
[EXP_G_BLOCK] BLOCK=213 OBSERVED=71bb70b499f2567679bc6fa5a40674df EXPECTED=71bb70b499f2567679bc6fa5a40674df
[EXP_G_BLOCK] BLOCK=214 OBSERVED=14412ddfa180c83b066a03b5332e85f3 EXPECTED=14412ddfa180c83b066a03b5332e85f3
[EXP_G_BLOCK] BLOCK=215 OBSERVED=63000faf6e7232fc8dbd9a560e4d4815 EXPECTED=63000faf6e7232fc8dbd9a560e4d4815
[EXP_G_BLOCK] BLOCK=216 OBSERVED=c70957c2daefb5b879d010656a1ea85c EXPECTED=c70957c2daefb5b879d010656a1ea85c
[EXP_G_BLOCK] BLOCK=217 OBSERVED=6d545925f2b5d2f50f1ab7faedc42947 EXPECTED=6d545925f2b5d2f50f1ab7faedc42947
[EXP_G_BLOCK] BLOCK=218 OBSERVED=b0ee89ad15ccadc8dc40b694ed7deb55 EXPECTED=b0ee89ad15ccadc8dc40b694ed7deb55
[EXP_G_BLOCK] BLOCK=219 OBSERVED=a6ec35da37550df20c45381d8197f58f EXPECTED=a6ec35da37550df20c45381d8197f58f
[EXP_G_BLOCK] BLOCK=220 OBSERVED=8113f051cb662fdedf5e5b15f1f77ad8 EXPECTED=8113f051cb662fdedf5e5b15f1f77ad8
[EXP_G_BLOCK] BLOCK=221 OBSERVED=aaf1c7c5d4517fb3d07af7caa1522254 EXPECTED=aaf1c7c5d4517fb3d07af7caa1522254
[EXP_G_BLOCK] BLOCK=222 OBSERVED=0ea304ff740fe762bd7c19131e47395d EXPECTED=0ea304ff740fe762bd7c19131e47395d
[EXP_G_BLOCK] BLOCK=223 OBSERVED=b4ee8e73ff78a3f16dabbd9ef49304b0 EXPECTED=b4ee8e73ff78a3f16dabbd9ef49304b0
[EXP_G_BLOCK] BLOCK=224 OBSERVED=4ba054c57bda08376dc3d9e61b24758a EXPECTED=4ba054c57bda08376dc3d9e61b24758a
[EXP_G_BLOCK] BLOCK=225 OBSERVED=81394b2574b21e404559f6d43c678ab2 EXPECTED=81394b2574b21e404559f6d43c678ab2
[EXP_G_BLOCK] BLOCK=226 OBSERVED=e1e2ccca7d18b4acb515e69d4d03bb95 EXPECTED=e1e2ccca7d18b4acb515e69d4d03bb95
[EXP_G_BLOCK] BLOCK=227 OBSERVED=9e2c426cd88b1f8b6e4ff1026e2ca531 EXPECTED=9e2c426cd88b1f8b6e4ff1026e2ca531
[EXP_G_BLOCK] BLOCK=228 OBSERVED=311f8363c3a612ee7062800cbd826bd8 EXPECTED=311f8363c3a612ee7062800cbd826bd8
[EXP_G_BLOCK] BLOCK=229 OBSERVED=ee9a3c8b824ee012f257358612517e9d EXPECTED=ee9a3c8b824ee012f257358612517e9d
[EXP_G_BLOCK] BLOCK=230 OBSERVED=32687b3ec9801ec8739f6a808c4d0298 EXPECTED=32687b3ec9801ec8739f6a808c4d0298
[EXP_G_BLOCK] BLOCK=231 OBSERVED=bb40c38f7657bc06a6e3379dfc9c0adc EXPECTED=bb40c38f7657bc06a6e3379dfc9c0adc
[EXP_G_BLOCK] BLOCK=232 OBSERVED=295704ed600dac6bbde07e6c7d3c3e74 EXPECTED=295704ed600dac6bbde07e6c7d3c3e74
[EXP_G_BLOCK] BLOCK=233 OBSERVED=159eb6cf848e157770fe824d61618eb4 EXPECTED=159eb6cf848e157770fe824d61618eb4
[EXP_G_BLOCK] BLOCK=234 OBSERVED=6de3f97f543428ff61fd38812f71893f EXPECTED=6de3f97f543428ff61fd38812f71893f
[EXP_G_BLOCK] BLOCK=235 OBSERVED=7bd61e3b85493b66887fdebf8dbe7080 EXPECTED=7bd61e3b85493b66887fdebf8dbe7080
[EXP_G_BLOCK] BLOCK=236 OBSERVED=11e9cedb763bb09cc2190e14130d4006 EXPECTED=11e9cedb763bb09cc2190e14130d4006
[EXP_G_BLOCK] BLOCK=237 OBSERVED=155e90c399b2a1737c5a93c0010fbe0c EXPECTED=155e90c399b2a1737c5a93c0010fbe0c
[EXP_G_BLOCK] BLOCK=238 OBSERVED=21d541ac9925207ebdcc0265c004c3a3 EXPECTED=21d541ac9925207ebdcc0265c004c3a3
[EXP_G_BLOCK] BLOCK=239 OBSERVED=ee3a1faa25cebfa5369bb4f4383d04cf EXPECTED=ee3a1faa25cebfa5369bb4f4383d04cf
[EXP_G_BLOCK] BLOCK=240 OBSERVED=01e11145008558416a2d20f4fddf0577 EXPECTED=01e11145008558416a2d20f4fddf0577
[EXP_G_BLOCK] BLOCK=241 OBSERVED=2f3cec3415c94980a56cf08941f1ad4d EXPECTED=2f3cec3415c94980a56cf08941f1ad4d
[EXP_G_BLOCK] BLOCK=242 OBSERVED=7c680f598e7295dce304fb720b1ff07d EXPECTED=7c680f598e7295dce304fb720b1ff07d
[EXP_G_BLOCK] BLOCK=243 OBSERVED=ebae259c30e92acbc2f87f7e17c7ded3 EXPECTED=ebae259c30e92acbc2f87f7e17c7ded3
[EXP_G_BLOCK] BLOCK=244 OBSERVED=6d40f2023ecd3c4c558344d69cd12afc EXPECTED=6d40f2023ecd3c4c558344d69cd12afc
[EXP_G_BLOCK] BLOCK=245 OBSERVED=6cba13894c6cf4cd6eb912d8458bf736 EXPECTED=6cba13894c6cf4cd6eb912d8458bf736
[EXP_G_BLOCK] BLOCK=246 OBSERVED=a732ec3ac79e3c7f9faa8f8c806d97e9 EXPECTED=a732ec3ac79e3c7f9faa8f8c806d97e9
[EXP_G_BLOCK] BLOCK=247 OBSERVED=40071b222596e71df76c9f5c018495ef EXPECTED=40071b222596e71df76c9f5c018495ef
[EXP_G_BLOCK] BLOCK=248 OBSERVED=d811446a990f48570e8f917196061c72 EXPECTED=d811446a990f48570e8f917196061c72
[EXP_G_BLOCK] BLOCK=249 OBSERVED=0bc5fffd097743a13b078bbc99c6b32c EXPECTED=0bc5fffd097743a13b078bbc99c6b32c
[EXP_G_BLOCK] BLOCK=250 OBSERVED=5e40eb616915fc85d19941cb990f6159 EXPECTED=5e40eb616915fc85d19941cb990f6159
[EXP_G_BLOCK] BLOCK=251 OBSERVED=11fde879dd1f657cb110e7a73c8f6727 EXPECTED=11fde879dd1f657cb110e7a73c8f6727
[EXP_G_BLOCK] BLOCK=252 OBSERVED=0a6805e007a736f1a7fae4b87ec12fbe EXPECTED=0a6805e007a736f1a7fae4b87ec12fbe
[EXP_G_BLOCK] BLOCK=253 OBSERVED=5f1dc53ea2f7b6d7cde4da266f15d5ce EXPECTED=5f1dc53ea2f7b6d7cde4da266f15d5ce
[EXP_G_BLOCK] BLOCK=254 OBSERVED=8acabf0b3c41432562e4b1b7127cec9f EXPECTED=8acabf0b3c41432562e4b1b7127cec9f
[EXP_G_BLOCK] BLOCK=255 OBSERVED=3736141f684f060b51305a9079560f4f EXPECTED=3736141f684f060b51305a9079560f4f
[EXP_G_BLOCK] BLOCK=256 OBSERVED=63b17795aa1cc31c18f623aafd3ed01c EXPECTED=63b17795aa1cc31c18f623aafd3ed01c
$finish called at time : 52028062500 ps : File "F:/advance_topic/UTE-PAPER/Experiment_G/payload_scaling/generated/RV32IMB/tb_expG_scale_rv32imb_4kib_cbc.v" Line 266
run: Time (s): cpu = 00:00:00 ; elapsed = 00:00:17 . Memory (MB): peak = 194.691 ; gain = 0.000
exit
INFO: xsimkernel Simulation Memory Usage: 29676 KB (Peak: 29676 KB), Simulation CPU Usage: 17436 ms
INFO: [Common 17-206] Exiting xsim at Sat Oct 10 10:13:15 2026...
