
Discarded input sections

 .text          0x00000000        0x0 C:\Users\GIGABYTE\AppData\Local\Temp\ccw529Lf.o
 .data          0x00000000        0x0 C:\Users\GIGABYTE\AppData\Local\Temp\ccw529Lf.o
 .bss           0x00000000        0x0 C:\Users\GIGABYTE\AppData\Local\Temp\ccw529Lf.o
 .text          0x00000000        0x0 C:\Users\GIGABYTE\AppData\Local\Temp\ccAMKDZp.o
 .data          0x00000000        0x0 C:\Users\GIGABYTE\AppData\Local\Temp\ccAMKDZp.o
 .bss           0x00000000        0x0 C:\Users\GIGABYTE\AppData\Local\Temp\ccAMKDZp.o

Memory Configuration

Name             Origin             Length             Attributes
RAM              0x00000000         0x0000e000         xrw
*default*        0x00000000         0xffffffff

Linker script and memory map

LOAD C:\Users\GIGABYTE\AppData\Local\Temp\ccw529Lf.o
LOAD C:\Users\GIGABYTE\AppData\Local\Temp\ccAMKDZp.o
                0x00000000                        . = ORIGIN (RAM)

.text           0x00000000      0x644
 *(.init)
 .init          0x00000000       0x10 C:\Users\GIGABYTE\AppData\Local\Temp\ccw529Lf.o
                0x00000000                _start
 *(.text .text.*)
 .text.shift_rows
                0x00000010       0xa8 C:\Users\GIGABYTE\AppData\Local\Temp\ccAMKDZp.o
 .text.startup.main
                0x000000b8      0x58c C:\Users\GIGABYTE\AppData\Local\Temp\ccAMKDZp.o
                0x000000b8                main

.rodata         0x00000644      0x5ac
 *(.rodata .rodata.*)
 .rodata.iv     0x00000644       0x40 C:\Users\GIGABYTE\AppData\Local\Temp\ccAMKDZp.o
 .rodata.plaintext_seed
                0x00000684      0x100 C:\Users\GIGABYTE\AppData\Local\Temp\ccAMKDZp.o
 .rodata.key    0x00000784       0x40 C:\Users\GIGABYTE\AppData\Local\Temp\ccAMKDZp.o
 .rodata.rcon   0x000007c4       0x2c C:\Users\GIGABYTE\AppData\Local\Temp\ccAMKDZp.o
 .rodata.sbox   0x000007f0      0x400 C:\Users\GIGABYTE\AppData\Local\Temp\ccAMKDZp.o

.rela.dyn       0x00000bf0        0x0
 .rela.init     0x00000bf0        0x0 C:\Users\GIGABYTE\AppData\Local\Temp\ccw529Lf.o

.data
 *(.data .data.*)

.bss            0x00000bf0       0x44
                0x00000bf0                        __bss_start = .
 *(.bss .bss.* COMMON)
 .bss.exp_g_errors
                0x00000bf0        0x4 C:\Users\GIGABYTE\AppData\Local\Temp\ccAMKDZp.o
                0x00000bf0                exp_g_errors
 .bss.exp_g_output
                0x00000bf4       0x40 C:\Users\GIGABYTE\AppData\Local\Temp\ccAMKDZp.o
                0x00000bf4                exp_g_output
                0x00000c34                        __bss_end = .
                0x00000c40                        . = ALIGN (0x10)
                0x00000c40                        _end = .
                0x0000e000                        _stack_top = (ORIGIN (RAM) + LENGTH (RAM))
                0x00000001                        ASSERT ((_end < 0xd000), Experiment G image overlaps the reserved stack area)
OUTPUT(F:\advance_topic\UTE-PAPER\Experiment_G\payload_scaling\build\expG_16B_CFB128.elf elf32-littleriscv)

.riscv.attributes
                0x00000000       0x1c
 .riscv.attributes
                0x00000000       0x1a C:\Users\GIGABYTE\AppData\Local\Temp\ccw529Lf.o
 .riscv.attributes
                0x0000001a       0x1c C:\Users\GIGABYTE\AppData\Local\Temp\ccAMKDZp.o

.comment        0x00000000       0x33
 .comment       0x00000000       0x33 C:\Users\GIGABYTE\AppData\Local\Temp\ccAMKDZp.o
                                 0x34 (size before relaxing)

.note.GNU-stack
                0x00000000        0x0
 .note.GNU-stack
                0x00000000        0x0 C:\Users\GIGABYTE\AppData\Local\Temp\ccAMKDZp.o
